<html>
<body>
<pre>
<h1>µVision Build Log</h1>
<h2>Tool Versions:</h2>
IDE-Version: ¦ÌVision V5.20.0.0
Copyright (C) 2016 ARM Ltd and ARM Germany GmbH. All rights reserved.
License Information: cky Microsoft, Microsoft, LIC=MPPPC-7NF9B-45VT5-GD9HJ-QF68I-FPI5F
 
Tool Versions:
Toolchain:       MDK-ARM Plus  Version: 5.20
Toolchain Path:  D:\MDK\install\ARM\ARMCC\Bin
C Compiler:      Armcc.exe V5.06 update 2 (build 183)
Assembler:       Armasm.exe V5.06 update 2 (build 183)
Linker/Locator:  ArmLink.exe V5.06 update 2 (build 183)
Library Manager: ArmAr.exe V5.06 update 2 (build 183)
Hex Converter:   FromElf.exe V5.06 update 2 (build 183)
CPU DLL:         SARMCM3.DLL V5.20
Dialog DLL:      DCM.DLL V1.13.7.0
Target DLL:      Segger\JL2CM3.dll V2.99.20.0
Dialog DLL:      TCM.DLL V1.14.9.0
 
<h2>Project:</h2>
E:\MyWork\STM32F37x\LEDTest\proj\LED.uvprojx
Project File Date:  12/24/2015

<h2>Output:</h2>
*** Using Compiler 'V5.06 update 2 (build 183)', folder: 'D:\MDK\install\ARM\ARMCC\Bin'
Build target 'target'
compiling system_stm32f37x.c...
compiling stm32f37x_it.c...
compiling main.c...
compiling stm32f37x_gpio.c...
compiling LED.c...
compiling stm32f37x_misc.c...
compiling stm32f37x_syscfg.c...
compiling stm32f37x_rcc.c...
linking...
Program Size: Code=29008 RO-data=3124 RW-data=116 ZI-data=9444  
After Build - User command #1: D:\MDK\install\ARM\ARMCC\bin\fromelf.exe --bin -o .\test.bin .\Objects\LED.axf
".\Objects\LED.axf" - 0 Error(s), 0 Warning(s).

<h2>Collection of Component include folders:</h2>
  E:\MyWork\STM32F37x\LEDTest\proj\RTE
  D:\MDK\install\ARM\PACK\Keil\STM32F3xx_DFP\1.2.0\Device\Include

<h2>Collection of Component Files used:</h2>
Build Time Elapsed:  00:00:06
</pre>
</body>
</html>
