Component: ARM Compiler 5.05 update 2 (build 169) Tool: armlink [4d0f33]

==============================================================================

Section Cross References

    startup_stm32f37x.o(RESET) refers to startup_stm32f37x.o(STACK) for __initial_sp
    startup_stm32f37x.o(RESET) refers to startup_stm32f37x.o(.text) for Reset_Handler
    startup_stm32f37x.o(RESET) refers to stm32f37x_it.o(i.NMI_Handler) for NMI_Handler
    startup_stm32f37x.o(RESET) refers to stm32f37x_it.o(i.HardFault_Handler) for HardFault_Handler
    startup_stm32f37x.o(RESET) refers to stm32f37x_it.o(i.MemManage_Handler) for MemManage_Handler
    startup_stm32f37x.o(RESET) refers to stm32f37x_it.o(i.BusFault_Handler) for BusFault_Handler
    startup_stm32f37x.o(RESET) refers to stm32f37x_it.o(i.UsageFault_Handler) for UsageFault_Handler
    startup_stm32f37x.o(RESET) refers to stm32f37x_it.o(i.SVC_Handler) for SVC_Handler
    startup_stm32f37x.o(RESET) refers to stm32f37x_it.o(i.DebugMon_Handler) for DebugMon_Handler
    startup_stm32f37x.o(RESET) refers to stm32f37x_it.o(i.PendSV_Handler) for PendSV_Handler
    startup_stm32f37x.o(RESET) refers to stm32f37x_it.o(i.SysTick_Handler) for SysTick_Handler
    startup_stm32f37x.o(.text) refers to system_stm32f37x.o(i.SystemInit) for SystemInit
    startup_stm32f37x.o(.text) refers to entry.o(.ARM.Collect$$$$00000000) for __main
    main.o(i.main) refers to delay.o(i.Delay_Init) for Delay_Init
    main.o(i.main) refers to led.o(i.LED_Init) for LED_Init
    main.o(i.main) refers to uart.o(i.UART_Init) for UART_Init
    main.o(i.main) refers to mpu6050.o(i.MPU6050_Init) for MPU6050_Init
    main.o(i.main) refers to mpu6050.o(i.MPU6050_GetID) for MPU6050_GetID
    main.o(i.main) refers to printf5.o(i.__0printf$5) for __2printf
    main.o(i.main) refers to mpu6050.o(i.MPU6050_Correct) for MPU6050_Correct
    main.o(i.main) refers to delay.o(i.Delay_ms) for Delay_ms
    main.o(i.main) refers to main.o(.bss) for MPU6050_InitStruct
    main.o(i.main) refers to main.o(.data) for GyroOffset
    system_stm32f37x.o(i.SystemCoreClockUpdate) refers to system_stm32f37x.o(.data) for SystemCoreClock
    system_stm32f37x.o(i.SystemInit) refers to system_stm32f37x.o(i.SetSysClock) for SetSysClock
    uart.o(i.UART_Init) refers to stm32f37x_rcc.o(i.RCC_AHBPeriphClockCmd) for RCC_AHBPeriphClockCmd
    uart.o(i.UART_Init) refers to stm32f37x_rcc.o(i.RCC_APB2PeriphClockCmd) for RCC_APB2PeriphClockCmd
    uart.o(i.UART_Init) refers to stm32f37x_gpio.o(i.GPIO_PinAFConfig) for GPIO_PinAFConfig
    uart.o(i.UART_Init) refers to stm32f37x_gpio.o(i.GPIO_Init) for GPIO_Init
    uart.o(i.UART_Init) refers to stm32f37x_usart.o(i.USART_Init) for USART_Init
    uart.o(i.UART_Init) refers to stm32f37x_usart.o(i.USART_Cmd) for USART_Cmd
    uart.o(i.UART_Init) refers to stm32f37x_usart.o(i.USART_ClearFlag) for USART_ClearFlag
    uart.o(i.fputc) refers to stm32f37x_usart.o(i.USART_SendData) for USART_SendData
    uart.o(i.fputc) refers to stm32f37x_usart.o(i.USART_GetFlagStatus) for USART_GetFlagStatus
    delay.o(i.Delay_Init) refers to stm32f37x_misc.o(i.SysTick_CLKSourceConfig) for SysTick_CLKSourceConfig
    delay.o(i.Delay_Init) refers to delay.o(.data) for Us
    delay.o(i.Delay_lms) refers to delay.o(i.Delay_ms) for Delay_ms
    delay.o(i.Delay_ms) refers to delay.o(.data) for Ms
    delay.o(i.Delay_us) refers to delay.o(.data) for Us
    led.o(i.LED_Init) refers to stm32f37x_rcc.o(i.RCC_APB2PeriphClockCmd) for RCC_APB2PeriphClockCmd
    led.o(i.LED_Init) refers to stm32f37x_rcc.o(i.RCC_AHBPeriphClockCmd) for RCC_AHBPeriphClockCmd
    led.o(i.LED_Init) refers to stm32f37x_gpio.o(i.GPIO_Init) for GPIO_Init
    mpu6050.o(i.I2C_Ack) refers to stm32f37x_gpio.o(i.GPIO_ResetBits) for GPIO_ResetBits
    mpu6050.o(i.I2C_Ack) refers to mpu6050.o(i.I2C_delay) for I2C_delay
    mpu6050.o(i.I2C_Ack) refers to stm32f37x_gpio.o(i.GPIO_SetBits) for GPIO_SetBits
    mpu6050.o(i.I2C_NoAck) refers to stm32f37x_gpio.o(i.GPIO_ResetBits) for GPIO_ResetBits
    mpu6050.o(i.I2C_NoAck) refers to mpu6050.o(i.I2C_delay) for I2C_delay
    mpu6050.o(i.I2C_NoAck) refers to stm32f37x_gpio.o(i.GPIO_SetBits) for GPIO_SetBits
    mpu6050.o(i.I2C_ReadByte) refers to stm32f37x_gpio.o(i.GPIO_SetBits) for GPIO_SetBits
    mpu6050.o(i.I2C_ReadByte) refers to stm32f37x_gpio.o(i.GPIO_ResetBits) for GPIO_ResetBits
    mpu6050.o(i.I2C_ReadByte) refers to mpu6050.o(i.I2C_delay) for I2C_delay
    mpu6050.o(i.I2C_ReadByte) refers to stm32f37x_gpio.o(i.GPIO_ReadInputDataBit) for GPIO_ReadInputDataBit
    mpu6050.o(i.I2C_ReadDataBuffer) refers to mpu6050.o(i.I2C_ReadDeviceRegister) for I2C_ReadDeviceRegister
    mpu6050.o(i.I2C_ReadDeviceRegister) refers to mpu6050.o(i.I2C_START) for I2C_START
    mpu6050.o(i.I2C_ReadDeviceRegister) refers to mpu6050.o(i.I2C_SendByte) for I2C_SendByte
    mpu6050.o(i.I2C_ReadDeviceRegister) refers to mpu6050.o(i.I2C_WaitAck) for I2C_WaitAck
    mpu6050.o(i.I2C_ReadDeviceRegister) refers to mpu6050.o(i.I2C_STOP) for I2C_STOP
    mpu6050.o(i.I2C_ReadDeviceRegister) refers to mpu6050.o(i.I2C_ReadByte) for I2C_ReadByte
    mpu6050.o(i.I2C_ReadDeviceRegister) refers to mpu6050.o(i.I2C_NoAck) for I2C_NoAck
    mpu6050.o(i.I2C_ReadDeviceRegisterLength) refers to mpu6050.o(i.I2C_START) for I2C_START
    mpu6050.o(i.I2C_ReadDeviceRegisterLength) refers to mpu6050.o(i.I2C_SendByte) for I2C_SendByte
    mpu6050.o(i.I2C_ReadDeviceRegisterLength) refers to mpu6050.o(i.I2C_WaitAck) for I2C_WaitAck
    mpu6050.o(i.I2C_ReadDeviceRegisterLength) refers to mpu6050.o(i.I2C_STOP) for I2C_STOP
    mpu6050.o(i.I2C_ReadDeviceRegisterLength) refers to mpu6050.o(i.I2C_ReadByte) for I2C_ReadByte
    mpu6050.o(i.I2C_ReadDeviceRegisterLength) refers to mpu6050.o(i.I2C_NoAck) for I2C_NoAck
    mpu6050.o(i.I2C_ReadDeviceRegisterLength) refers to mpu6050.o(i.I2C_Ack) for I2C_Ack
    mpu6050.o(i.I2C_START) refers to stm32f37x_gpio.o(i.GPIO_SetBits) for GPIO_SetBits
    mpu6050.o(i.I2C_START) refers to mpu6050.o(i.I2C_delay) for I2C_delay
    mpu6050.o(i.I2C_START) refers to stm32f37x_gpio.o(i.GPIO_ReadInputDataBit) for GPIO_ReadInputDataBit
    mpu6050.o(i.I2C_START) refers to stm32f37x_gpio.o(i.GPIO_ResetBits) for GPIO_ResetBits
    mpu6050.o(i.I2C_STOP) refers to stm32f37x_gpio.o(i.GPIO_ResetBits) for GPIO_ResetBits
    mpu6050.o(i.I2C_STOP) refers to mpu6050.o(i.I2C_delay) for I2C_delay
    mpu6050.o(i.I2C_STOP) refers to stm32f37x_gpio.o(i.GPIO_SetBits) for GPIO_SetBits
    mpu6050.o(i.I2C_SendByte) refers to stm32f37x_gpio.o(i.GPIO_ResetBits) for GPIO_ResetBits
    mpu6050.o(i.I2C_SendByte) refers to mpu6050.o(i.I2C_delay) for I2C_delay
    mpu6050.o(i.I2C_SendByte) refers to stm32f37x_gpio.o(i.GPIO_SetBits) for GPIO_SetBits
    mpu6050.o(i.I2C_WaitAck) refers to stm32f37x_gpio.o(i.GPIO_ResetBits) for GPIO_ResetBits
    mpu6050.o(i.I2C_WaitAck) refers to mpu6050.o(i.I2C_delay) for I2C_delay
    mpu6050.o(i.I2C_WaitAck) refers to stm32f37x_gpio.o(i.GPIO_SetBits) for GPIO_SetBits
    mpu6050.o(i.I2C_WaitAck) refers to stm32f37x_gpio.o(i.GPIO_ReadInputDataBit) for GPIO_ReadInputDataBit
    mpu6050.o(i.I2C_WriteDeviceRegister) refers to mpu6050.o(i.I2C_START) for I2C_START
    mpu6050.o(i.I2C_WriteDeviceRegister) refers to mpu6050.o(i.I2C_SendByte) for I2C_SendByte
    mpu6050.o(i.I2C_WriteDeviceRegister) refers to mpu6050.o(i.I2C_WaitAck) for I2C_WaitAck
    mpu6050.o(i.I2C_WriteDeviceRegister) refers to mpu6050.o(i.I2C_STOP) for I2C_STOP
    mpu6050.o(i.I2C_WriteDeviceRegisterLength) refers to mpu6050.o(i.I2C_START) for I2C_START
    mpu6050.o(i.I2C_WriteDeviceRegisterLength) refers to mpu6050.o(i.I2C_SendByte) for I2C_SendByte
    mpu6050.o(i.I2C_WriteDeviceRegisterLength) refers to mpu6050.o(i.I2C_WaitAck) for I2C_WaitAck
    mpu6050.o(i.I2C_WriteDeviceRegisterLength) refers to mpu6050.o(i.I2C_STOP) for I2C_STOP
    mpu6050.o(i.MPU6050_Correct) refers to mpu6050.o(i.I2C_ReadDataBuffer) for I2C_ReadDataBuffer
    mpu6050.o(i.MPU6050_Correct) refers to delay.o(i.Delay_ms) for Delay_ms
    mpu6050.o(i.MPU6050_GetAcceX) refers to mpu6050.o(i.I2C_ReadDataBuffer) for I2C_ReadDataBuffer
    mpu6050.o(i.MPU6050_GetAcceY) refers to mpu6050.o(i.I2C_ReadDataBuffer) for I2C_ReadDataBuffer
    mpu6050.o(i.MPU6050_GetAcceZ) refers to mpu6050.o(i.I2C_ReadDataBuffer) for I2C_ReadDataBuffer
    mpu6050.o(i.MPU6050_GetGyroX) refers to mpu6050.o(i.I2C_ReadDataBuffer) for I2C_ReadDataBuffer
    mpu6050.o(i.MPU6050_GetGyroY) refers to mpu6050.o(i.I2C_ReadDataBuffer) for I2C_ReadDataBuffer
    mpu6050.o(i.MPU6050_GetGyroZ) refers to mpu6050.o(i.I2C_ReadDataBuffer) for I2C_ReadDataBuffer
    mpu6050.o(i.MPU6050_GetID) refers to mpu6050.o(i.I2C_ReadDeviceRegister) for I2C_ReadDeviceRegister
    mpu6050.o(i.MPU6050_INT_Init) refers to mpu6050.o(i.I2C_WriteDeviceRegister) for I2C_WriteDeviceRegister
    mpu6050.o(i.MPU6050_Init) refers to mpu6050.o(i.MPU6050_LowLevel_Init) for MPU6050_LowLevel_Init
    mpu6050.o(i.MPU6050_Init) refers to mpu6050.o(i.MPU6050_Reset) for MPU6050_Reset
    mpu6050.o(i.MPU6050_Init) refers to delay.o(i.Delay_ms) for Delay_ms
    mpu6050.o(i.MPU6050_Init) refers to mpu6050.o(i.I2C_WriteDeviceRegister) for I2C_WriteDeviceRegister
    mpu6050.o(i.MPU6050_LowLevel_Init) refers to stm32f37x_rcc.o(i.RCC_AHBPeriphClockCmd) for RCC_AHBPeriphClockCmd
    mpu6050.o(i.MPU6050_LowLevel_Init) refers to stm32f37x_rcc.o(i.RCC_APB2PeriphClockCmd) for RCC_APB2PeriphClockCmd
    mpu6050.o(i.MPU6050_LowLevel_Init) refers to stm32f37x_gpio.o(i.GPIO_Init) for GPIO_Init
    mpu6050.o(i.MPU6050_Reset) refers to mpu6050.o(i.I2C_WriteDeviceRegister) for I2C_WriteDeviceRegister
    stm32f37x_gpio.o(i.GPIO_DeInit) refers to stm32f37x_rcc.o(i.RCC_AHBPeriphResetCmd) for RCC_AHBPeriphResetCmd
    stm32f37x_rcc.o(i.RCC_GetClocksFreq) refers to stm32f37x_rcc.o(.data) for APBAHBPrescTable
    stm32f37x_rcc.o(i.RCC_WaitForHSEStartUp) refers to stm32f37x_rcc.o(i.RCC_GetFlagStatus) for RCC_GetFlagStatus
    stm32f37x_usart.o(i.USART_DeInit) refers to stm32f37x_rcc.o(i.RCC_APB2PeriphResetCmd) for RCC_APB2PeriphResetCmd
    stm32f37x_usart.o(i.USART_DeInit) refers to stm32f37x_rcc.o(i.RCC_APB1PeriphResetCmd) for RCC_APB1PeriphResetCmd
    stm32f37x_usart.o(i.USART_Init) refers to stm32f37x_rcc.o(i.RCC_GetClocksFreq) for RCC_GetClocksFreq
    stm32f37x_i2c.o(i.I2C_DeInit) refers to stm32f37x_rcc.o(i.RCC_APB1PeriphResetCmd) for RCC_APB1PeriphResetCmd
    entry.o(.ARM.Collect$$$$00000000) refers (Special) to entry10a.o(.ARM.Collect$$$$0000000D) for __rt_final_cpp
    entry.o(.ARM.Collect$$$$00000000) refers (Special) to entry11a.o(.ARM.Collect$$$$0000000F) for __rt_final_exit
    entry.o(.ARM.Collect$$$$00000000) refers (Special) to entry7b.o(.ARM.Collect$$$$00000008) for _main_clock
    entry.o(.ARM.Collect$$$$00000000) refers (Special) to entry8b.o(.ARM.Collect$$$$0000000A) for _main_cpp_init
    entry.o(.ARM.Collect$$$$00000000) refers (Special) to entry9a.o(.ARM.Collect$$$$0000000B) for _main_init
    entry.o(.ARM.Collect$$$$00000000) refers (Special) to entry5.o(.ARM.Collect$$$$00000004) for _main_scatterload
    entry.o(.ARM.Collect$$$$00000000) refers (Special) to entry2.o(.ARM.Collect$$$$00000001) for _main_stk
    printfb.o(i.__0fprintf$bare) refers to printfb.o(i._printf_core) for _printf_core
    printfb.o(i.__0fprintf$bare) refers to uart.o(i.fputc) for fputc
    printfb.o(i.__0printf$bare) refers to printfb.o(i._printf_core) for _printf_core
    printfb.o(i.__0printf$bare) refers to uart.o(i.fputc) for fputc
    printfb.o(i.__0printf$bare) refers to stdout.o(.data) for __stdout
    printfb.o(i.__0snprintf$bare) refers to printfb.o(i._printf_core) for _printf_core
    printfb.o(i.__0snprintf$bare) refers to printfb.o(i._snputc) for _snputc
    printfb.o(i.__0sprintf$bare) refers to printfb.o(i._printf_core) for _printf_core
    printfb.o(i.__0sprintf$bare) refers to printfb.o(i._sputc) for _sputc
    printfb.o(i.__0vfprintf$bare) refers to printfb.o(i._printf_core) for _printf_core
    printfb.o(i.__0vfprintf$bare) refers to uart.o(i.fputc) for fputc
    printfb.o(i.__0vprintf$bare) refers to printfb.o(i._printf_core) for _printf_core
    printfb.o(i.__0vprintf$bare) refers to uart.o(i.fputc) for fputc
    printfb.o(i.__0vprintf$bare) refers to stdout.o(.data) for __stdout
    printfb.o(i.__0vsnprintf$bare) refers to printfb.o(i._printf_core) for _printf_core
    printfb.o(i.__0vsnprintf$bare) refers to printfb.o(i._snputc) for _snputc
    printfb.o(i.__0vsprintf$bare) refers to printfb.o(i._printf_core) for _printf_core
    printfb.o(i.__0vsprintf$bare) refers to printfb.o(i._sputc) for _sputc
    printf0.o(i.__0fprintf$0) refers to printf0.o(i._printf_core) for _printf_core
    printf0.o(i.__0fprintf$0) refers to uart.o(i.fputc) for fputc
    printf0.o(i.__0printf$0) refers to printf0.o(i._printf_core) for _printf_core
    printf0.o(i.__0printf$0) refers to uart.o(i.fputc) for fputc
    printf0.o(i.__0printf$0) refers to stdout.o(.data) for __stdout
    printf0.o(i.__0snprintf$0) refers to printf0.o(i._printf_core) for _printf_core
    printf0.o(i.__0snprintf$0) refers to printf0.o(i._snputc) for _snputc
    printf0.o(i.__0sprintf$0) refers to printf0.o(i._printf_core) for _printf_core
    printf0.o(i.__0sprintf$0) refers to printf0.o(i._sputc) for _sputc
    printf0.o(i.__0vfprintf$0) refers to printf0.o(i._printf_core) for _printf_core
    printf0.o(i.__0vfprintf$0) refers to uart.o(i.fputc) for fputc
    printf0.o(i.__0vprintf$0) refers to printf0.o(i._printf_core) for _printf_core
    printf0.o(i.__0vprintf$0) refers to uart.o(i.fputc) for fputc
    printf0.o(i.__0vprintf$0) refers to stdout.o(.data) for __stdout
    printf0.o(i.__0vsnprintf$0) refers to printf0.o(i._printf_core) for _printf_core
    printf0.o(i.__0vsnprintf$0) refers to printf0.o(i._snputc) for _snputc
    printf0.o(i.__0vsprintf$0) refers to printf0.o(i._printf_core) for _printf_core
    printf0.o(i.__0vsprintf$0) refers to printf0.o(i._sputc) for _sputc
    printf1.o(i.__0fprintf$1) refers to printf1.o(i._printf_core) for _printf_core
    printf1.o(i.__0fprintf$1) refers to uart.o(i.fputc) for fputc
    printf1.o(i.__0printf$1) refers to printf1.o(i._printf_core) for _printf_core
    printf1.o(i.__0printf$1) refers to uart.o(i.fputc) for fputc
    printf1.o(i.__0printf$1) refers to stdout.o(.data) for __stdout
    printf1.o(i.__0snprintf$1) refers to printf1.o(i._printf_core) for _printf_core
    printf1.o(i.__0snprintf$1) refers to printf1.o(i._snputc) for _snputc
    printf1.o(i.__0sprintf$1) refers to printf1.o(i._printf_core) for _printf_core
    printf1.o(i.__0sprintf$1) refers to printf1.o(i._sputc) for _sputc
    printf1.o(i.__0vfprintf$1) refers to printf1.o(i._printf_core) for _printf_core
    printf1.o(i.__0vfprintf$1) refers to uart.o(i.fputc) for fputc
    printf1.o(i.__0vprintf$1) refers to printf1.o(i._printf_core) for _printf_core
    printf1.o(i.__0vprintf$1) refers to uart.o(i.fputc) for fputc
    printf1.o(i.__0vprintf$1) refers to stdout.o(.data) for __stdout
    printf1.o(i.__0vsnprintf$1) refers to printf1.o(i._printf_core) for _printf_core
    printf1.o(i.__0vsnprintf$1) refers to printf1.o(i._snputc) for _snputc
    printf1.o(i.__0vsprintf$1) refers to printf1.o(i._printf_core) for _printf_core
    printf1.o(i.__0vsprintf$1) refers to printf1.o(i._sputc) for _sputc
    printf1.o(i._printf_core) refers to uidiv.o(.text) for __aeabi_uidivmod
    printf2.o(i.__0fprintf$2) refers to printf2.o(i._printf_core) for _printf_core
    printf2.o(i.__0fprintf$2) refers to uart.o(i.fputc) for fputc
    printf2.o(i.__0printf$2) refers to printf2.o(i._printf_core) for _printf_core
    printf2.o(i.__0printf$2) refers to uart.o(i.fputc) for fputc
    printf2.o(i.__0printf$2) refers to stdout.o(.data) for __stdout
    printf2.o(i.__0snprintf$2) refers to printf2.o(i._printf_core) for _printf_core
    printf2.o(i.__0snprintf$2) refers to printf2.o(i._snputc) for _snputc
    printf2.o(i.__0sprintf$2) refers to printf2.o(i._printf_core) for _printf_core
    printf2.o(i.__0sprintf$2) refers to printf2.o(i._sputc) for _sputc
    printf2.o(i.__0vfprintf$2) refers to printf2.o(i._printf_core) for _printf_core
    printf2.o(i.__0vfprintf$2) refers to uart.o(i.fputc) for fputc
    printf2.o(i.__0vprintf$2) refers to printf2.o(i._printf_core) for _printf_core
    printf2.o(i.__0vprintf$2) refers to uart.o(i.fputc) for fputc
    printf2.o(i.__0vprintf$2) refers to stdout.o(.data) for __stdout
    printf2.o(i.__0vsnprintf$2) refers to printf2.o(i._printf_core) for _printf_core
    printf2.o(i.__0vsnprintf$2) refers to printf2.o(i._snputc) for _snputc
    printf2.o(i.__0vsprintf$2) refers to printf2.o(i._printf_core) for _printf_core
    printf2.o(i.__0vsprintf$2) refers to printf2.o(i._sputc) for _sputc
    printf3.o(i.__0fprintf$3) refers to printf3.o(i._printf_core) for _printf_core
    printf3.o(i.__0fprintf$3) refers to uart.o(i.fputc) for fputc
    printf3.o(i.__0printf$3) refers to printf3.o(i._printf_core) for _printf_core
    printf3.o(i.__0printf$3) refers to uart.o(i.fputc) for fputc
    printf3.o(i.__0printf$3) refers to stdout.o(.data) for __stdout
    printf3.o(i.__0snprintf$3) refers to printf3.o(i._printf_core) for _printf_core
    printf3.o(i.__0snprintf$3) refers to printf3.o(i._snputc) for _snputc
    printf3.o(i.__0sprintf$3) refers to printf3.o(i._printf_core) for _printf_core
    printf3.o(i.__0sprintf$3) refers to printf3.o(i._sputc) for _sputc
    printf3.o(i.__0vfprintf$3) refers to printf3.o(i._printf_core) for _printf_core
    printf3.o(i.__0vfprintf$3) refers to uart.o(i.fputc) for fputc
    printf3.o(i.__0vprintf$3) refers to printf3.o(i._printf_core) for _printf_core
    printf3.o(i.__0vprintf$3) refers to uart.o(i.fputc) for fputc
    printf3.o(i.__0vprintf$3) refers to stdout.o(.data) for __stdout
    printf3.o(i.__0vsnprintf$3) refers to printf3.o(i._printf_core) for _printf_core
    printf3.o(i.__0vsnprintf$3) refers to printf3.o(i._snputc) for _snputc
    printf3.o(i.__0vsprintf$3) refers to printf3.o(i._printf_core) for _printf_core
    printf3.o(i.__0vsprintf$3) refers to printf3.o(i._sputc) for _sputc
    printf3.o(i._printf_core) refers to uidiv.o(.text) for __aeabi_uidivmod
    printf4.o(i.__0fprintf$4) refers to printf4.o(i._printf_core) for _printf_core
    printf4.o(i.__0fprintf$4) refers to uart.o(i.fputc) for fputc
    printf4.o(i.__0printf$4) refers to printf4.o(i._printf_core) for _printf_core
    printf4.o(i.__0printf$4) refers to uart.o(i.fputc) for fputc
    printf4.o(i.__0printf$4) refers to stdout.o(.data) for __stdout
    printf4.o(i.__0snprintf$4) refers to printf4.o(i._printf_core) for _printf_core
    printf4.o(i.__0snprintf$4) refers to printf4.o(i._snputc) for _snputc
    printf4.o(i.__0sprintf$4) refers to printf4.o(i._printf_core) for _printf_core
    printf4.o(i.__0sprintf$4) refers to printf4.o(i._sputc) for _sputc
    printf4.o(i.__0vfprintf$4) refers to printf4.o(i._printf_core) for _printf_core
    printf4.o(i.__0vfprintf$4) refers to uart.o(i.fputc) for fputc
    printf4.o(i.__0vprintf$4) refers to printf4.o(i._printf_core) for _printf_core
    printf4.o(i.__0vprintf$4) refers to uart.o(i.fputc) for fputc
    printf4.o(i.__0vprintf$4) refers to stdout.o(.data) for __stdout
    printf4.o(i.__0vsnprintf$4) refers to printf4.o(i._printf_core) for _printf_core
    printf4.o(i.__0vsnprintf$4) refers to printf4.o(i._snputc) for _snputc
    printf4.o(i.__0vsprintf$4) refers to printf4.o(i._printf_core) for _printf_core
    printf4.o(i.__0vsprintf$4) refers to printf4.o(i._sputc) for _sputc
    printf4.o(i._printf_core) refers to uldiv.o(.text) for __aeabi_uldivmod
    printf5.o(i.__0fprintf$5) refers to printf5.o(i._printf_core) for _printf_core
    printf5.o(i.__0fprintf$5) refers to uart.o(i.fputc) for fputc
    printf5.o(i.__0printf$5) refers to printf5.o(i._printf_core) for _printf_core
    printf5.o(i.__0printf$5) refers to uart.o(i.fputc) for fputc
    printf5.o(i.__0printf$5) refers to stdout.o(.data) for __stdout
    printf5.o(i.__0snprintf$5) refers to printf5.o(i._printf_core) for _printf_core
    printf5.o(i.__0snprintf$5) refers to printf5.o(i._snputc) for _snputc
    printf5.o(i.__0sprintf$5) refers to printf5.o(i._printf_core) for _printf_core
    printf5.o(i.__0sprintf$5) refers to printf5.o(i._sputc) for _sputc
    printf5.o(i.__0vfprintf$5) refers to printf5.o(i._printf_core) for _printf_core
    printf5.o(i.__0vfprintf$5) refers to uart.o(i.fputc) for fputc
    printf5.o(i.__0vprintf$5) refers to printf5.o(i._printf_core) for _printf_core
    printf5.o(i.__0vprintf$5) refers to uart.o(i.fputc) for fputc
    printf5.o(i.__0vprintf$5) refers to stdout.o(.data) for __stdout
    printf5.o(i.__0vsnprintf$5) refers to printf5.o(i._printf_core) for _printf_core
    printf5.o(i.__0vsnprintf$5) refers to printf5.o(i._snputc) for _snputc
    printf5.o(i.__0vsprintf$5) refers to printf5.o(i._printf_core) for _printf_core
    printf5.o(i.__0vsprintf$5) refers to printf5.o(i._sputc) for _sputc
    printf5.o(i._printf_core) refers to uldiv.o(.text) for __aeabi_uldivmod
    printf6.o(i.__0fprintf$6) refers to printf6.o(i._printf_core) for _printf_core
    printf6.o(i.__0fprintf$6) refers to uart.o(i.fputc) for fputc
    printf6.o(i.__0printf$6) refers to printf6.o(i._printf_core) for _printf_core
    printf6.o(i.__0printf$6) refers to uart.o(i.fputc) for fputc
    printf6.o(i.__0printf$6) refers to stdout.o(.data) for __stdout
    printf6.o(i.__0snprintf$6) refers to printf6.o(i._printf_core) for _printf_core
    printf6.o(i.__0snprintf$6) refers to printf6.o(i._snputc) for _snputc
    printf6.o(i.__0sprintf$6) refers to printf6.o(i._printf_core) for _printf_core
    printf6.o(i.__0sprintf$6) refers to printf6.o(i._sputc) for _sputc
    printf6.o(i.__0vfprintf$6) refers to printf6.o(i._printf_core) for _printf_core
    printf6.o(i.__0vfprintf$6) refers to uart.o(i.fputc) for fputc
    printf6.o(i.__0vprintf$6) refers to printf6.o(i._printf_core) for _printf_core
    printf6.o(i.__0vprintf$6) refers to uart.o(i.fputc) for fputc
    printf6.o(i.__0vprintf$6) refers to stdout.o(.data) for __stdout
    printf6.o(i.__0vsnprintf$6) refers to printf6.o(i._printf_core) for _printf_core
    printf6.o(i.__0vsnprintf$6) refers to printf6.o(i._snputc) for _snputc
    printf6.o(i.__0vsprintf$6) refers to printf6.o(i._printf_core) for _printf_core
    printf6.o(i.__0vsprintf$6) refers to printf6.o(i._sputc) for _sputc
    printf6.o(i._printf_core) refers to printf6.o(i._printf_pre_padding) for _printf_pre_padding
    printf6.o(i._printf_core) refers to uidiv.o(.text) for __aeabi_uidivmod
    printf6.o(i._printf_core) refers to printf6.o(i._printf_post_padding) for _printf_post_padding
    printf7.o(i.__0fprintf$7) refers to printf7.o(i._printf_core) for _printf_core
    printf7.o(i.__0fprintf$7) refers to uart.o(i.fputc) for fputc
    printf7.o(i.__0printf$7) refers to printf7.o(i._printf_core) for _printf_core
    printf7.o(i.__0printf$7) refers to uart.o(i.fputc) for fputc
    printf7.o(i.__0printf$7) refers to stdout.o(.data) for __stdout
    printf7.o(i.__0snprintf$7) refers to printf7.o(i._printf_core) for _printf_core
    printf7.o(i.__0snprintf$7) refers to printf7.o(i._snputc) for _snputc
    printf7.o(i.__0sprintf$7) refers to printf7.o(i._printf_core) for _printf_core
    printf7.o(i.__0sprintf$7) refers to printf7.o(i._sputc) for _sputc
    printf7.o(i.__0vfprintf$7) refers to printf7.o(i._printf_core) for _printf_core
    printf7.o(i.__0vfprintf$7) refers to uart.o(i.fputc) for fputc
    printf7.o(i.__0vprintf$7) refers to printf7.o(i._printf_core) for _printf_core
    printf7.o(i.__0vprintf$7) refers to uart.o(i.fputc) for fputc
    printf7.o(i.__0vprintf$7) refers to stdout.o(.data) for __stdout
    printf7.o(i.__0vsnprintf$7) refers to printf7.o(i._printf_core) for _printf_core
    printf7.o(i.__0vsnprintf$7) refers to printf7.o(i._snputc) for _snputc
    printf7.o(i.__0vsprintf$7) refers to printf7.o(i._printf_core) for _printf_core
    printf7.o(i.__0vsprintf$7) refers to printf7.o(i._sputc) for _sputc
    printf7.o(i._printf_core) refers to printf7.o(i._printf_pre_padding) for _printf_pre_padding
    printf7.o(i._printf_core) refers to uldiv.o(.text) for __aeabi_uldivmod
    printf7.o(i._printf_core) refers to printf7.o(i._printf_post_padding) for _printf_post_padding
    printf8.o(i.__0fprintf$8) refers to printf8.o(i._printf_core) for _printf_core
    printf8.o(i.__0fprintf$8) refers to uart.o(i.fputc) for fputc
    printf8.o(i.__0printf$8) refers to printf8.o(i._printf_core) for _printf_core
    printf8.o(i.__0printf$8) refers to uart.o(i.fputc) for fputc
    printf8.o(i.__0printf$8) refers to stdout.o(.data) for __stdout
    printf8.o(i.__0snprintf$8) refers to printf8.o(i._printf_core) for _printf_core
    printf8.o(i.__0snprintf$8) refers to printf8.o(i._snputc) for _snputc
    printf8.o(i.__0sprintf$8) refers to printf8.o(i._printf_core) for _printf_core
    printf8.o(i.__0sprintf$8) refers to printf8.o(i._sputc) for _sputc
    printf8.o(i.__0vfprintf$8) refers to printf8.o(i._printf_core) for _printf_core
    printf8.o(i.__0vfprintf$8) refers to uart.o(i.fputc) for fputc
    printf8.o(i.__0vprintf$8) refers to printf8.o(i._printf_core) for _printf_core
    printf8.o(i.__0vprintf$8) refers to uart.o(i.fputc) for fputc
    printf8.o(i.__0vprintf$8) refers to stdout.o(.data) for __stdout
    printf8.o(i.__0vsnprintf$8) refers to printf8.o(i._printf_core) for _printf_core
    printf8.o(i.__0vsnprintf$8) refers to printf8.o(i._snputc) for _snputc
    printf8.o(i.__0vsprintf$8) refers to printf8.o(i._printf_core) for _printf_core
    printf8.o(i.__0vsprintf$8) refers to printf8.o(i._sputc) for _sputc
    printf8.o(i._printf_core) refers to printf8.o(i._printf_pre_padding) for _printf_pre_padding
    printf8.o(i._printf_core) refers to uldiv.o(.text) for __aeabi_uldivmod
    printf8.o(i._printf_core) refers to printf8.o(i._printf_post_padding) for _printf_post_padding
    printfa.o(i.__0fprintf) refers (Special) to iusefp.o(.text) for __I$use$fp
    printfa.o(i.__0fprintf) refers to printfa.o(i._printf_core) for _printf_core
    printfa.o(i.__0fprintf) refers to uart.o(i.fputc) for fputc
    printfa.o(i.__0printf) refers (Special) to iusefp.o(.text) for __I$use$fp
    printfa.o(i.__0printf) refers to printfa.o(i._printf_core) for _printf_core
    printfa.o(i.__0printf) refers to uart.o(i.fputc) for fputc
    printfa.o(i.__0printf) refers to stdout.o(.data) for __stdout
    printfa.o(i.__0snprintf) refers (Special) to iusefp.o(.text) for __I$use$fp
    printfa.o(i.__0snprintf) refers to printfa.o(i._printf_core) for _printf_core
    printfa.o(i.__0snprintf) refers to printfa.o(i._snputc) for _snputc
    printfa.o(i.__0sprintf) refers (Special) to iusefp.o(.text) for __I$use$fp
    printfa.o(i.__0sprintf) refers to printfa.o(i._printf_core) for _printf_core
    printfa.o(i.__0sprintf) refers to printfa.o(i._sputc) for _sputc
    printfa.o(i.__0vfprintf) refers (Special) to iusefp.o(.text) for __I$use$fp
    printfa.o(i.__0vfprintf) refers to printfa.o(i._printf_core) for _printf_core
    printfa.o(i.__0vfprintf) refers to uart.o(i.fputc) for fputc
    printfa.o(i.__0vprintf) refers (Special) to iusefp.o(.text) for __I$use$fp
    printfa.o(i.__0vprintf) refers to printfa.o(i._printf_core) for _printf_core
    printfa.o(i.__0vprintf) refers to uart.o(i.fputc) for fputc
    printfa.o(i.__0vprintf) refers to stdout.o(.data) for __stdout
    printfa.o(i.__0vsnprintf) refers (Special) to iusefp.o(.text) for __I$use$fp
    printfa.o(i.__0vsnprintf) refers to printfa.o(i._printf_core) for _printf_core
    printfa.o(i.__0vsnprintf) refers to printfa.o(i._snputc) for _snputc
    printfa.o(i.__0vsprintf) refers (Special) to iusefp.o(.text) for __I$use$fp
    printfa.o(i.__0vsprintf) refers to printfa.o(i._printf_core) for _printf_core
    printfa.o(i.__0vsprintf) refers to printfa.o(i._sputc) for _sputc
    printfa.o(i._fp_digits) refers (Special) to iusefp.o(.text) for __I$use$fp
    printfa.o(i._fp_digits) refers to dmul.o(.text) for __aeabi_dmul
    printfa.o(i._fp_digits) refers to ddiv.o(.text) for __aeabi_ddiv
    printfa.o(i._fp_digits) refers to cdrcmple.o(.text) for __aeabi_cdrcmple
    printfa.o(i._fp_digits) refers to dadd.o(.text) for __aeabi_dadd
    printfa.o(i._fp_digits) refers to dfixul.o(.text) for __aeabi_d2ulz
    printfa.o(i._fp_digits) refers to uldiv.o(.text) for __aeabi_uldivmod
    printfa.o(i._printf_core) refers (Special) to iusefp.o(.text) for __I$use$fp
    printfa.o(i._printf_core) refers to printfa.o(i._printf_pre_padding) for _printf_pre_padding
    printfa.o(i._printf_core) refers to uldiv.o(.text) for __aeabi_uldivmod
    printfa.o(i._printf_core) refers to printfa.o(i._printf_post_padding) for _printf_post_padding
    printfa.o(i._printf_core) refers to printfa.o(i._fp_digits) for _fp_digits
    printfa.o(i._printf_core) refers to uidiv.o(.text) for __aeabi_uidivmod
    printfa.o(i._printf_post_padding) refers (Special) to iusefp.o(.text) for __I$use$fp
    printfa.o(i._printf_pre_padding) refers (Special) to iusefp.o(.text) for __I$use$fp
    printfa.o(i._snputc) refers (Special) to iusefp.o(.text) for __I$use$fp
    printfa.o(i._sputc) refers (Special) to iusefp.o(.text) for __I$use$fp
    entry2.o(.ARM.Collect$$$$00000001) refers to entry2.o(.ARM.Collect$$$$00002712) for __lit__00000000
    entry2.o(.ARM.Collect$$$$00002712) refers to startup_stm32f37x.o(STACK) for __initial_sp
    entry2.o(__vectab_stack_and_reset_area) refers to startup_stm32f37x.o(STACK) for __initial_sp
    entry2.o(__vectab_stack_and_reset_area) refers to entry.o(.ARM.Collect$$$$00000000) for __main
    entry5.o(.ARM.Collect$$$$00000004) refers to init.o(.text) for __scatterload
    entry9a.o(.ARM.Collect$$$$0000000B) refers to main.o(i.main) for main
    entry9b.o(.ARM.Collect$$$$0000000C) refers to main.o(i.main) for main
    uldiv.o(.text) refers to llushr.o(.text) for __aeabi_llsr
    uldiv.o(.text) refers to llshl.o(.text) for __aeabi_llsl
    dadd.o(.text) refers to llshl.o(.text) for __aeabi_llsl
    dadd.o(.text) refers to llsshr.o(.text) for __aeabi_lasr
    dadd.o(.text) refers to depilogue.o(.text) for _double_epilogue
    dmul.o(.text) refers to depilogue.o(.text) for _double_epilogue
    ddiv.o(.text) refers to depilogue.o(.text) for _double_round
    dfixul.o(.text) refers to llushr.o(.text) for __aeabi_llsr
    dfixul.o(.text) refers to llshl.o(.text) for __aeabi_llsl
    init.o(.text) refers to entry5.o(.ARM.Collect$$$$00000004) for __main_after_scatterload
    depilogue.o(.text) refers to llshl.o(.text) for __aeabi_llsl
    depilogue.o(.text) refers to llushr.o(.text) for __aeabi_llsr


==============================================================================

Removing Unused input sections from the image.

    Removing startup_stm32f37x.o(HEAP), (512 bytes).
    Removing main.o(.rev16_text), (4 bytes).
    Removing main.o(.revsh_text), (4 bytes).
    Removing stm32f37x_it.o(.rev16_text), (4 bytes).
    Removing stm32f37x_it.o(.revsh_text), (4 bytes).
    Removing system_stm32f37x.o(.rev16_text), (4 bytes).
    Removing system_stm32f37x.o(.revsh_text), (4 bytes).
    Removing system_stm32f37x.o(i.SystemCoreClockUpdate), (164 bytes).
    Removing system_stm32f37x.o(.data), (20 bytes).
    Removing uart.o(.rev16_text), (4 bytes).
    Removing uart.o(.revsh_text), (4 bytes).
    Removing delay.o(.rev16_text), (4 bytes).
    Removing delay.o(.revsh_text), (4 bytes).
    Removing delay.o(i.Delay_lms), (54 bytes).
    Removing delay.o(i.Delay_us), (60 bytes).
    Removing led.o(.rev16_text), (4 bytes).
    Removing led.o(.revsh_text), (4 bytes).
    Removing mpu6050.o(.rev16_text), (4 bytes).
    Removing mpu6050.o(.revsh_text), (4 bytes).
    Removing mpu6050.o(i.I2C_Ack), (56 bytes).
    Removing mpu6050.o(i.I2C_ReadDeviceRegisterLength), (120 bytes).
    Removing mpu6050.o(i.I2C_WriteDeviceRegisterLength), (102 bytes).
    Removing mpu6050.o(i.MPU6050_GetAcceX), (12 bytes).
    Removing mpu6050.o(i.MPU6050_GetAcceY), (12 bytes).
    Removing mpu6050.o(i.MPU6050_GetAcceZ), (12 bytes).
    Removing mpu6050.o(i.MPU6050_GetGyroX), (12 bytes).
    Removing mpu6050.o(i.MPU6050_GetGyroY), (12 bytes).
    Removing mpu6050.o(i.MPU6050_GetGyroZ), (12 bytes).
    Removing mpu6050.o(i.MPU6050_INT_Init), (40 bytes).
    Removing stm32f37x_gpio.o(.rev16_text), (4 bytes).
    Removing stm32f37x_gpio.o(.revsh_text), (4 bytes).
    Removing stm32f37x_gpio.o(i.GPIO_DeInit), (176 bytes).
    Removing stm32f37x_gpio.o(i.GPIO_PinLockConfig), (34 bytes).
    Removing stm32f37x_gpio.o(i.GPIO_ReadInputData), (6 bytes).
    Removing stm32f37x_gpio.o(i.GPIO_ReadOutputData), (6 bytes).
    Removing stm32f37x_gpio.o(i.GPIO_ReadOutputDataBit), (18 bytes).
    Removing stm32f37x_gpio.o(i.GPIO_StructInit), (22 bytes).
    Removing stm32f37x_gpio.o(i.GPIO_Write), (4 bytes).
    Removing stm32f37x_gpio.o(i.GPIO_WriteBit), (10 bytes).
    Removing stm32f37x_rcc.o(.rev16_text), (4 bytes).
    Removing stm32f37x_rcc.o(.revsh_text), (4 bytes).
    Removing stm32f37x_rcc.o(i.RCC_ADCCLKConfig), (28 bytes).
    Removing stm32f37x_rcc.o(i.RCC_AHBPeriphResetCmd), (32 bytes).
    Removing stm32f37x_rcc.o(i.RCC_APB1PeriphClockCmd), (32 bytes).
    Removing stm32f37x_rcc.o(i.RCC_APB1PeriphResetCmd), (32 bytes).
    Removing stm32f37x_rcc.o(i.RCC_APB2PeriphResetCmd), (32 bytes).
    Removing stm32f37x_rcc.o(i.RCC_AdjustHSICalibrationValue), (24 bytes).
    Removing stm32f37x_rcc.o(i.RCC_BackupResetCmd), (12 bytes).
    Removing stm32f37x_rcc.o(i.RCC_CECCLKConfig), (28 bytes).
    Removing stm32f37x_rcc.o(i.RCC_ClearFlag), (20 bytes).
    Removing stm32f37x_rcc.o(i.RCC_ClearITPendingBit), (12 bytes).
    Removing stm32f37x_rcc.o(i.RCC_ClockSecuritySystemCmd), (12 bytes).
    Removing stm32f37x_rcc.o(i.RCC_DeInit), (96 bytes).
    Removing stm32f37x_rcc.o(i.RCC_GetFlagStatus), (60 bytes).
    Removing stm32f37x_rcc.o(i.RCC_GetITStatus), (24 bytes).
    Removing stm32f37x_rcc.o(i.RCC_GetSYSCLKSource), (16 bytes).
    Removing stm32f37x_rcc.o(i.RCC_HCLKConfig), (24 bytes).
    Removing stm32f37x_rcc.o(i.RCC_HSEConfig), (16 bytes).
    Removing stm32f37x_rcc.o(i.RCC_HSICmd), (12 bytes).
    Removing stm32f37x_rcc.o(i.RCC_I2CCLKConfig), (48 bytes).
    Removing stm32f37x_rcc.o(i.RCC_ITConfig), (32 bytes).
    Removing stm32f37x_rcc.o(i.RCC_LSEConfig), (36 bytes).
    Removing stm32f37x_rcc.o(i.RCC_LSEDriveConfig), (28 bytes).
    Removing stm32f37x_rcc.o(i.RCC_LSICmd), (12 bytes).
    Removing stm32f37x_rcc.o(i.RCC_MCOConfig), (12 bytes).
    Removing stm32f37x_rcc.o(i.RCC_PCLK1Config), (24 bytes).
    Removing stm32f37x_rcc.o(i.RCC_PCLK2Config), (24 bytes).
    Removing stm32f37x_rcc.o(i.RCC_PLLCmd), (12 bytes).
    Removing stm32f37x_rcc.o(i.RCC_PLLConfig), (32 bytes).
    Removing stm32f37x_rcc.o(i.RCC_PREDIV1Config), (24 bytes).
    Removing stm32f37x_rcc.o(i.RCC_RTCCLKCmd), (12 bytes).
    Removing stm32f37x_rcc.o(i.RCC_RTCCLKConfig), (16 bytes).
    Removing stm32f37x_rcc.o(i.RCC_SDADCCLKConfig), (28 bytes).
    Removing stm32f37x_rcc.o(i.RCC_SYSCLKConfig), (24 bytes).
    Removing stm32f37x_rcc.o(i.RCC_USARTCLKConfig), (80 bytes).
    Removing stm32f37x_rcc.o(i.RCC_USBCLKConfig), (12 bytes).
    Removing stm32f37x_rcc.o(i.RCC_WaitForHSEStartUp), (56 bytes).
    Removing stm32f37x_misc.o(.rev16_text), (4 bytes).
    Removing stm32f37x_misc.o(.revsh_text), (4 bytes).
    Removing stm32f37x_misc.o(i.NVIC_Init), (112 bytes).
    Removing stm32f37x_misc.o(i.NVIC_PriorityGroupConfig), (20 bytes).
    Removing stm32f37x_misc.o(i.NVIC_SetVectorTable), (20 bytes).
    Removing stm32f37x_misc.o(i.NVIC_SystemLPConfig), (32 bytes).
    Removing stm32f37x_syscfg.o(.rev16_text), (4 bytes).
    Removing stm32f37x_syscfg.o(.revsh_text), (4 bytes).
    Removing stm32f37x_syscfg.o(i.SYSCFG_BreakConfig), (16 bytes).
    Removing stm32f37x_syscfg.o(i.SYSCFG_ClearFlag), (16 bytes).
    Removing stm32f37x_syscfg.o(i.SYSCFG_DMAChannelRemapConfig), (32 bytes).
    Removing stm32f37x_syscfg.o(i.SYSCFG_DeInit), (48 bytes).
    Removing stm32f37x_syscfg.o(i.SYSCFG_EXTILineConfig), (64 bytes).
    Removing stm32f37x_syscfg.o(i.SYSCFG_GetFlagStatus), (28 bytes).
    Removing stm32f37x_syscfg.o(i.SYSCFG_I2CFastModePlusConfig), (32 bytes).
    Removing stm32f37x_syscfg.o(i.SYSCFG_ITConfig), (32 bytes).
    Removing stm32f37x_syscfg.o(i.SYSCFG_MemoryRemapConfig), (24 bytes).
    Removing stm32f37x_syscfg.o(i.SYSCFG_VBATMonitoringCmd), (36 bytes).
    Removing stm32f37x_usart.o(.rev16_text), (4 bytes).
    Removing stm32f37x_usart.o(.revsh_text), (4 bytes).
    Removing stm32f37x_usart.o(i.USART_AddressDetectionConfig), (16 bytes).
    Removing stm32f37x_usart.o(i.USART_AutoBaudRateCmd), (22 bytes).
    Removing stm32f37x_usart.o(i.USART_AutoBaudRateConfig), (16 bytes).
    Removing stm32f37x_usart.o(i.USART_ClearITPendingBit), (18 bytes).
    Removing stm32f37x_usart.o(i.USART_ClockInit), (30 bytes).
    Removing stm32f37x_usart.o(i.USART_ClockStructInit), (12 bytes).
    Removing stm32f37x_usart.o(i.USART_DECmd), (22 bytes).
    Removing stm32f37x_usart.o(i.USART_DEPolarityConfig), (16 bytes).
    Removing stm32f37x_usart.o(i.USART_DMACmd), (18 bytes).
    Removing stm32f37x_usart.o(i.USART_DMAReceptionErrorConfig), (16 bytes).
    Removing stm32f37x_usart.o(i.USART_DataInvCmd), (22 bytes).
    Removing stm32f37x_usart.o(i.USART_DeInit), (96 bytes).
    Removing stm32f37x_usart.o(i.USART_DirectionModeCmd), (18 bytes).
    Removing stm32f37x_usart.o(i.USART_GetITStatus), (74 bytes).
    Removing stm32f37x_usart.o(i.USART_HalfDuplexCmd), (22 bytes).
    Removing stm32f37x_usart.o(i.USART_ITConfig), (58 bytes).
    Removing stm32f37x_usart.o(i.USART_InvPinCmd), (18 bytes).
    Removing stm32f37x_usart.o(i.USART_IrDACmd), (22 bytes).
    Removing stm32f37x_usart.o(i.USART_IrDAConfig), (16 bytes).
    Removing stm32f37x_usart.o(i.USART_LINBreakDetectLengthConfig), (16 bytes).
    Removing stm32f37x_usart.o(i.USART_LINCmd), (22 bytes).
    Removing stm32f37x_usart.o(i.USART_MSBFirstCmd), (22 bytes).
    Removing stm32f37x_usart.o(i.USART_MuteModeCmd), (22 bytes).
    Removing stm32f37x_usart.o(i.USART_MuteModeWakeUpConfig), (16 bytes).
    Removing stm32f37x_usart.o(i.USART_OneBitMethodCmd), (22 bytes).
    Removing stm32f37x_usart.o(i.USART_OverSampling8Cmd), (22 bytes).
    Removing stm32f37x_usart.o(i.USART_OverrunDetectionConfig), (16 bytes).
    Removing stm32f37x_usart.o(i.USART_ReceiveData), (10 bytes).
    Removing stm32f37x_usart.o(i.USART_ReceiverTimeOutCmd), (22 bytes).
    Removing stm32f37x_usart.o(i.USART_RequestCmd), (18 bytes).
    Removing stm32f37x_usart.o(i.USART_STOPModeCmd), (22 bytes).
    Removing stm32f37x_usart.o(i.USART_SWAPPinCmd), (22 bytes).
    Removing stm32f37x_usart.o(i.USART_SetAddress), (18 bytes).
    Removing stm32f37x_usart.o(i.USART_SetAutoRetryCount), (18 bytes).
    Removing stm32f37x_usart.o(i.USART_SetBlockLength), (18 bytes).
    Removing stm32f37x_usart.o(i.USART_SetDEAssertionTime), (18 bytes).
    Removing stm32f37x_usart.o(i.USART_SetDEDeassertionTime), (18 bytes).
    Removing stm32f37x_usart.o(i.USART_SetGuardTime), (16 bytes).
    Removing stm32f37x_usart.o(i.USART_SetPrescaler), (16 bytes).
    Removing stm32f37x_usart.o(i.USART_SetReceiverTimeOut), (16 bytes).
    Removing stm32f37x_usart.o(i.USART_SmartCardCmd), (22 bytes).
    Removing stm32f37x_usart.o(i.USART_SmartCardNACKCmd), (22 bytes).
    Removing stm32f37x_usart.o(i.USART_StopModeWakeUpSourceConfig), (16 bytes).
    Removing stm32f37x_usart.o(i.USART_StructInit), (24 bytes).
    Removing stm32f37x_i2c.o(.rev16_text), (4 bytes).
    Removing stm32f37x_i2c.o(.revsh_text), (4 bytes).
    Removing stm32f37x_i2c.o(i.I2C_10BitAddressHeaderCmd), (22 bytes).
    Removing stm32f37x_i2c.o(i.I2C_10BitAddressingModeCmd), (22 bytes).
    Removing stm32f37x_i2c.o(i.I2C_AcknowledgeConfig), (22 bytes).
    Removing stm32f37x_i2c.o(i.I2C_AutoEndCmd), (22 bytes).
    Removing stm32f37x_i2c.o(i.I2C_CalculatePEC), (22 bytes).
    Removing stm32f37x_i2c.o(i.I2C_ClearFlag), (4 bytes).
    Removing stm32f37x_i2c.o(i.I2C_ClearITPendingBit), (4 bytes).
    Removing stm32f37x_i2c.o(i.I2C_ClockTimeoutCmd), (22 bytes).
    Removing stm32f37x_i2c.o(i.I2C_Cmd), (22 bytes).
    Removing stm32f37x_i2c.o(i.I2C_DMACmd), (18 bytes).
    Removing stm32f37x_i2c.o(i.I2C_DeInit), (56 bytes).
    Removing stm32f37x_i2c.o(i.I2C_DualAddressCmd), (22 bytes).
    Removing stm32f37x_i2c.o(i.I2C_ExtendedClockTimeoutCmd), (22 bytes).
    Removing stm32f37x_i2c.o(i.I2C_GeneralCallCmd), (22 bytes).
    Removing stm32f37x_i2c.o(i.I2C_GenerateSTART), (22 bytes).
    Removing stm32f37x_i2c.o(i.I2C_GenerateSTOP), (22 bytes).
    Removing stm32f37x_i2c.o(i.I2C_GetAddressMatched), (12 bytes).
    Removing stm32f37x_i2c.o(i.I2C_GetFlagStatus), (22 bytes).
    Removing stm32f37x_i2c.o(i.I2C_GetITStatus), (60 bytes).
    Removing stm32f37x_i2c.o(i.I2C_GetPEC), (8 bytes).
    Removing stm32f37x_i2c.o(i.I2C_GetTransferDirection), (22 bytes).
    Removing stm32f37x_i2c.o(i.I2C_ITConfig), (18 bytes).
    Removing stm32f37x_i2c.o(i.I2C_IdleClockTimeoutCmd), (22 bytes).
    Removing stm32f37x_i2c.o(i.I2C_Init), (104 bytes).
    Removing stm32f37x_i2c.o(i.I2C_MasterRequestConfig), (22 bytes).
    Removing stm32f37x_i2c.o(i.I2C_NumberOfBytesConfig), (24 bytes).
    Removing stm32f37x_i2c.o(i.I2C_OwnAddress2Config), (34 bytes).
    Removing stm32f37x_i2c.o(i.I2C_PECRequestCmd), (22 bytes).
    Removing stm32f37x_i2c.o(i.I2C_ReadRegister), (22 bytes).
    Removing stm32f37x_i2c.o(i.I2C_ReceiveData), (8 bytes).
    Removing stm32f37x_i2c.o(i.I2C_ReloadCmd), (22 bytes).
    Removing stm32f37x_i2c.o(i.I2C_SMBusAlertCmd), (22 bytes).
    Removing stm32f37x_i2c.o(i.I2C_SendData), (4 bytes).
    Removing stm32f37x_i2c.o(i.I2C_SlaveAddressConfig), (20 bytes).
    Removing stm32f37x_i2c.o(i.I2C_SlaveByteControlCmd), (22 bytes).
    Removing stm32f37x_i2c.o(i.I2C_SoftwareResetCmd), (20 bytes).
    Removing stm32f37x_i2c.o(i.I2C_StopModeCmd), (22 bytes).
    Removing stm32f37x_i2c.o(i.I2C_StretchClockCmd), (22 bytes).
    Removing stm32f37x_i2c.o(i.I2C_StructInit), (24 bytes).
    Removing stm32f37x_i2c.o(i.I2C_TimeoutAConfig), (20 bytes).
    Removing stm32f37x_i2c.o(i.I2C_TimeoutBConfig), (28 bytes).
    Removing stm32f37x_i2c.o(i.I2C_TransferHandling), (44 bytes).
    Removing dadd.o(.text), (334 bytes).
    Removing dmul.o(.text), (228 bytes).
    Removing ddiv.o(.text), (222 bytes).
    Removing dfixul.o(.text), (48 bytes).
    Removing cdrcmple.o(.text), (48 bytes).
    Removing depilogue.o(.text), (186 bytes).

191 unused section(s) (total 6204 bytes) removed from the image.

==============================================================================

Image Symbol Table

    Local Symbols

    Symbol Name                              Value     Ov Type        Size  Object(Section)

    ../clib/microlib/division.c              0x00000000   Number         0  uidiv.o ABSOLUTE
    ../clib/microlib/division.c              0x00000000   Number         0  uldiv.o ABSOLUTE
    ../clib/microlib/init/entry.s            0x00000000   Number         0  entry10b.o ABSOLUTE
    ../clib/microlib/init/entry.s            0x00000000   Number         0  entry11b.o ABSOLUTE
    ../clib/microlib/init/entry.s            0x00000000   Number         0  entry.o ABSOLUTE
    ../clib/microlib/init/entry.s            0x00000000   Number         0  entry2.o ABSOLUTE
    ../clib/microlib/init/entry.s            0x00000000   Number         0  entry5.o ABSOLUTE
    ../clib/microlib/init/entry.s            0x00000000   Number         0  entry8b.o ABSOLUTE
    ../clib/microlib/init/entry.s            0x00000000   Number         0  entry7a.o ABSOLUTE
    ../clib/microlib/init/entry.s            0x00000000   Number         0  entry7b.o ABSOLUTE
    ../clib/microlib/init/entry.s            0x00000000   Number         0  entry11a.o ABSOLUTE
    ../clib/microlib/init/entry.s            0x00000000   Number         0  entry8a.o ABSOLUTE
    ../clib/microlib/init/entry.s            0x00000000   Number         0  entry9a.o ABSOLUTE
    ../clib/microlib/init/entry.s            0x00000000   Number         0  entry9b.o ABSOLUTE
    ../clib/microlib/init/entry.s            0x00000000   Number         0  entry10a.o ABSOLUTE
    ../clib/microlib/longlong.c              0x00000000   Number         0  llushr.o ABSOLUTE
    ../clib/microlib/longlong.c              0x00000000   Number         0  llsshr.o ABSOLUTE
    ../clib/microlib/longlong.c              0x00000000   Number         0  llshl.o ABSOLUTE
    ../clib/microlib/printf/printf.c         0x00000000   Number         0  printf5.o ABSOLUTE
    ../clib/microlib/printf/printf.c         0x00000000   Number         0  printf4.o ABSOLUTE
    ../clib/microlib/printf/printf.c         0x00000000   Number         0  printf3.o ABSOLUTE
    ../clib/microlib/printf/printf.c         0x00000000   Number         0  printf2.o ABSOLUTE
    ../clib/microlib/printf/printf.c         0x00000000   Number         0  printf1.o ABSOLUTE
    ../clib/microlib/printf/printf.c         0x00000000   Number         0  printfb.o ABSOLUTE
    ../clib/microlib/printf/printf.c         0x00000000   Number         0  printf0.o ABSOLUTE
    ../clib/microlib/printf/printf.c         0x00000000   Number         0  printfa.o ABSOLUTE
    ../clib/microlib/printf/printf.c         0x00000000   Number         0  printf8.o ABSOLUTE
    ../clib/microlib/printf/printf.c         0x00000000   Number         0  printf7.o ABSOLUTE
    ../clib/microlib/printf/printf.c         0x00000000   Number         0  printf6.o ABSOLUTE
    ../clib/microlib/printf/stubs.s          0x00000000   Number         0  stubs.o ABSOLUTE
    ../clib/microlib/stdio/streams.c         0x00000000   Number         0  stdout.o ABSOLUTE
    ../clib/microlib/stubs.s                 0x00000000   Number         0  iusefp.o ABSOLUTE
    ../fplib/microlib/fpadd.c                0x00000000   Number         0  dadd.o ABSOLUTE
    ../fplib/microlib/fpdiv.c                0x00000000   Number         0  ddiv.o ABSOLUTE
    ../fplib/microlib/fpepilogue.c           0x00000000   Number         0  depilogue.o ABSOLUTE
    ../fplib/microlib/fpfix.c                0x00000000   Number         0  dfixul.o ABSOLUTE
    ../fplib/microlib/fpmul.c                0x00000000   Number         0  dmul.o ABSOLUTE
    ..\..\Libraries\CMSIS\Device\ST\STM32F37x\Source\Templates\arm\startup_stm32f37x.s 0x00000000   Number         0  startup_stm32f37x.o ABSOLUTE
    ..\..\Libraries\STM32F37x_StdPeriph_Driver\src\stm32f37x_gpio.c 0x00000000   Number         0  stm32f37x_gpio.o ABSOLUTE
    ..\..\Libraries\STM32F37x_StdPeriph_Driver\src\stm32f37x_i2c.c 0x00000000   Number         0  stm32f37x_i2c.o ABSOLUTE
    ..\..\Libraries\STM32F37x_StdPeriph_Driver\src\stm32f37x_misc.c 0x00000000   Number         0  stm32f37x_misc.o ABSOLUTE
    ..\..\Libraries\STM32F37x_StdPeriph_Driver\src\stm32f37x_rcc.c 0x00000000   Number         0  stm32f37x_rcc.o ABSOLUTE
    ..\..\Libraries\STM32F37x_StdPeriph_Driver\src\stm32f37x_syscfg.c 0x00000000   Number         0  stm32f37x_syscfg.o ABSOLUTE
    ..\..\Libraries\STM32F37x_StdPeriph_Driver\src\stm32f37x_usart.c 0x00000000   Number         0  stm32f37x_usart.o ABSOLUTE
    ..\\..\\Libraries\\STM32F37x_StdPeriph_Driver\\src\\stm32f37x_gpio.c 0x00000000   Number         0  stm32f37x_gpio.o ABSOLUTE
    ..\\..\\Libraries\\STM32F37x_StdPeriph_Driver\\src\\stm32f37x_i2c.c 0x00000000   Number         0  stm32f37x_i2c.o ABSOLUTE
    ..\\..\\Libraries\\STM32F37x_StdPeriph_Driver\\src\\stm32f37x_misc.c 0x00000000   Number         0  stm32f37x_misc.o ABSOLUTE
    ..\\..\\Libraries\\STM32F37x_StdPeriph_Driver\\src\\stm32f37x_rcc.c 0x00000000   Number         0  stm32f37x_rcc.o ABSOLUTE
    ..\\..\\Libraries\\STM32F37x_StdPeriph_Driver\\src\\stm32f37x_syscfg.c 0x00000000   Number         0  stm32f37x_syscfg.o ABSOLUTE
    ..\\..\\Libraries\\STM32F37x_StdPeriph_Driver\\src\\stm32f37x_usart.c 0x00000000   Number         0  stm32f37x_usart.o ABSOLUTE
    ..\\main\\main.c                         0x00000000   Number         0  main.o ABSOLUTE
    ..\\main\\stm32f37x_it.c                 0x00000000   Number         0  stm32f37x_it.o ABSOLUTE
    ..\\main\\system_stm32f37x.c             0x00000000   Number         0  system_stm32f37x.o ABSOLUTE
    ..\\src\\Delay.c                         0x00000000   Number         0  delay.o ABSOLUTE
    ..\\src\\LED.c                           0x00000000   Number         0  led.o ABSOLUTE
    ..\\src\\MPU6050.c                       0x00000000   Number         0  mpu6050.o ABSOLUTE
    ..\\src\\UART.c                          0x00000000   Number         0  uart.o ABSOLUTE
    ..\main\main.c                           0x00000000   Number         0  main.o ABSOLUTE
    ..\main\stm32f37x_it.c                   0x00000000   Number         0  stm32f37x_it.o ABSOLUTE
    ..\main\system_stm32f37x.c               0x00000000   Number         0  system_stm32f37x.o ABSOLUTE
    ..\src\Delay.c                           0x00000000   Number         0  delay.o ABSOLUTE
    ..\src\LED.c                             0x00000000   Number         0  led.o ABSOLUTE
    ..\src\MPU6050.c                         0x00000000   Number         0  mpu6050.o ABSOLUTE
    ..\src\UART.c                            0x00000000   Number         0  uart.o ABSOLUTE
    cdrcmple.s                               0x00000000   Number         0  cdrcmple.o ABSOLUTE
    dc.s                                     0x00000000   Number         0  dc.o ABSOLUTE
    handlers.s                               0x00000000   Number         0  handlers.o ABSOLUTE
    init.s                                   0x00000000   Number         0  init.o ABSOLUTE
    RESET                                    0x08000000   Section      392  startup_stm32f37x.o(RESET)
    .ARM.Collect$$$$00000000                 0x08000188   Section        0  entry.o(.ARM.Collect$$$$00000000)
    .ARM.Collect$$$$00000001                 0x08000188   Section        4  entry2.o(.ARM.Collect$$$$00000001)
    .ARM.Collect$$$$00000004                 0x0800018c   Section        4  entry5.o(.ARM.Collect$$$$00000004)
    .ARM.Collect$$$$00000008                 0x08000190   Section        0  entry7b.o(.ARM.Collect$$$$00000008)
    .ARM.Collect$$$$0000000A                 0x08000190   Section        0  entry8b.o(.ARM.Collect$$$$0000000A)
    .ARM.Collect$$$$0000000B                 0x08000190   Section        8  entry9a.o(.ARM.Collect$$$$0000000B)
    .ARM.Collect$$$$0000000D                 0x08000198   Section        0  entry10a.o(.ARM.Collect$$$$0000000D)
    .ARM.Collect$$$$0000000F                 0x08000198   Section        0  entry11a.o(.ARM.Collect$$$$0000000F)
    .ARM.Collect$$$$00002712                 0x08000198   Section        4  entry2.o(.ARM.Collect$$$$00002712)
    __lit__00000000                          0x08000198   Data           4  entry2.o(.ARM.Collect$$$$00002712)
    .text                                    0x0800019c   Section       36  startup_stm32f37x.o(.text)
    $v0                                      0x0800019c   Number         0  startup_stm32f37x.o(.text)
    .text                                    0x080001c0   Section        0  uldiv.o(.text)
    .text                                    0x08000224   Section       36  init.o(.text)
    .text                                    0x08000248   Section        0  llshl.o(.text)
    .text                                    0x08000266   Section        0  llushr.o(.text)
    i.BusFault_Handler                       0x08000286   Section        0  stm32f37x_it.o(i.BusFault_Handler)
    i.DebugMon_Handler                       0x0800028a   Section        0  stm32f37x_it.o(i.DebugMon_Handler)
    i.Delay_Init                             0x0800028c   Section        0  delay.o(i.Delay_Init)
    i.Delay_ms                               0x080002c8   Section        0  delay.o(i.Delay_ms)
    i.GPIO_Init                              0x08000304   Section        0  stm32f37x_gpio.o(i.GPIO_Init)
    i.GPIO_PinAFConfig                       0x08000394   Section        0  stm32f37x_gpio.o(i.GPIO_PinAFConfig)
    i.GPIO_ReadInputDataBit                  0x080003da   Section        0  stm32f37x_gpio.o(i.GPIO_ReadInputDataBit)
    i.GPIO_ResetBits                         0x080003ec   Section        0  stm32f37x_gpio.o(i.GPIO_ResetBits)
    i.GPIO_SetBits                           0x080003f0   Section        0  stm32f37x_gpio.o(i.GPIO_SetBits)
    i.HardFault_Handler                      0x080003f4   Section        0  stm32f37x_it.o(i.HardFault_Handler)
    i.I2C_NoAck                              0x080003f8   Section        0  mpu6050.o(i.I2C_NoAck)
    I2C_NoAck                                0x080003f9   Thumb Code    52  mpu6050.o(i.I2C_NoAck)
    i.I2C_ReadByte                           0x08000430   Section        0  mpu6050.o(i.I2C_ReadByte)
    I2C_ReadByte                             0x08000431   Thumb Code    80  mpu6050.o(i.I2C_ReadByte)
    i.I2C_ReadDataBuffer                     0x08000484   Section        0  mpu6050.o(i.I2C_ReadDataBuffer)
    i.I2C_ReadDeviceRegister                 0x080004c0   Section        0  mpu6050.o(i.I2C_ReadDeviceRegister)
    i.I2C_START                              0x08000510   Section        0  mpu6050.o(i.I2C_START)
    I2C_START                                0x08000511   Thumb Code    78  mpu6050.o(i.I2C_START)
    i.I2C_STOP                               0x08000564   Section        0  mpu6050.o(i.I2C_STOP)
    I2C_STOP                                 0x08000565   Thumb Code    52  mpu6050.o(i.I2C_STOP)
    i.I2C_SendByte                           0x0800059c   Section        0  mpu6050.o(i.I2C_SendByte)
    I2C_SendByte                             0x0800059d   Thumb Code    84  mpu6050.o(i.I2C_SendByte)
    i.I2C_WaitAck                            0x080005f4   Section        0  mpu6050.o(i.I2C_WaitAck)
    I2C_WaitAck                              0x080005f5   Thumb Code    80  mpu6050.o(i.I2C_WaitAck)
    i.I2C_WriteDeviceRegister                0x08000648   Section        0  mpu6050.o(i.I2C_WriteDeviceRegister)
    i.I2C_delay                              0x0800068a   Section        0  mpu6050.o(i.I2C_delay)
    I2C_delay                                0x0800068b   Thumb Code    14  mpu6050.o(i.I2C_delay)
    i.LED_Init                               0x08000698   Section        0  led.o(i.LED_Init)
    i.MPU6050_Correct                        0x080006f8   Section        0  mpu6050.o(i.MPU6050_Correct)
    i.MPU6050_GetID                          0x080007b6   Section        0  mpu6050.o(i.MPU6050_GetID)
    i.MPU6050_Init                           0x080007c6   Section        0  mpu6050.o(i.MPU6050_Init)
    i.MPU6050_LowLevel_Init                  0x08000838   Section        0  mpu6050.o(i.MPU6050_LowLevel_Init)
    MPU6050_LowLevel_Init                    0x08000839   Thumb Code    86  mpu6050.o(i.MPU6050_LowLevel_Init)
    i.MPU6050_Reset                          0x08000898   Section        0  mpu6050.o(i.MPU6050_Reset)
    i.MemManage_Handler                      0x080008b6   Section        0  stm32f37x_it.o(i.MemManage_Handler)
    i.NMI_Handler                            0x080008ba   Section        0  stm32f37x_it.o(i.NMI_Handler)
    i.PendSV_Handler                         0x080008bc   Section        0  stm32f37x_it.o(i.PendSV_Handler)
    i.RCC_AHBPeriphClockCmd                  0x080008c0   Section        0  stm32f37x_rcc.o(i.RCC_AHBPeriphClockCmd)
    i.RCC_APB2PeriphClockCmd                 0x080008e0   Section        0  stm32f37x_rcc.o(i.RCC_APB2PeriphClockCmd)
    i.RCC_GetClocksFreq                      0x08000900   Section        0  stm32f37x_rcc.o(i.RCC_GetClocksFreq)
    i.SVC_Handler                            0x08000b14   Section        0  stm32f37x_it.o(i.SVC_Handler)
    i.SetSysClock                            0x08000b18   Section        0  system_stm32f37x.o(i.SetSysClock)
    SetSysClock                              0x08000b19   Thumb Code   188  system_stm32f37x.o(i.SetSysClock)
    i.SysTick_CLKSourceConfig                0x08000bdc   Section        0  stm32f37x_misc.o(i.SysTick_CLKSourceConfig)
    i.SysTick_Handler                        0x08000c04   Section        0  stm32f37x_it.o(i.SysTick_Handler)
    i.SystemInit                             0x08000c08   Section        0  system_stm32f37x.o(i.SystemInit)
    i.UART_Init                              0x08000c88   Section        0  uart.o(i.UART_Init)
    i.USART_ClearFlag                        0x08000d0c   Section        0  stm32f37x_usart.o(i.USART_ClearFlag)
    i.USART_Cmd                              0x08000d10   Section        0  stm32f37x_usart.o(i.USART_Cmd)
    i.USART_GetFlagStatus                    0x08000d26   Section        0  stm32f37x_usart.o(i.USART_GetFlagStatus)
    i.USART_Init                             0x08000d38   Section        0  stm32f37x_usart.o(i.USART_Init)
    i.USART_SendData                         0x08000e04   Section        0  stm32f37x_usart.o(i.USART_SendData)
    i.UsageFault_Handler                     0x08000e0c   Section        0  stm32f37x_it.o(i.UsageFault_Handler)
    i.__0printf$5                            0x08000e10   Section        0  printf5.o(i.__0printf$5)
    i.__scatterload_copy                     0x08000e30   Section       14  handlers.o(i.__scatterload_copy)
    i.__scatterload_null                     0x08000e3e   Section        2  handlers.o(i.__scatterload_null)
    i.__scatterload_zeroinit                 0x08000e40   Section       14  handlers.o(i.__scatterload_zeroinit)
    i._printf_core                           0x08000e50   Section        0  printf5.o(i._printf_core)
    _printf_core                             0x08000e51   Thumb Code   658  printf5.o(i._printf_core)
    i.fputc                                  0x08001110   Section        0  uart.o(i.fputc)
    i.main                                   0x08001134   Section        0  main.o(i.main)
    .data                                    0x20000000   Section       32  main.o(.data)
    .data                                    0x20000020   Section        8  delay.o(.data)
    Ms                                       0x20000020   Data           4  delay.o(.data)
    Us                                       0x20000024   Data           4  delay.o(.data)
    .data                                    0x20000028   Section       36  stm32f37x_rcc.o(.data)
    APBAHBPrescTable                         0x20000028   Data          16  stm32f37x_rcc.o(.data)
    ADCPrescTable                            0x20000038   Data           4  stm32f37x_rcc.o(.data)
    SDADCPrescTable                          0x2000003c   Data          16  stm32f37x_rcc.o(.data)
    .data                                    0x2000004c   Section        4  stdout.o(.data)
    .bss                                     0x20000050   Section       10  main.o(.bss)
    STACK                                    0x20000060   Section     1024  startup_stm32f37x.o(STACK)

    Global Symbols

    Symbol Name                              Value     Ov Type        Size  Object(Section)

    BuildAttributes$$THM_ISAv4$E$P$D$K$B$S$7EM$VFPi3$EXTD16$VFPS$VFMA$PE$A:L22UL41UL21$X:L11$S22US41US21$IEEE1$IW$USESV6$~STKCKD$USESV7$~SHL$OSPACE$ROPI$EBA8$MICROLIB$REQ8$PRES8$EABIv2 0x00000000   Number         0  anon$$obj.o ABSOLUTE
    __ARM_use_no_argv                        0x00000000   Number         0  main.o ABSOLUTE
    _printf_a                                0x00000000   Number         0  stubs.o ABSOLUTE
    _printf_c                                0x00000000   Number         0  stubs.o ABSOLUTE
    _printf_charcount                        0x00000000   Number         0  stubs.o ABSOLUTE
    _printf_d                                0x00000000   Number         0  stubs.o ABSOLUTE
    _printf_e                                0x00000000   Number         0  stubs.o ABSOLUTE
    _printf_f                                0x00000000   Number         0  stubs.o ABSOLUTE
    _printf_flags                            0x00000000   Number         0  stubs.o ABSOLUTE
    _printf_fp_dec                           0x00000000   Number         0  stubs.o ABSOLUTE
    _printf_fp_hex                           0x00000000   Number         0  stubs.o ABSOLUTE
    _printf_g                                0x00000000   Number         0  stubs.o ABSOLUTE
    _printf_i                                0x00000000   Number         0  stubs.o ABSOLUTE
    _printf_int_dec                          0x00000000   Number         0  stubs.o ABSOLUTE
    _printf_l                                0x00000000   Number         0  stubs.o ABSOLUTE
    _printf_lc                               0x00000000   Number         0  stubs.o ABSOLUTE
    _printf_ll                               0x00000000   Number         0  stubs.o ABSOLUTE
    _printf_lld                              0x00000000   Number         0  stubs.o ABSOLUTE
    _printf_lli                              0x00000000   Number         0  stubs.o ABSOLUTE
    _printf_llo                              0x00000000   Number         0  stubs.o ABSOLUTE
    _printf_llu                              0x00000000   Number         0  stubs.o ABSOLUTE
    _printf_llx                              0x00000000   Number         0  stubs.o ABSOLUTE
    _printf_longlong_dec                     0x00000000   Number         0  stubs.o ABSOLUTE
    _printf_longlong_hex                     0x00000000   Number         0  stubs.o ABSOLUTE
    _printf_longlong_oct                     0x00000000   Number         0  stubs.o ABSOLUTE
    _printf_ls                               0x00000000   Number         0  stubs.o ABSOLUTE
    _printf_mbtowc                           0x00000000   Number         0  stubs.o ABSOLUTE
    _printf_n                                0x00000000   Number         0  stubs.o ABSOLUTE
    _printf_o                                0x00000000   Number         0  stubs.o ABSOLUTE
    _printf_p                                0x00000000   Number         0  stubs.o ABSOLUTE
    _printf_percent                          0x00000000   Number         0  stubs.o ABSOLUTE
    _printf_pre_padding                      0x00000000   Number         0  stubs.o ABSOLUTE
    _printf_return_value                     0x00000000   Number         0  stubs.o ABSOLUTE
    _printf_s                                0x00000000   Number         0  stubs.o ABSOLUTE
    _printf_sizespec                         0x00000000   Number         0  stubs.o ABSOLUTE
    _printf_str                              0x00000000   Number         0  stubs.o ABSOLUTE
    _printf_truncate_signed                  0x00000000   Number         0  stubs.o ABSOLUTE
    _printf_truncate_unsigned                0x00000000   Number         0  stubs.o ABSOLUTE
    _printf_u                                0x00000000   Number         0  stubs.o ABSOLUTE
    _printf_wc                               0x00000000   Number         0  stubs.o ABSOLUTE
    _printf_wctomb                           0x00000000   Number         0  stubs.o ABSOLUTE
    _printf_widthprec                        0x00000000   Number         0  stubs.o ABSOLUTE
    _printf_x                                0x00000000   Number         0  stubs.o ABSOLUTE
    __cpp_initialize__aeabi_                  - Undefined Weak Reference
    __cxa_finalize                            - Undefined Weak Reference
    __decompress                              - Undefined Weak Reference
    _clock_init                               - Undefined Weak Reference
    _microlib_exit                            - Undefined Weak Reference
    __Vectors_Size                           0x00000188   Number         0  startup_stm32f37x.o ABSOLUTE
    __Vectors                                0x08000000   Data           4  startup_stm32f37x.o(RESET)
    __Vectors_End                            0x08000188   Data           0  startup_stm32f37x.o(RESET)
    __main                                   0x08000189   Thumb Code     0  entry.o(.ARM.Collect$$$$00000000)
    _main_stk                                0x08000189   Thumb Code     0  entry2.o(.ARM.Collect$$$$00000001)
    _main_scatterload                        0x0800018d   Thumb Code     0  entry5.o(.ARM.Collect$$$$00000004)
    __main_after_scatterload                 0x08000191   Thumb Code     0  entry5.o(.ARM.Collect$$$$00000004)
    _main_clock                              0x08000191   Thumb Code     0  entry7b.o(.ARM.Collect$$$$00000008)
    _main_cpp_init                           0x08000191   Thumb Code     0  entry8b.o(.ARM.Collect$$$$0000000A)
    _main_init                               0x08000191   Thumb Code     0  entry9a.o(.ARM.Collect$$$$0000000B)
    __rt_final_cpp                           0x08000199   Thumb Code     0  entry10a.o(.ARM.Collect$$$$0000000D)
    __rt_final_exit                          0x08000199   Thumb Code     0  entry11a.o(.ARM.Collect$$$$0000000F)
    Reset_Handler                            0x0800019d   Thumb Code     8  startup_stm32f37x.o(.text)
    ADC1_IRQHandler                          0x080001b7   Thumb Code     0  startup_stm32f37x.o(.text)
    CAN1_RX0_IRQHandler                      0x080001b7   Thumb Code     0  startup_stm32f37x.o(.text)
    CAN1_RX1_IRQHandler                      0x080001b7   Thumb Code     0  startup_stm32f37x.o(.text)
    CAN1_SCE_IRQHandler                      0x080001b7   Thumb Code     0  startup_stm32f37x.o(.text)
    CAN1_TX_IRQHandler                       0x080001b7   Thumb Code     0  startup_stm32f37x.o(.text)
    CEC_IRQHandler                           0x080001b7   Thumb Code     0  startup_stm32f37x.o(.text)
    COMP_IRQHandler                          0x080001b7   Thumb Code     0  startup_stm32f37x.o(.text)
    DMA1_Channel1_IRQHandler                 0x080001b7   Thumb Code     0  startup_stm32f37x.o(.text)
    DMA1_Channel2_IRQHandler                 0x080001b7   Thumb Code     0  startup_stm32f37x.o(.text)
    DMA1_Channel3_IRQHandler                 0x080001b7   Thumb Code     0  startup_stm32f37x.o(.text)
    DMA1_Channel4_IRQHandler                 0x080001b7   Thumb Code     0  startup_stm32f37x.o(.text)
    DMA1_Channel5_IRQHandler                 0x080001b7   Thumb Code     0  startup_stm32f37x.o(.text)
    DMA1_Channel6_IRQHandler                 0x080001b7   Thumb Code     0  startup_stm32f37x.o(.text)
    DMA1_Channel7_IRQHandler                 0x080001b7   Thumb Code     0  startup_stm32f37x.o(.text)
    DMA2_Channel1_IRQHandler                 0x080001b7   Thumb Code     0  startup_stm32f37x.o(.text)
    DMA2_Channel2_IRQHandler                 0x080001b7   Thumb Code     0  startup_stm32f37x.o(.text)
    DMA2_Channel3_IRQHandler                 0x080001b7   Thumb Code     0  startup_stm32f37x.o(.text)
    DMA2_Channel4_IRQHandler                 0x080001b7   Thumb Code     0  startup_stm32f37x.o(.text)
    DMA2_Channel5_IRQHandler                 0x080001b7   Thumb Code     0  startup_stm32f37x.o(.text)
    EXTI0_IRQHandler                         0x080001b7   Thumb Code     0  startup_stm32f37x.o(.text)
    EXTI15_10_IRQHandler                     0x080001b7   Thumb Code     0  startup_stm32f37x.o(.text)
    EXTI1_IRQHandler                         0x080001b7   Thumb Code     0  startup_stm32f37x.o(.text)
    EXTI2_TS_IRQHandler                      0x080001b7   Thumb Code     0  startup_stm32f37x.o(.text)
    EXTI3_IRQHandler                         0x080001b7   Thumb Code     0  startup_stm32f37x.o(.text)
    EXTI4_IRQHandler                         0x080001b7   Thumb Code     0  startup_stm32f37x.o(.text)
    EXTI9_5_IRQHandler                       0x080001b7   Thumb Code     0  startup_stm32f37x.o(.text)
    FLASH_IRQHandler                         0x080001b7   Thumb Code     0  startup_stm32f37x.o(.text)
    FPU_IRQHandler                           0x080001b7   Thumb Code     0  startup_stm32f37x.o(.text)
    I2C1_ER_IRQHandler                       0x080001b7   Thumb Code     0  startup_stm32f37x.o(.text)
    I2C1_EV_IRQHandler                       0x080001b7   Thumb Code     0  startup_stm32f37x.o(.text)
    I2C2_ER_IRQHandler                       0x080001b7   Thumb Code     0  startup_stm32f37x.o(.text)
    I2C2_EV_IRQHandler                       0x080001b7   Thumb Code     0  startup_stm32f37x.o(.text)
    PVD_IRQHandler                           0x080001b7   Thumb Code     0  startup_stm32f37x.o(.text)
    RCC_IRQHandler                           0x080001b7   Thumb Code     0  startup_stm32f37x.o(.text)
    RTC_Alarm_IRQHandler                     0x080001b7   Thumb Code     0  startup_stm32f37x.o(.text)
    RTC_WKUP_IRQHandler                      0x080001b7   Thumb Code     0  startup_stm32f37x.o(.text)
    SDADC1_IRQHandler                        0x080001b7   Thumb Code     0  startup_stm32f37x.o(.text)
    SDADC2_IRQHandler                        0x080001b7   Thumb Code     0  startup_stm32f37x.o(.text)
    SDADC3_IRQHandler                        0x080001b7   Thumb Code     0  startup_stm32f37x.o(.text)
    SPI1_IRQHandler                          0x080001b7   Thumb Code     0  startup_stm32f37x.o(.text)
    SPI2_IRQHandler                          0x080001b7   Thumb Code     0  startup_stm32f37x.o(.text)
    SPI3_IRQHandler                          0x080001b7   Thumb Code     0  startup_stm32f37x.o(.text)
    TAMPER_STAMP_IRQHandler                  0x080001b7   Thumb Code     0  startup_stm32f37x.o(.text)
    TIM12_IRQHandler                         0x080001b7   Thumb Code     0  startup_stm32f37x.o(.text)
    TIM13_IRQHandler                         0x080001b7   Thumb Code     0  startup_stm32f37x.o(.text)
    TIM14_IRQHandler                         0x080001b7   Thumb Code     0  startup_stm32f37x.o(.text)
    TIM15_IRQHandler                         0x080001b7   Thumb Code     0  startup_stm32f37x.o(.text)
    TIM16_IRQHandler                         0x080001b7   Thumb Code     0  startup_stm32f37x.o(.text)
    TIM17_IRQHandler                         0x080001b7   Thumb Code     0  startup_stm32f37x.o(.text)
    TIM18_DAC2_IRQHandler                    0x080001b7   Thumb Code     0  startup_stm32f37x.o(.text)
    TIM19_IRQHandler                         0x080001b7   Thumb Code     0  startup_stm32f37x.o(.text)
    TIM2_IRQHandler                          0x080001b7   Thumb Code     0  startup_stm32f37x.o(.text)
    TIM3_IRQHandler                          0x080001b7   Thumb Code     0  startup_stm32f37x.o(.text)
    TIM4_IRQHandler                          0x080001b7   Thumb Code     0  startup_stm32f37x.o(.text)
    TIM5_IRQHandler                          0x080001b7   Thumb Code     0  startup_stm32f37x.o(.text)
    TIM6_DAC1_IRQHandler                     0x080001b7   Thumb Code     0  startup_stm32f37x.o(.text)
    TIM7_IRQHandler                          0x080001b7   Thumb Code     0  startup_stm32f37x.o(.text)
    USART1_IRQHandler                        0x080001b7   Thumb Code     0  startup_stm32f37x.o(.text)
    USART2_IRQHandler                        0x080001b7   Thumb Code     0  startup_stm32f37x.o(.text)
    USART3_IRQHandler                        0x080001b7   Thumb Code     0  startup_stm32f37x.o(.text)
    USBWakeUp_IRQHandler                     0x080001b7   Thumb Code     0  startup_stm32f37x.o(.text)
    USB_HP_IRQHandler                        0x080001b7   Thumb Code     0  startup_stm32f37x.o(.text)
    USB_LP_IRQHandler                        0x080001b7   Thumb Code     0  startup_stm32f37x.o(.text)
    WWDG_IRQHandler                          0x080001b7   Thumb Code     0  startup_stm32f37x.o(.text)
    __aeabi_uldivmod                         0x080001c1   Thumb Code    98  uldiv.o(.text)
    __scatterload                            0x08000225   Thumb Code    28  init.o(.text)
    __scatterload_rt2                        0x08000225   Thumb Code     0  init.o(.text)
    __aeabi_llsl                             0x08000249   Thumb Code    30  llshl.o(.text)
    _ll_shift_l                              0x08000249   Thumb Code     0  llshl.o(.text)
    __aeabi_llsr                             0x08000267   Thumb Code    32  llushr.o(.text)
    _ll_ushift_r                             0x08000267   Thumb Code     0  llushr.o(.text)
    BusFault_Handler                         0x08000287   Thumb Code     4  stm32f37x_it.o(i.BusFault_Handler)
    DebugMon_Handler                         0x0800028b   Thumb Code     2  stm32f37x_it.o(i.DebugMon_Handler)
    Delay_Init                               0x0800028d   Thumb Code    50  delay.o(i.Delay_Init)
    Delay_ms                                 0x080002c9   Thumb Code    56  delay.o(i.Delay_ms)
    GPIO_Init                                0x08000305   Thumb Code   144  stm32f37x_gpio.o(i.GPIO_Init)
    GPIO_PinAFConfig                         0x08000395   Thumb Code    70  stm32f37x_gpio.o(i.GPIO_PinAFConfig)
    GPIO_ReadInputDataBit                    0x080003db   Thumb Code    18  stm32f37x_gpio.o(i.GPIO_ReadInputDataBit)
    GPIO_ResetBits                           0x080003ed   Thumb Code     4  stm32f37x_gpio.o(i.GPIO_ResetBits)
    GPIO_SetBits                             0x080003f1   Thumb Code     4  stm32f37x_gpio.o(i.GPIO_SetBits)
    HardFault_Handler                        0x080003f5   Thumb Code     4  stm32f37x_it.o(i.HardFault_Handler)
    I2C_ReadDataBuffer                       0x08000485   Thumb Code    60  mpu6050.o(i.I2C_ReadDataBuffer)
    I2C_ReadDeviceRegister                   0x080004c1   Thumb Code    80  mpu6050.o(i.I2C_ReadDeviceRegister)
    I2C_WriteDeviceRegister                  0x08000649   Thumb Code    66  mpu6050.o(i.I2C_WriteDeviceRegister)
    LED_Init                                 0x08000699   Thumb Code    90  led.o(i.LED_Init)
    MPU6050_Correct                          0x080006f9   Thumb Code   190  mpu6050.o(i.MPU6050_Correct)
    MPU6050_GetID                            0x080007b7   Thumb Code    16  mpu6050.o(i.MPU6050_GetID)
    MPU6050_Init                             0x080007c7   Thumb Code   112  mpu6050.o(i.MPU6050_Init)
    MPU6050_Reset                            0x08000899   Thumb Code    30  mpu6050.o(i.MPU6050_Reset)
    MemManage_Handler                        0x080008b7   Thumb Code     4  stm32f37x_it.o(i.MemManage_Handler)
    NMI_Handler                              0x080008bb   Thumb Code     2  stm32f37x_it.o(i.NMI_Handler)
    PendSV_Handler                           0x080008bd   Thumb Code     2  stm32f37x_it.o(i.PendSV_Handler)
    RCC_AHBPeriphClockCmd                    0x080008c1   Thumb Code    26  stm32f37x_rcc.o(i.RCC_AHBPeriphClockCmd)
    RCC_APB2PeriphClockCmd                   0x080008e1   Thumb Code    26  stm32f37x_rcc.o(i.RCC_APB2PeriphClockCmd)
    RCC_GetClocksFreq                        0x08000901   Thumb Code   504  stm32f37x_rcc.o(i.RCC_GetClocksFreq)
    SVC_Handler                              0x08000b15   Thumb Code     2  stm32f37x_it.o(i.SVC_Handler)
    SysTick_CLKSourceConfig                  0x08000bdd   Thumb Code    40  stm32f37x_misc.o(i.SysTick_CLKSourceConfig)
    SysTick_Handler                          0x08000c05   Thumb Code     2  stm32f37x_it.o(i.SysTick_Handler)
    SystemInit                               0x08000c09   Thumb Code   110  system_stm32f37x.o(i.SystemInit)
    UART_Init                                0x08000c89   Thumb Code   128  uart.o(i.UART_Init)
    USART_ClearFlag                          0x08000d0d   Thumb Code     4  stm32f37x_usart.o(i.USART_ClearFlag)
    USART_Cmd                                0x08000d11   Thumb Code    22  stm32f37x_usart.o(i.USART_Cmd)
    USART_GetFlagStatus                      0x08000d27   Thumb Code    18  stm32f37x_usart.o(i.USART_GetFlagStatus)
    USART_Init                               0x08000d39   Thumb Code   196  stm32f37x_usart.o(i.USART_Init)
    USART_SendData                           0x08000e05   Thumb Code     8  stm32f37x_usart.o(i.USART_SendData)
    UsageFault_Handler                       0x08000e0d   Thumb Code     4  stm32f37x_it.o(i.UsageFault_Handler)
    __0printf$5                              0x08000e11   Thumb Code    22  printf5.o(i.__0printf$5)
    __1printf$5                              0x08000e11   Thumb Code     0  printf5.o(i.__0printf$5)
    __2printf                                0x08000e11   Thumb Code     0  printf5.o(i.__0printf$5)
    __scatterload_copy                       0x08000e31   Thumb Code    14  handlers.o(i.__scatterload_copy)
    __scatterload_null                       0x08000e3f   Thumb Code     2  handlers.o(i.__scatterload_null)
    __scatterload_zeroinit                   0x08000e41   Thumb Code    14  handlers.o(i.__scatterload_zeroinit)
    fputc                                    0x08001111   Thumb Code    32  uart.o(i.fputc)
    main                                     0x08001135   Thumb Code   158  main.o(i.main)
    Region$$Table$$Base                      0x08001230   Number         0  anon$$obj.o(Region$$Table)
    Region$$Table$$Limit                     0x08001250   Number         0  anon$$obj.o(Region$$Table)
    GPIO_InitStructure                       0x20000000   Data           8  main.o(.data)
    Acce                                     0x20000008   Data           6  main.o(.data)
    AcceOffset                               0x2000000e   Data           6  main.o(.data)
    Gyro                                     0x20000014   Data           6  main.o(.data)
    GyroOffset                               0x2000001a   Data           6  main.o(.data)
    __stdout                                 0x2000004c   Data           4  stdout.o(.data)
    MPU6050_InitStruct                       0x20000050   Data          10  main.o(.bss)
    __initial_sp                             0x20000460   Data           0  startup_stm32f37x.o(STACK)



==============================================================================

Memory Map of the image

  Image Entry point : 0x08000189

  Load Region LR_IROM1 (Base: 0x08000000, Size: 0x000012a0, Max: 0x00040000, ABSOLUTE)

    Execution Region ER_IROM1 (Base: 0x08000000, Size: 0x00001250, Max: 0x00040000, ABSOLUTE)

    Base Addr    Size         Type   Attr      Idx    E Section Name        Object

    0x08000000   0x00000188   Data   RO            3    RESET               startup_stm32f37x.o
    0x08000188   0x00000000   Code   RO         1532  * .ARM.Collect$$$$00000000  mc_w.l(entry.o)
    0x08000188   0x00000004   Code   RO         1796    .ARM.Collect$$$$00000001  mc_w.l(entry2.o)
    0x0800018c   0x00000004   Code   RO         1799    .ARM.Collect$$$$00000004  mc_w.l(entry5.o)
    0x08000190   0x00000000   Code   RO         1801    .ARM.Collect$$$$00000008  mc_w.l(entry7b.o)
    0x08000190   0x00000000   Code   RO         1803    .ARM.Collect$$$$0000000A  mc_w.l(entry8b.o)
    0x08000190   0x00000008   Code   RO         1804    .ARM.Collect$$$$0000000B  mc_w.l(entry9a.o)
    0x08000198   0x00000000   Code   RO         1806    .ARM.Collect$$$$0000000D  mc_w.l(entry10a.o)
    0x08000198   0x00000000   Code   RO         1808    .ARM.Collect$$$$0000000F  mc_w.l(entry11a.o)
    0x08000198   0x00000004   Code   RO         1797    .ARM.Collect$$$$00002712  mc_w.l(entry2.o)
    0x0800019c   0x00000024   Code   RO            4    .text               startup_stm32f37x.o
    0x080001c0   0x00000062   Code   RO         1813    .text               mc_w.l(uldiv.o)
    0x08000222   0x00000002   PAD
    0x08000224   0x00000024   Code   RO         1826    .text               mc_w.l(init.o)
    0x08000248   0x0000001e   Code   RO         1828    .text               mc_w.l(llshl.o)
    0x08000266   0x00000020   Code   RO         1830    .text               mc_w.l(llushr.o)
    0x08000286   0x00000004   Code   RO          151    i.BusFault_Handler  stm32f37x_it.o
    0x0800028a   0x00000002   Code   RO          152    i.DebugMon_Handler  stm32f37x_it.o
    0x0800028c   0x0000003c   Code   RO          285    i.Delay_Init        delay.o
    0x080002c8   0x0000003c   Code   RO          287    i.Delay_ms          delay.o
    0x08000304   0x00000090   Code   RO          501    i.GPIO_Init         stm32f37x_gpio.o
    0x08000394   0x00000046   Code   RO          502    i.GPIO_PinAFConfig  stm32f37x_gpio.o
    0x080003da   0x00000012   Code   RO          505    i.GPIO_ReadInputDataBit  stm32f37x_gpio.o
    0x080003ec   0x00000004   Code   RO          508    i.GPIO_ResetBits    stm32f37x_gpio.o
    0x080003f0   0x00000004   Code   RO          509    i.GPIO_SetBits      stm32f37x_gpio.o
    0x080003f4   0x00000004   Code   RO          153    i.HardFault_Handler  stm32f37x_it.o
    0x080003f8   0x00000038   Code   RO          346    i.I2C_NoAck         mpu6050.o
    0x08000430   0x00000054   Code   RO          347    i.I2C_ReadByte      mpu6050.o
    0x08000484   0x0000003c   Code   RO          348    i.I2C_ReadDataBuffer  mpu6050.o
    0x080004c0   0x00000050   Code   RO          349    i.I2C_ReadDeviceRegister  mpu6050.o
    0x08000510   0x00000054   Code   RO          351    i.I2C_START         mpu6050.o
    0x08000564   0x00000038   Code   RO          352    i.I2C_STOP          mpu6050.o
    0x0800059c   0x00000058   Code   RO          353    i.I2C_SendByte      mpu6050.o
    0x080005f4   0x00000054   Code   RO          354    i.I2C_WaitAck       mpu6050.o
    0x08000648   0x00000042   Code   RO          355    i.I2C_WriteDeviceRegister  mpu6050.o
    0x0800068a   0x0000000e   Code   RO          357    i.I2C_delay         mpu6050.o
    0x08000698   0x00000060   Code   RO          325    i.LED_Init          led.o
    0x080006f8   0x000000be   Code   RO          358    i.MPU6050_Correct   mpu6050.o
    0x080007b6   0x00000010   Code   RO          365    i.MPU6050_GetID     mpu6050.o
    0x080007c6   0x00000070   Code   RO          367    i.MPU6050_Init      mpu6050.o
    0x08000836   0x00000002   PAD
    0x08000838   0x00000060   Code   RO          368    i.MPU6050_LowLevel_Init  mpu6050.o
    0x08000898   0x0000001e   Code   RO          369    i.MPU6050_Reset     mpu6050.o
    0x080008b6   0x00000004   Code   RO          154    i.MemManage_Handler  stm32f37x_it.o
    0x080008ba   0x00000002   Code   RO          155    i.NMI_Handler       stm32f37x_it.o
    0x080008bc   0x00000002   Code   RO          156    i.PendSV_Handler    stm32f37x_it.o
    0x080008be   0x00000002   PAD
    0x080008c0   0x00000020   Code   RO          593    i.RCC_AHBPeriphClockCmd  stm32f37x_rcc.o
    0x080008e0   0x00000020   Code   RO          597    i.RCC_APB2PeriphClockCmd  stm32f37x_rcc.o
    0x08000900   0x00000214   Code   RO          606    i.RCC_GetClocksFreq  stm32f37x_rcc.o
    0x08000b14   0x00000002   Code   RO          157    i.SVC_Handler       stm32f37x_it.o
    0x08000b16   0x00000002   PAD
    0x08000b18   0x000000c4   Code   RO          222    i.SetSysClock       system_stm32f37x.o
    0x08000bdc   0x00000028   Code   RO          846    i.SysTick_CLKSourceConfig  stm32f37x_misc.o
    0x08000c04   0x00000002   Code   RO          158    i.SysTick_Handler   stm32f37x_it.o
    0x08000c06   0x00000002   PAD
    0x08000c08   0x00000080   Code   RO          224    i.SystemInit        system_stm32f37x.o
    0x08000c88   0x00000084   Code   RO          259    i.UART_Init         uart.o
    0x08000d0c   0x00000004   Code   RO          963    i.USART_ClearFlag   stm32f37x_usart.o
    0x08000d10   0x00000016   Code   RO          967    i.USART_Cmd         stm32f37x_usart.o
    0x08000d26   0x00000012   Code   RO          975    i.USART_GetFlagStatus  stm32f37x_usart.o
    0x08000d38   0x000000cc   Code   RO          979    i.USART_Init        stm32f37x_usart.o
    0x08000e04   0x00000008   Code   RO          996    i.USART_SendData    stm32f37x_usart.o
    0x08000e0c   0x00000004   Code   RO          159    i.UsageFault_Handler  stm32f37x_it.o
    0x08000e10   0x00000020   Code   RO         1668    i.__0printf$5       mc_w.l(printf5.o)
    0x08000e30   0x0000000e   Code   RO         1838    i.__scatterload_copy  mc_w.l(handlers.o)
    0x08000e3e   0x00000002   Code   RO         1839    i.__scatterload_null  mc_w.l(handlers.o)
    0x08000e40   0x0000000e   Code   RO         1840    i.__scatterload_zeroinit  mc_w.l(handlers.o)
    0x08000e4e   0x00000002   PAD
    0x08000e50   0x000002c0   Code   RO         1675    i._printf_core      mc_w.l(printf5.o)
    0x08001110   0x00000024   Code   RO          260    i.fputc             uart.o
    0x08001134   0x000000fc   Code   RO           12    i.main              main.o
    0x08001230   0x00000020   Data   RO         1836    Region$$Table       anon$$obj.o


    Execution Region RW_IRAM1 (Base: 0x20000000, Size: 0x00000460, Max: 0x00008000, ABSOLUTE)

    Base Addr    Size         Type   Attr      Idx    E Section Name        Object

    0x20000000   0x00000020   Data   RW           14    .data               main.o
    0x20000020   0x00000008   Data   RW          289    .data               delay.o
    0x20000028   0x00000024   Data   RW          631    .data               stm32f37x_rcc.o
    0x2000004c   0x00000004   Data   RW         1810    .data               mc_w.l(stdout.o)
    0x20000050   0x0000000a   Zero   RW           13    .bss                main.o
    0x2000005a   0x00000006   PAD
    0x20000060   0x00000400   Zero   RW            1    STACK               startup_stm32f37x.o


==============================================================================

Image component sizes


      Code (inc. data)   RO Data    RW Data    ZI Data      Debug   Object Name

       120         14          0          8          0       1168   delay.o
        96          6          0          0          0        555   led.o
       252         94          0         32         10     204519   main.o
      1116         36          0          0          0       8997   mpu6050.o
        36          8        392          0       1024        948   startup_stm32f37x.o
       240          0          0          0          0       3799   stm32f37x_gpio.o
        26          0          0          0          0       4002   stm32f37x_it.o
        40          0          0          0          0        606   stm32f37x_misc.o
       596         40          0         36          0       4137   stm32f37x_rcc.o
       256          8          0          0          0       4086   stm32f37x_usart.o
       324         26          0          0          0       1469   system_stm32f37x.o
       168          8          0          0          0       1168   uart.o

    ----------------------------------------------------------------------
      3278        240        424         76       1040     235454   Object Totals
         0          0         32          0          0          0   (incl. Generated)
         8          0          0          0          6          0   (incl. Padding)

    ----------------------------------------------------------------------

      Code (inc. data)   RO Data    RW Data    ZI Data      Debug   Library Member Name

         0          0          0          0          0          0   entry.o
         0          0          0          0          0          0   entry10a.o
         0          0          0          0          0          0   entry11a.o
         8          4          0          0          0          0   entry2.o
         4          0          0          0          0          0   entry5.o
         0          0          0          0          0          0   entry7b.o
         0          0          0          0          0          0   entry8b.o
         8          4          0          0          0          0   entry9a.o
        30          0          0          0          0          0   handlers.o
        36          8          0          0          0         68   init.o
        30          0          0          0          0         68   llshl.o
        32          0          0          0          0         68   llushr.o
       736         56          0          0          0        184   printf5.o
         0          0          0          4          0          0   stdout.o
        98          0          0          0          0         92   uldiv.o

    ----------------------------------------------------------------------
       986         72          0          4          0        480   Library Totals
         4          0          0          0          0          0   (incl. Padding)

    ----------------------------------------------------------------------

      Code (inc. data)   RO Data    RW Data    ZI Data      Debug   Library Name

       982         72          0          4          0        480   mc_w.l

    ----------------------------------------------------------------------
       986         72          0          4          0        480   Library Totals

    ----------------------------------------------------------------------

==============================================================================


      Code (inc. data)   RO Data    RW Data    ZI Data      Debug   

      4264        312        424         80       1040     231882   Grand Totals
      4264        312        424         80       1040     231882   ELF Image Totals
      4264        312        424         80          0          0   ROM Totals

==============================================================================

    Total RO  Size (Code + RO Data)                 4688 (   4.58kB)
    Total RW  Size (RW Data + ZI Data)              1120 (   1.09kB)
    Total ROM Size (Code + RO Data + RW Data)       4768 (   4.66kB)

==============================================================================

