<html>
<body>
<pre>
<h1>µVision Build Log</h1>
<h2>Tool Versions:</h2>
IDE-Version: ¦ÌVision V5.16.0.0
Copyright (C) 2015 ARM Ltd and ARM Germany GmbH. All rights reserved.
License Information: cky Microsoft, Microsoft, LIC=MPPPC-7NF9B-45VT5-GD9HJ-QF68I-FPI5F
 
Tool Versions:
Toolchain:       MDK-ARM Standard  Version: 5.16.0.0
Toolchain Path:  D:\MDK\install\ARM\ARMCC\Bin
C Compiler:      Armcc.exe V5.06 (build 20)
Assembler:       Armasm.exe V5.06 (build 20)
Linker/Locator:  ArmLink.exe V5.06 (build 20)
Library Manager: ArmAr.exe V5.06 (build 20)
Hex Converter:   FromElf.exe V5.06 (build 20)
CPU DLL:         SARMCM3.DLL V5.16.0.0
Dialog DLL:      DCM.DLL V1.13.2.0
Target DLL:      Segger\JL2CM3.dll V2.99.15.2
Dialog DLL:      TCM.DLL V1.14.5.0
 
<h2>Project:</h2>
E:\MyWork\STM32F37x\FreeRTOS\proj\RTOS.uvprojx
Project File Date:  06/27/2015

<h2>Output:</h2>
*** Using Compiler 'V5.06 (build 20)', folder: 'D:\MDK\install\ARM\ARMCC\Bin'
Build target 'Target 1'
assembling startup_stm32f37x.s...
compiling main.c...
compiling stm32f37x_it.c...
..\main\stm32f37x_it.c(159): warning:  #223-D: function "xPortSysTickHandler" declared implicitly
  		xPortSysTickHandler();
..\main\stm32f37x_it.c: 1 warning, 0 errors
compiling system_stm32f37x.c...
compiling LED.c...
compiling cpu_utils.c...
compiling UART.c...
compiling stm32f37x_gpio.c...
compiling stm32f37x_misc.c...
compiling stm32f37x_rcc.c...
compiling croutine.c...
compiling stm32f37x_syscfg.c...
compiling list.c...
compiling stm32f37x_usart.c...
compiling queue.c...
compiling tasks.c...
compiling timers.c...
compiling heap_4.c...
compiling cmsis_os.c...
compiling port.c...
linking...
Program Size: Code=7168 RO-data=524 RW-data=192 ZI-data=27008  
".\Objects\RTOS.axf" - 0 Error(s), 1 Warning(s).

<h2>Collection of Component include folders:</h2>
  E:\MyWork\STM32F37x\FreeRTOS\proj\RTE
  D:\MDK\install\ARM\PACK\Keil\STM32F3xx_DFP\1.2.0\Device\Include

<h2>Collection of Component Files used:</h2>
Build Time Elapsed:  00:00:09
</pre>
</body>
</html>
