Component: ARM Compiler 5.06 update 2 (build 183) Tool: armlink [4d35b7]

==============================================================================

Section Cross References

    startup_stm32f37x.o(RESET) refers to startup_stm32f37x.o(STACK) for __initial_sp
    startup_stm32f37x.o(RESET) refers to startup_stm32f37x.o(.text) for Reset_Handler
    startup_stm32f37x.o(RESET) refers to stm32f37x_it.o(i.NMI_Handler) for NMI_Handler
    startup_stm32f37x.o(RESET) refers to stm32f37x_it.o(i.HardFault_Handler) for HardFault_Handler
    startup_stm32f37x.o(RESET) refers to stm32f37x_it.o(i.MemManage_Handler) for MemManage_Handler
    startup_stm32f37x.o(RESET) refers to stm32f37x_it.o(i.BusFault_Handler) for BusFault_Handler
    startup_stm32f37x.o(RESET) refers to stm32f37x_it.o(i.UsageFault_Handler) for UsageFault_Handler
    startup_stm32f37x.o(RESET) refers to stm32f37x_it.o(i.SVC_Handler) for SVC_Handler
    startup_stm32f37x.o(RESET) refers to stm32f37x_it.o(i.DebugMon_Handler) for DebugMon_Handler
    startup_stm32f37x.o(RESET) refers to stm32f37x_it.o(i.PendSV_Handler) for PendSV_Handler
    startup_stm32f37x.o(RESET) refers to stm32f37x_it.o(i.SysTick_Handler) for SysTick_Handler
    startup_stm32f37x.o(.text) refers to system_stm32f37x.o(i.SystemInit) for SystemInit
    startup_stm32f37x.o(.text) refers to entry.o(.ARM.Collect$$$$00000000) for __main
    main.o(i.main) refers to delay.o(i.Delay_Init) for Delay_Init
    main.o(i.main) refers to stm32f37x_rcc.o(i.RCC_APB2PeriphClockCmd) for RCC_APB2PeriphClockCmd
    main.o(i.main) refers to stm32f37x_rcc.o(i.RCC_AHBPeriphClockCmd) for RCC_AHBPeriphClockCmd
    main.o(i.main) refers to stm32f37x_gpio.o(i.GPIO_Init) for GPIO_Init
    main.o(i.main) refers to pwm.o(i.PWM_GeneraterInit) for PWM_GeneraterInit
    main.o(i.main) refers to pwm.o(i.PWM_CCRSet) for PWM_CCRSet
    main.o(i.main) refers to stm32f37x_gpio.o(i.GPIO_ReadInputDataBit) for GPIO_ReadInputDataBit
    main.o(i.main) refers to delay.o(i.Delay_ms) for Delay_ms
    main.o(i.main) refers to main.o(.data) for .data
    system_stm32f37x.o(i.SystemCoreClockUpdate) refers to system_stm32f37x.o(.data) for .data
    system_stm32f37x.o(i.SystemInit) refers to system_stm32f37x.o(i.SetSysClock) for SetSysClock
    delay.o(i.Delay_Init) refers to stm32f37x_misc.o(i.SysTick_CLKSourceConfig) for SysTick_CLKSourceConfig
    delay.o(i.Delay_Init) refers to delay.o(.data) for .data
    delay.o(i.Delay_lms) refers to delay.o(i.Delay_ms) for Delay_ms
    delay.o(i.Delay_ms) refers to delay.o(.data) for .data
    delay.o(i.Delay_us) refers to delay.o(.data) for .data
    pwm.o(i.PWM_CCRSet) refers to stm32f37x_tim.o(i.TIM_SetCompare4) for TIM_SetCompare4
    pwm.o(i.PWM_DutyRateSet) refers to stm32f37x_tim.o(i.TIM_SetCompare1) for TIM_SetCompare1
    pwm.o(i.PWM_DutyRateSet) refers to stm32f37x_tim.o(i.TIM_SetCompare2) for TIM_SetCompare2
    pwm.o(i.PWM_DutyRateSet) refers to stm32f37x_tim.o(i.TIM_SetCompare3) for TIM_SetCompare3
    pwm.o(i.PWM_DutyRateSet) refers to stm32f37x_tim.o(i.TIM_SetCompare4) for TIM_SetCompare4
    pwm.o(i.PWM_GeneraterInit) refers to stm32f37x_rcc.o(i.RCC_APB2PeriphClockCmd) for RCC_APB2PeriphClockCmd
    pwm.o(i.PWM_GeneraterInit) refers to stm32f37x_rcc.o(i.RCC_AHBPeriphClockCmd) for RCC_AHBPeriphClockCmd
    pwm.o(i.PWM_GeneraterInit) refers to stm32f37x_gpio.o(i.GPIO_Init) for GPIO_Init
    pwm.o(i.PWM_GeneraterInit) refers to stm32f37x_gpio.o(i.GPIO_PinAFConfig) for GPIO_PinAFConfig
    pwm.o(i.PWM_GeneraterInit) refers to stm32f37x_tim.o(i.TIM_TimeBaseInit) for TIM_TimeBaseInit
    pwm.o(i.PWM_GeneraterInit) refers to stm32f37x_tim.o(i.TIM_OC4Init) for TIM_OC4Init
    pwm.o(i.PWM_GeneraterInit) refers to stm32f37x_tim.o(i.TIM_ARRPreloadConfig) for TIM_ARRPreloadConfig
    pwm.o(i.PWM_GeneraterInit) refers to stm32f37x_tim.o(i.TIM_Cmd) for TIM_Cmd
    pwm.o(i.PWM_GeneraterInit) refers to system_stm32f37x.o(.data) for SystemCoreClock
    stm32f37x_gpio.o(i.GPIO_DeInit) refers to stm32f37x_rcc.o(i.RCC_AHBPeriphResetCmd) for RCC_AHBPeriphResetCmd
    stm32f37x_rcc.o(i.RCC_GetClocksFreq) refers to stm32f37x_rcc.o(.data) for .data
    stm32f37x_rcc.o(i.RCC_WaitForHSEStartUp) refers to stm32f37x_rcc.o(i.RCC_GetFlagStatus) for RCC_GetFlagStatus
    stm32f37x_tim.o(i.TIM_DeInit) refers to stm32f37x_rcc.o(i.RCC_APB1PeriphResetCmd) for RCC_APB1PeriphResetCmd
    stm32f37x_tim.o(i.TIM_DeInit) refers to stm32f37x_rcc.o(i.RCC_APB2PeriphResetCmd) for RCC_APB2PeriphResetCmd
    stm32f37x_tim.o(i.TIM_ETRClockMode1Config) refers to stm32f37x_tim.o(i.TIM_ETRConfig) for TIM_ETRConfig
    stm32f37x_tim.o(i.TIM_ETRClockMode2Config) refers to stm32f37x_tim.o(i.TIM_ETRConfig) for TIM_ETRConfig
    stm32f37x_tim.o(i.TIM_ICInit) refers to stm32f37x_tim.o(i.TIM_SetIC4Prescaler) for TIM_SetIC4Prescaler
    stm32f37x_tim.o(i.TIM_ICInit) refers to stm32f37x_tim.o(i.TI1_Config) for TI1_Config
    stm32f37x_tim.o(i.TIM_ICInit) refers to stm32f37x_tim.o(i.TIM_SetIC1Prescaler) for TIM_SetIC1Prescaler
    stm32f37x_tim.o(i.TIM_ICInit) refers to stm32f37x_tim.o(i.TI2_Config) for TI2_Config
    stm32f37x_tim.o(i.TIM_ICInit) refers to stm32f37x_tim.o(i.TIM_SetIC2Prescaler) for TIM_SetIC2Prescaler
    stm32f37x_tim.o(i.TIM_ICInit) refers to stm32f37x_tim.o(i.TIM_SetIC3Prescaler) for TIM_SetIC3Prescaler
    stm32f37x_tim.o(i.TIM_ITRxExternalClockConfig) refers to stm32f37x_tim.o(i.TIM_SelectInputTrigger) for TIM_SelectInputTrigger
    stm32f37x_tim.o(i.TIM_PWMIConfig) refers to stm32f37x_tim.o(i.TI2_Config) for TI2_Config
    stm32f37x_tim.o(i.TIM_PWMIConfig) refers to stm32f37x_tim.o(i.TIM_SetIC2Prescaler) for TIM_SetIC2Prescaler
    stm32f37x_tim.o(i.TIM_PWMIConfig) refers to stm32f37x_tim.o(i.TI1_Config) for TI1_Config
    stm32f37x_tim.o(i.TIM_PWMIConfig) refers to stm32f37x_tim.o(i.TIM_SetIC1Prescaler) for TIM_SetIC1Prescaler
    stm32f37x_tim.o(i.TIM_TIxExternalClockConfig) refers to stm32f37x_tim.o(i.TI1_Config) for TI1_Config
    stm32f37x_tim.o(i.TIM_TIxExternalClockConfig) refers to stm32f37x_tim.o(i.TIM_SelectInputTrigger) for TIM_SelectInputTrigger
    stm32f37x_tim.o(i.TIM_TIxExternalClockConfig) refers to stm32f37x_tim.o(i.TI2_Config) for TI2_Config
    stm32f37x_usart.o(i.USART_DeInit) refers to stm32f37x_rcc.o(i.RCC_APB2PeriphResetCmd) for RCC_APB2PeriphResetCmd
    stm32f37x_usart.o(i.USART_DeInit) refers to stm32f37x_rcc.o(i.RCC_APB1PeriphResetCmd) for RCC_APB1PeriphResetCmd
    stm32f37x_usart.o(i.USART_Init) refers to stm32f37x_rcc.o(i.RCC_GetClocksFreq) for RCC_GetClocksFreq
    entry.o(.ARM.Collect$$$$00000000) refers (Special) to entry10a.o(.ARM.Collect$$$$0000000D) for __rt_final_cpp
    entry.o(.ARM.Collect$$$$00000000) refers (Special) to entry11a.o(.ARM.Collect$$$$0000000F) for __rt_final_exit
    entry.o(.ARM.Collect$$$$00000000) refers (Special) to entry7b.o(.ARM.Collect$$$$00000008) for _main_clock
    entry.o(.ARM.Collect$$$$00000000) refers (Special) to entry8b.o(.ARM.Collect$$$$0000000A) for _main_cpp_init
    entry.o(.ARM.Collect$$$$00000000) refers (Special) to entry9a.o(.ARM.Collect$$$$0000000B) for _main_init
    entry.o(.ARM.Collect$$$$00000000) refers (Special) to entry5.o(.ARM.Collect$$$$00000004) for _main_scatterload
    entry.o(.ARM.Collect$$$$00000000) refers (Special) to entry2.o(.ARM.Collect$$$$00000001) for _main_stk
    entry2.o(.ARM.Collect$$$$00000001) refers to entry2.o(.ARM.Collect$$$$00002712) for __lit__00000000
    entry2.o(.ARM.Collect$$$$00002712) refers to startup_stm32f37x.o(STACK) for __initial_sp
    entry2.o(__vectab_stack_and_reset_area) refers to startup_stm32f37x.o(STACK) for __initial_sp
    entry2.o(__vectab_stack_and_reset_area) refers to entry.o(.ARM.Collect$$$$00000000) for __main
    entry5.o(.ARM.Collect$$$$00000004) refers to init.o(.text) for __scatterload
    entry9a.o(.ARM.Collect$$$$0000000B) refers to main.o(i.main) for main
    entry9b.o(.ARM.Collect$$$$0000000C) refers to main.o(i.main) for main
    init.o(.text) refers to entry5.o(.ARM.Collect$$$$00000004) for __main_after_scatterload


==============================================================================

Removing Unused input sections from the image.

    Removing startup_stm32f37x.o(HEAP), (512 bytes).
    Removing main.o(.rev16_text), (4 bytes).
    Removing main.o(.revsh_text), (4 bytes).
    Removing stm32f37x_it.o(.rev16_text), (4 bytes).
    Removing stm32f37x_it.o(.revsh_text), (4 bytes).
    Removing system_stm32f37x.o(.rev16_text), (4 bytes).
    Removing system_stm32f37x.o(.revsh_text), (4 bytes).
    Removing system_stm32f37x.o(i.SystemCoreClockUpdate), (116 bytes).
    Removing delay.o(.rev16_text), (4 bytes).
    Removing delay.o(.revsh_text), (4 bytes).
    Removing delay.o(i.Delay_lms), (52 bytes).
    Removing delay.o(i.Delay_us), (40 bytes).
    Removing pwm.o(.rev16_text), (4 bytes).
    Removing pwm.o(.revsh_text), (4 bytes).
    Removing pwm.o(i.PWM_DutyRateSet), (52 bytes).
    Removing stm32f37x_gpio.o(.rev16_text), (4 bytes).
    Removing stm32f37x_gpio.o(.revsh_text), (4 bytes).
    Removing stm32f37x_gpio.o(i.GPIO_DeInit), (112 bytes).
    Removing stm32f37x_gpio.o(i.GPIO_PinLockConfig), (24 bytes).
    Removing stm32f37x_gpio.o(i.GPIO_ReadInputData), (4 bytes).
    Removing stm32f37x_gpio.o(i.GPIO_ReadOutputData), (4 bytes).
    Removing stm32f37x_gpio.o(i.GPIO_ReadOutputDataBit), (14 bytes).
    Removing stm32f37x_gpio.o(i.GPIO_ResetBits), (4 bytes).
    Removing stm32f37x_gpio.o(i.GPIO_SetBits), (4 bytes).
    Removing stm32f37x_gpio.o(i.GPIO_StructInit), (20 bytes).
    Removing stm32f37x_gpio.o(i.GPIO_Write), (4 bytes).
    Removing stm32f37x_gpio.o(i.GPIO_WriteBit), (10 bytes).
    Removing stm32f37x_misc.o(.rev16_text), (4 bytes).
    Removing stm32f37x_misc.o(.revsh_text), (4 bytes).
    Removing stm32f37x_misc.o(i.NVIC_Init), (100 bytes).
    Removing stm32f37x_misc.o(i.NVIC_PriorityGroupConfig), (20 bytes).
    Removing stm32f37x_misc.o(i.NVIC_SetVectorTable), (20 bytes).
    Removing stm32f37x_misc.o(i.NVIC_SystemLPConfig), (24 bytes).
    Removing stm32f37x_rcc.o(.rev16_text), (4 bytes).
    Removing stm32f37x_rcc.o(.revsh_text), (4 bytes).
    Removing stm32f37x_rcc.o(i.RCC_ADCCLKConfig), (24 bytes).
    Removing stm32f37x_rcc.o(i.RCC_AHBPeriphResetCmd), (24 bytes).
    Removing stm32f37x_rcc.o(i.RCC_APB1PeriphClockCmd), (24 bytes).
    Removing stm32f37x_rcc.o(i.RCC_APB1PeriphResetCmd), (24 bytes).
    Removing stm32f37x_rcc.o(i.RCC_APB2PeriphResetCmd), (24 bytes).
    Removing stm32f37x_rcc.o(i.RCC_AdjustHSICalibrationValue), (20 bytes).
    Removing stm32f37x_rcc.o(i.RCC_BackupResetCmd), (12 bytes).
    Removing stm32f37x_rcc.o(i.RCC_CECCLKConfig), (24 bytes).
    Removing stm32f37x_rcc.o(i.RCC_ClearFlag), (16 bytes).
    Removing stm32f37x_rcc.o(i.RCC_ClearITPendingBit), (12 bytes).
    Removing stm32f37x_rcc.o(i.RCC_ClockSecuritySystemCmd), (12 bytes).
    Removing stm32f37x_rcc.o(i.RCC_DeInit), (76 bytes).
    Removing stm32f37x_rcc.o(i.RCC_GetClocksFreq), (388 bytes).
    Removing stm32f37x_rcc.o(i.RCC_GetFlagStatus), (44 bytes).
    Removing stm32f37x_rcc.o(i.RCC_GetITStatus), (20 bytes).
    Removing stm32f37x_rcc.o(i.RCC_GetSYSCLKSource), (16 bytes).
    Removing stm32f37x_rcc.o(i.RCC_HCLKConfig), (20 bytes).
    Removing stm32f37x_rcc.o(i.RCC_HSEConfig), (16 bytes).
    Removing stm32f37x_rcc.o(i.RCC_HSICmd), (12 bytes).
    Removing stm32f37x_rcc.o(i.RCC_I2CCLKConfig), (32 bytes).
    Removing stm32f37x_rcc.o(i.RCC_ITConfig), (24 bytes).
    Removing stm32f37x_rcc.o(i.RCC_LSEConfig), (32 bytes).
    Removing stm32f37x_rcc.o(i.RCC_LSEDriveConfig), (24 bytes).
    Removing stm32f37x_rcc.o(i.RCC_LSICmd), (12 bytes).
    Removing stm32f37x_rcc.o(i.RCC_MCOConfig), (12 bytes).
    Removing stm32f37x_rcc.o(i.RCC_PCLK1Config), (20 bytes).
    Removing stm32f37x_rcc.o(i.RCC_PCLK2Config), (20 bytes).
    Removing stm32f37x_rcc.o(i.RCC_PLLCmd), (12 bytes).
    Removing stm32f37x_rcc.o(i.RCC_PLLConfig), (24 bytes).
    Removing stm32f37x_rcc.o(i.RCC_PREDIV1Config), (20 bytes).
    Removing stm32f37x_rcc.o(i.RCC_RTCCLKCmd), (12 bytes).
    Removing stm32f37x_rcc.o(i.RCC_RTCCLKConfig), (16 bytes).
    Removing stm32f37x_rcc.o(i.RCC_SDADCCLKConfig), (24 bytes).
    Removing stm32f37x_rcc.o(i.RCC_SYSCLKConfig), (20 bytes).
    Removing stm32f37x_rcc.o(i.RCC_USARTCLKConfig), (56 bytes).
    Removing stm32f37x_rcc.o(i.RCC_USBCLKConfig), (12 bytes).
    Removing stm32f37x_rcc.o(i.RCC_WaitForHSEStartUp), (44 bytes).
    Removing stm32f37x_rcc.o(.data), (36 bytes).
    Removing stm32f37x_syscfg.o(.rev16_text), (4 bytes).
    Removing stm32f37x_syscfg.o(.revsh_text), (4 bytes).
    Removing stm32f37x_syscfg.o(i.SYSCFG_BreakConfig), (16 bytes).
    Removing stm32f37x_syscfg.o(i.SYSCFG_ClearFlag), (16 bytes).
    Removing stm32f37x_syscfg.o(i.SYSCFG_DMAChannelRemapConfig), (24 bytes).
    Removing stm32f37x_syscfg.o(i.SYSCFG_DeInit), (36 bytes).
    Removing stm32f37x_syscfg.o(i.SYSCFG_EXTILineConfig), (40 bytes).
    Removing stm32f37x_syscfg.o(i.SYSCFG_GetFlagStatus), (20 bytes).
    Removing stm32f37x_syscfg.o(i.SYSCFG_I2CFastModePlusConfig), (24 bytes).
    Removing stm32f37x_syscfg.o(i.SYSCFG_ITConfig), (24 bytes).
    Removing stm32f37x_syscfg.o(i.SYSCFG_MemoryRemapConfig), (20 bytes).
    Removing stm32f37x_syscfg.o(i.SYSCFG_VBATMonitoringCmd), (28 bytes).
    Removing stm32f37x_tim.o(.rev16_text), (4 bytes).
    Removing stm32f37x_tim.o(.revsh_text), (4 bytes).
    Removing stm32f37x_tim.o(i.TI1_Config), (46 bytes).
    Removing stm32f37x_tim.o(i.TI2_Config), (54 bytes).
    Removing stm32f37x_tim.o(i.TIM_BDTRConfig), (38 bytes).
    Removing stm32f37x_tim.o(i.TIM_BDTRStructInit), (18 bytes).
    Removing stm32f37x_tim.o(i.TIM_CCPreloadControl), (20 bytes).
    Removing stm32f37x_tim.o(i.TIM_CCxCmd), (22 bytes).
    Removing stm32f37x_tim.o(i.TIM_CCxNCmd), (22 bytes).
    Removing stm32f37x_tim.o(i.TIM_ClearFlag), (6 bytes).
    Removing stm32f37x_tim.o(i.TIM_ClearITPendingBit), (6 bytes).
    Removing stm32f37x_tim.o(i.TIM_ClearOC1Ref), (12 bytes).
    Removing stm32f37x_tim.o(i.TIM_ClearOC2Ref), (20 bytes).
    Removing stm32f37x_tim.o(i.TIM_ClearOC3Ref), (12 bytes).
    Removing stm32f37x_tim.o(i.TIM_ClearOC4Ref), (20 bytes).
    Removing stm32f37x_tim.o(i.TIM_CounterModeConfig), (12 bytes).
    Removing stm32f37x_tim.o(i.TIM_CtrlPWMOutputs), (22 bytes).
    Removing stm32f37x_tim.o(i.TIM_DMACmd), (16 bytes).
    Removing stm32f37x_tim.o(i.TIM_DMAConfig), (8 bytes).
    Removing stm32f37x_tim.o(i.TIM_DeInit), (320 bytes).
    Removing stm32f37x_tim.o(i.TIM_ETRClockMode1Config), (18 bytes).
    Removing stm32f37x_tim.o(i.TIM_ETRClockMode2Config), (18 bytes).
    Removing stm32f37x_tim.o(i.TIM_ETRConfig), (24 bytes).
    Removing stm32f37x_tim.o(i.TIM_EncoderInterfaceConfig), (50 bytes).
    Removing stm32f37x_tim.o(i.TIM_ForcedOC1Config), (12 bytes).
    Removing stm32f37x_tim.o(i.TIM_ForcedOC2Config), (20 bytes).
    Removing stm32f37x_tim.o(i.TIM_ForcedOC3Config), (12 bytes).
    Removing stm32f37x_tim.o(i.TIM_ForcedOC4Config), (20 bytes).
    Removing stm32f37x_tim.o(i.TIM_GenerateEvent), (4 bytes).
    Removing stm32f37x_tim.o(i.TIM_GetCapture1), (4 bytes).
    Removing stm32f37x_tim.o(i.TIM_GetCapture2), (4 bytes).
    Removing stm32f37x_tim.o(i.TIM_GetCapture3), (4 bytes).
    Removing stm32f37x_tim.o(i.TIM_GetCapture4), (4 bytes).
    Removing stm32f37x_tim.o(i.TIM_GetCounter), (4 bytes).
    Removing stm32f37x_tim.o(i.TIM_GetFlagStatus), (14 bytes).
    Removing stm32f37x_tim.o(i.TIM_GetITStatus), (24 bytes).
    Removing stm32f37x_tim.o(i.TIM_GetPrescaler), (4 bytes).
    Removing stm32f37x_tim.o(i.TIM_ICInit), (172 bytes).
    Removing stm32f37x_tim.o(i.TIM_ICStructInit), (16 bytes).
    Removing stm32f37x_tim.o(i.TIM_ITConfig), (16 bytes).
    Removing stm32f37x_tim.o(i.TIM_ITRxExternalClockConfig), (18 bytes).
    Removing stm32f37x_tim.o(i.TIM_InternalClockConfig), (10 bytes).
    Removing stm32f37x_tim.o(i.TIM_OC1FastConfig), (12 bytes).
    Removing stm32f37x_tim.o(i.TIM_OC1Init), (108 bytes).
    Removing stm32f37x_tim.o(i.TIM_OC1NPolarityConfig), (12 bytes).
    Removing stm32f37x_tim.o(i.TIM_OC1PolarityConfig), (12 bytes).
    Removing stm32f37x_tim.o(i.TIM_OC1PreloadConfig), (12 bytes).
    Removing stm32f37x_tim.o(i.TIM_OC2FastConfig), (20 bytes).
    Removing stm32f37x_tim.o(i.TIM_OC2Init), (64 bytes).
    Removing stm32f37x_tim.o(i.TIM_OC2PolarityConfig), (20 bytes).
    Removing stm32f37x_tim.o(i.TIM_OC2PreloadConfig), (20 bytes).
    Removing stm32f37x_tim.o(i.TIM_OC3FastConfig), (12 bytes).
    Removing stm32f37x_tim.o(i.TIM_OC3Init), (60 bytes).
    Removing stm32f37x_tim.o(i.TIM_OC3PolarityConfig), (20 bytes).
    Removing stm32f37x_tim.o(i.TIM_OC3PreloadConfig), (12 bytes).
    Removing stm32f37x_tim.o(i.TIM_OC4FastConfig), (20 bytes).
    Removing stm32f37x_tim.o(i.TIM_OC4PolarityConfig), (20 bytes).
    Removing stm32f37x_tim.o(i.TIM_OC4PreloadConfig), (20 bytes).
    Removing stm32f37x_tim.o(i.TIM_OCStructInit), (20 bytes).
    Removing stm32f37x_tim.o(i.TIM_PWMIConfig), (108 bytes).
    Removing stm32f37x_tim.o(i.TIM_PrescalerConfig), (6 bytes).
    Removing stm32f37x_tim.o(i.TIM_RemapConfig), (6 bytes).
    Removing stm32f37x_tim.o(i.TIM_SelectCCDMA), (20 bytes).
    Removing stm32f37x_tim.o(i.TIM_SelectCOM), (20 bytes).
    Removing stm32f37x_tim.o(i.TIM_SelectHallSensor), (20 bytes).
    Removing stm32f37x_tim.o(i.TIM_SelectInputTrigger), (12 bytes).
    Removing stm32f37x_tim.o(i.TIM_SelectMasterSlaveMode), (16 bytes).
    Removing stm32f37x_tim.o(i.TIM_SelectOCREFClear), (16 bytes).
    Removing stm32f37x_tim.o(i.TIM_SelectOCxM), (70 bytes).
    Removing stm32f37x_tim.o(i.TIM_SelectOnePulseMode), (16 bytes).
    Removing stm32f37x_tim.o(i.TIM_SelectOutputTrigger), (16 bytes).
    Removing stm32f37x_tim.o(i.TIM_SelectSlaveMode), (16 bytes).
    Removing stm32f37x_tim.o(i.TIM_SetAutoreload), (4 bytes).
    Removing stm32f37x_tim.o(i.TIM_SetClockDivision), (16 bytes).
    Removing stm32f37x_tim.o(i.TIM_SetCompare1), (4 bytes).
    Removing stm32f37x_tim.o(i.TIM_SetCompare2), (4 bytes).
    Removing stm32f37x_tim.o(i.TIM_SetCompare3), (4 bytes).
    Removing stm32f37x_tim.o(i.TIM_SetCounter), (4 bytes).
    Removing stm32f37x_tim.o(i.TIM_SetIC1Prescaler), (16 bytes).
    Removing stm32f37x_tim.o(i.TIM_SetIC2Prescaler), (24 bytes).
    Removing stm32f37x_tim.o(i.TIM_SetIC3Prescaler), (16 bytes).
    Removing stm32f37x_tim.o(i.TIM_SetIC4Prescaler), (24 bytes).
    Removing stm32f37x_tim.o(i.TIM_TIxExternalClockConfig), (46 bytes).
    Removing stm32f37x_tim.o(i.TIM_TimeBaseStructInit), (18 bytes).
    Removing stm32f37x_tim.o(i.TIM_UpdateDisableConfig), (20 bytes).
    Removing stm32f37x_tim.o(i.TIM_UpdateRequestConfig), (20 bytes).
    Removing stm32f37x_usart.o(.rev16_text), (4 bytes).
    Removing stm32f37x_usart.o(.revsh_text), (4 bytes).
    Removing stm32f37x_usart.o(i.USART_AddressDetectionConfig), (16 bytes).
    Removing stm32f37x_usart.o(i.USART_AutoBaudRateCmd), (20 bytes).
    Removing stm32f37x_usart.o(i.USART_AutoBaudRateConfig), (16 bytes).
    Removing stm32f37x_usart.o(i.USART_ClearFlag), (4 bytes).
    Removing stm32f37x_usart.o(i.USART_ClearITPendingBit), (10 bytes).
    Removing stm32f37x_usart.o(i.USART_ClockInit), (28 bytes).
    Removing stm32f37x_usart.o(i.USART_ClockStructInit), (12 bytes).
    Removing stm32f37x_usart.o(i.USART_Cmd), (20 bytes).
    Removing stm32f37x_usart.o(i.USART_DECmd), (20 bytes).
    Removing stm32f37x_usart.o(i.USART_DEPolarityConfig), (16 bytes).
    Removing stm32f37x_usart.o(i.USART_DMACmd), (16 bytes).
    Removing stm32f37x_usart.o(i.USART_DMAReceptionErrorConfig), (16 bytes).
    Removing stm32f37x_usart.o(i.USART_DataInvCmd), (20 bytes).
    Removing stm32f37x_usart.o(i.USART_DeInit), (84 bytes).
    Removing stm32f37x_usart.o(i.USART_DirectionModeCmd), (16 bytes).
    Removing stm32f37x_usart.o(i.USART_GetFlagStatus), (14 bytes).
    Removing stm32f37x_usart.o(i.USART_GetITStatus), (58 bytes).
    Removing stm32f37x_usart.o(i.USART_HalfDuplexCmd), (20 bytes).
    Removing stm32f37x_usart.o(i.USART_ITConfig), (40 bytes).
    Removing stm32f37x_usart.o(i.USART_Init), (172 bytes).
    Removing stm32f37x_usart.o(i.USART_InvPinCmd), (16 bytes).
    Removing stm32f37x_usart.o(i.USART_IrDACmd), (20 bytes).
    Removing stm32f37x_usart.o(i.USART_IrDAConfig), (16 bytes).
    Removing stm32f37x_usart.o(i.USART_LINBreakDetectLengthConfig), (16 bytes).
    Removing stm32f37x_usart.o(i.USART_LINCmd), (20 bytes).
    Removing stm32f37x_usart.o(i.USART_MSBFirstCmd), (20 bytes).
    Removing stm32f37x_usart.o(i.USART_MuteModeCmd), (20 bytes).
    Removing stm32f37x_usart.o(i.USART_MuteModeWakeUpConfig), (16 bytes).
    Removing stm32f37x_usart.o(i.USART_OneBitMethodCmd), (20 bytes).
    Removing stm32f37x_usart.o(i.USART_OverSampling8Cmd), (20 bytes).
    Removing stm32f37x_usart.o(i.USART_OverrunDetectionConfig), (16 bytes).
    Removing stm32f37x_usart.o(i.USART_ReceiveData), (8 bytes).
    Removing stm32f37x_usart.o(i.USART_ReceiverTimeOutCmd), (20 bytes).
    Removing stm32f37x_usart.o(i.USART_RequestCmd), (16 bytes).
    Removing stm32f37x_usart.o(i.USART_STOPModeCmd), (20 bytes).
    Removing stm32f37x_usart.o(i.USART_SWAPPinCmd), (20 bytes).
    Removing stm32f37x_usart.o(i.USART_SendData), (8 bytes).
    Removing stm32f37x_usart.o(i.USART_SetAddress), (18 bytes).
    Removing stm32f37x_usart.o(i.USART_SetAutoRetryCount), (18 bytes).
    Removing stm32f37x_usart.o(i.USART_SetBlockLength), (18 bytes).
    Removing stm32f37x_usart.o(i.USART_SetDEAssertionTime), (18 bytes).
    Removing stm32f37x_usart.o(i.USART_SetDEDeassertionTime), (18 bytes).
    Removing stm32f37x_usart.o(i.USART_SetGuardTime), (16 bytes).
    Removing stm32f37x_usart.o(i.USART_SetPrescaler), (16 bytes).
    Removing stm32f37x_usart.o(i.USART_SetReceiverTimeOut), (16 bytes).
    Removing stm32f37x_usart.o(i.USART_SmartCardCmd), (20 bytes).
    Removing stm32f37x_usart.o(i.USART_SmartCardNACKCmd), (20 bytes).
    Removing stm32f37x_usart.o(i.USART_StopModeWakeUpSourceConfig), (16 bytes).
    Removing stm32f37x_usart.o(i.USART_StructInit), (22 bytes).

222 unused section(s) (total 6030 bytes) removed from the image.

==============================================================================

Image Symbol Table

    Local Symbols

    Symbol Name                              Value     Ov Type        Size  Object(Section)

    ../clib/microlib/init/entry.s            0x00000000   Number         0  entry11a.o ABSOLUTE
    ../clib/microlib/init/entry.s            0x00000000   Number         0  entry9a.o ABSOLUTE
    ../clib/microlib/init/entry.s            0x00000000   Number         0  entry9b.o ABSOLUTE
    ../clib/microlib/init/entry.s            0x00000000   Number         0  entry10b.o ABSOLUTE
    ../clib/microlib/init/entry.s            0x00000000   Number         0  entry11b.o ABSOLUTE
    ../clib/microlib/init/entry.s            0x00000000   Number         0  entry.o ABSOLUTE
    ../clib/microlib/init/entry.s            0x00000000   Number         0  entry2.o ABSOLUTE
    ../clib/microlib/init/entry.s            0x00000000   Number         0  entry5.o ABSOLUTE
    ../clib/microlib/init/entry.s            0x00000000   Number         0  entry7a.o ABSOLUTE
    ../clib/microlib/init/entry.s            0x00000000   Number         0  entry7b.o ABSOLUTE
    ../clib/microlib/init/entry.s            0x00000000   Number         0  entry8a.o ABSOLUTE
    ../clib/microlib/init/entry.s            0x00000000   Number         0  entry10a.o ABSOLUTE
    ../clib/microlib/init/entry.s            0x00000000   Number         0  entry8b.o ABSOLUTE
    ..\..\Libraries\CMSIS\Device\ST\STM32F37x\Source\Templates\arm\startup_stm32f37x.s 0x00000000   Number         0  startup_stm32f37x.o ABSOLUTE
    ..\..\Libraries\STM32F37x_StdPeriph_Driver\src\stm32f37x_gpio.c 0x00000000   Number         0  stm32f37x_gpio.o ABSOLUTE
    ..\..\Libraries\STM32F37x_StdPeriph_Driver\src\stm32f37x_misc.c 0x00000000   Number         0  stm32f37x_misc.o ABSOLUTE
    ..\..\Libraries\STM32F37x_StdPeriph_Driver\src\stm32f37x_rcc.c 0x00000000   Number         0  stm32f37x_rcc.o ABSOLUTE
    ..\..\Libraries\STM32F37x_StdPeriph_Driver\src\stm32f37x_syscfg.c 0x00000000   Number         0  stm32f37x_syscfg.o ABSOLUTE
    ..\..\Libraries\STM32F37x_StdPeriph_Driver\src\stm32f37x_tim.c 0x00000000   Number         0  stm32f37x_tim.o ABSOLUTE
    ..\..\Libraries\STM32F37x_StdPeriph_Driver\src\stm32f37x_usart.c 0x00000000   Number         0  stm32f37x_usart.o ABSOLUTE
    ..\\..\\Libraries\\STM32F37x_StdPeriph_Driver\\src\\stm32f37x_gpio.c 0x00000000   Number         0  stm32f37x_gpio.o ABSOLUTE
    ..\\..\\Libraries\\STM32F37x_StdPeriph_Driver\\src\\stm32f37x_misc.c 0x00000000   Number         0  stm32f37x_misc.o ABSOLUTE
    ..\\..\\Libraries\\STM32F37x_StdPeriph_Driver\\src\\stm32f37x_rcc.c 0x00000000   Number         0  stm32f37x_rcc.o ABSOLUTE
    ..\\..\\Libraries\\STM32F37x_StdPeriph_Driver\\src\\stm32f37x_syscfg.c 0x00000000   Number         0  stm32f37x_syscfg.o ABSOLUTE
    ..\\..\\Libraries\\STM32F37x_StdPeriph_Driver\\src\\stm32f37x_tim.c 0x00000000   Number         0  stm32f37x_tim.o ABSOLUTE
    ..\\..\\Libraries\\STM32F37x_StdPeriph_Driver\\src\\stm32f37x_usart.c 0x00000000   Number         0  stm32f37x_usart.o ABSOLUTE
    ..\\main\\main.c                         0x00000000   Number         0  main.o ABSOLUTE
    ..\\main\\stm32f37x_it.c                 0x00000000   Number         0  stm32f37x_it.o ABSOLUTE
    ..\\main\\system_stm32f37x.c             0x00000000   Number         0  system_stm32f37x.o ABSOLUTE
    ..\\src\\Delay.c                         0x00000000   Number         0  delay.o ABSOLUTE
    ..\\src\\PWM.c                           0x00000000   Number         0  pwm.o ABSOLUTE
    ..\main\main.c                           0x00000000   Number         0  main.o ABSOLUTE
    ..\main\stm32f37x_it.c                   0x00000000   Number         0  stm32f37x_it.o ABSOLUTE
    ..\main\system_stm32f37x.c               0x00000000   Number         0  system_stm32f37x.o ABSOLUTE
    ..\src\Delay.c                           0x00000000   Number         0  delay.o ABSOLUTE
    ..\src\PWM.c                             0x00000000   Number         0  pwm.o ABSOLUTE
    dc.s                                     0x00000000   Number         0  dc.o ABSOLUTE
    handlers.s                               0x00000000   Number         0  handlers.o ABSOLUTE
    init.s                                   0x00000000   Number         0  init.o ABSOLUTE
    RESET                                    0x08000000   Section      392  startup_stm32f37x.o(RESET)
    .ARM.Collect$$$$00000000                 0x08000188   Section        0  entry.o(.ARM.Collect$$$$00000000)
    .ARM.Collect$$$$00000001                 0x08000188   Section        4  entry2.o(.ARM.Collect$$$$00000001)
    .ARM.Collect$$$$00000004                 0x0800018c   Section        4  entry5.o(.ARM.Collect$$$$00000004)
    .ARM.Collect$$$$00000008                 0x08000190   Section        0  entry7b.o(.ARM.Collect$$$$00000008)
    .ARM.Collect$$$$0000000A                 0x08000190   Section        0  entry8b.o(.ARM.Collect$$$$0000000A)
    .ARM.Collect$$$$0000000B                 0x08000190   Section        8  entry9a.o(.ARM.Collect$$$$0000000B)
    .ARM.Collect$$$$0000000D                 0x08000198   Section        0  entry10a.o(.ARM.Collect$$$$0000000D)
    .ARM.Collect$$$$0000000F                 0x08000198   Section        0  entry11a.o(.ARM.Collect$$$$0000000F)
    .ARM.Collect$$$$00002712                 0x08000198   Section        4  entry2.o(.ARM.Collect$$$$00002712)
    __lit__00000000                          0x08000198   Data           4  entry2.o(.ARM.Collect$$$$00002712)
    .text                                    0x0800019c   Section       36  startup_stm32f37x.o(.text)
    $v0                                      0x0800019c   Number         0  startup_stm32f37x.o(.text)
    .text                                    0x080001c0   Section       36  init.o(.text)
    i.BusFault_Handler                       0x080001e4   Section        0  stm32f37x_it.o(i.BusFault_Handler)
    i.DebugMon_Handler                       0x080001e6   Section        0  stm32f37x_it.o(i.DebugMon_Handler)
    i.Delay_Init                             0x080001e8   Section        0  delay.o(i.Delay_Init)
    i.Delay_ms                               0x08000214   Section        0  delay.o(i.Delay_ms)
    i.GPIO_Init                              0x0800023c   Section        0  stm32f37x_gpio.o(i.GPIO_Init)
    i.GPIO_PinAFConfig                       0x080002b4   Section        0  stm32f37x_gpio.o(i.GPIO_PinAFConfig)
    i.GPIO_ReadInputDataBit                  0x080002d4   Section        0  stm32f37x_gpio.o(i.GPIO_ReadInputDataBit)
    i.HardFault_Handler                      0x080002e2   Section        0  stm32f37x_it.o(i.HardFault_Handler)
    i.MemManage_Handler                      0x080002e4   Section        0  stm32f37x_it.o(i.MemManage_Handler)
    i.NMI_Handler                            0x080002e6   Section        0  stm32f37x_it.o(i.NMI_Handler)
    i.PWM_CCRSet                             0x080002e8   Section        0  pwm.o(i.PWM_CCRSet)
    i.PWM_GeneraterInit                      0x080002f4   Section        0  pwm.o(i.PWM_GeneraterInit)
    i.PendSV_Handler                         0x080003a0   Section        0  stm32f37x_it.o(i.PendSV_Handler)
    i.RCC_AHBPeriphClockCmd                  0x080003a4   Section        0  stm32f37x_rcc.o(i.RCC_AHBPeriphClockCmd)
    i.RCC_APB2PeriphClockCmd                 0x080003bc   Section        0  stm32f37x_rcc.o(i.RCC_APB2PeriphClockCmd)
    i.SVC_Handler                            0x080003d4   Section        0  stm32f37x_it.o(i.SVC_Handler)
    i.SetSysClock                            0x080003d8   Section        0  system_stm32f37x.o(i.SetSysClock)
    SetSysClock                              0x080003d9   Thumb Code   140  system_stm32f37x.o(i.SetSysClock)
    i.SysTick_CLKSourceConfig                0x0800046c   Section        0  stm32f37x_misc.o(i.SysTick_CLKSourceConfig)
    i.SysTick_Handler                        0x08000484   Section        0  stm32f37x_it.o(i.SysTick_Handler)
    i.SystemInit                             0x08000488   Section        0  system_stm32f37x.o(i.SystemInit)
    i.TIM_ARRPreloadConfig                   0x080004f4   Section        0  stm32f37x_tim.o(i.TIM_ARRPreloadConfig)
    i.TIM_Cmd                                0x08000508   Section        0  stm32f37x_tim.o(i.TIM_Cmd)
    i.TIM_OC4Init                            0x0800051c   Section        0  stm32f37x_tim.o(i.TIM_OC4Init)
    i.TIM_SetCompare4                        0x0800055c   Section        0  stm32f37x_tim.o(i.TIM_SetCompare4)
    i.TIM_TimeBaseInit                       0x08000560   Section        0  stm32f37x_tim.o(i.TIM_TimeBaseInit)
    i.UsageFault_Handler                     0x080005f0   Section        0  stm32f37x_it.o(i.UsageFault_Handler)
    i.__scatterload_copy                     0x080005f2   Section       14  handlers.o(i.__scatterload_copy)
    i.__scatterload_null                     0x08000600   Section        2  handlers.o(i.__scatterload_null)
    i.__scatterload_zeroinit                 0x08000602   Section       14  handlers.o(i.__scatterload_zeroinit)
    i.main                                   0x08000610   Section        0  main.o(i.main)
    .data                                    0x20000000   Section       12  main.o(.data)
    .data                                    0x2000000c   Section       20  system_stm32f37x.o(.data)
    .data                                    0x20000020   Section        8  delay.o(.data)
    Ms                                       0x20000020   Data           4  delay.o(.data)
    Us                                       0x20000024   Data           4  delay.o(.data)
    STACK                                    0x20000028   Section     1024  startup_stm32f37x.o(STACK)

    Global Symbols

    Symbol Name                              Value     Ov Type        Size  Object(Section)

    BuildAttributes$$THM_ISAv4$E$P$D$K$B$S$7EM$VFPi3$EXTD16$VFPS$VFMA$PE$A:L22UL41UL21$X:L11$S22US41US21$IEEE1$IW$USESV6$~STKCKD$USESV7$~SHL$OSPACE$EBA8$MICROLIB$REQ8$PRES8$EABIv2 0x00000000   Number         0  anon$$obj.o ABSOLUTE
    __ARM_use_no_argv                        0x00000000   Number         0  main.o ABSOLUTE
    __cpp_initialize__aeabi_                  - Undefined Weak Reference
    __cxa_finalize                            - Undefined Weak Reference
    __decompress                              - Undefined Weak Reference
    _clock_init                               - Undefined Weak Reference
    _microlib_exit                            - Undefined Weak Reference
    __Vectors_Size                           0x00000188   Number         0  startup_stm32f37x.o ABSOLUTE
    __Vectors                                0x08000000   Data           4  startup_stm32f37x.o(RESET)
    __Vectors_End                            0x08000188   Data           0  startup_stm32f37x.o(RESET)
    __main                                   0x08000189   Thumb Code     0  entry.o(.ARM.Collect$$$$00000000)
    _main_stk                                0x08000189   Thumb Code     0  entry2.o(.ARM.Collect$$$$00000001)
    _main_scatterload                        0x0800018d   Thumb Code     0  entry5.o(.ARM.Collect$$$$00000004)
    __main_after_scatterload                 0x08000191   Thumb Code     0  entry5.o(.ARM.Collect$$$$00000004)
    _main_clock                              0x08000191   Thumb Code     0  entry7b.o(.ARM.Collect$$$$00000008)
    _main_cpp_init                           0x08000191   Thumb Code     0  entry8b.o(.ARM.Collect$$$$0000000A)
    _main_init                               0x08000191   Thumb Code     0  entry9a.o(.ARM.Collect$$$$0000000B)
    __rt_final_cpp                           0x08000199   Thumb Code     0  entry10a.o(.ARM.Collect$$$$0000000D)
    __rt_final_exit                          0x08000199   Thumb Code     0  entry11a.o(.ARM.Collect$$$$0000000F)
    Reset_Handler                            0x0800019d   Thumb Code     8  startup_stm32f37x.o(.text)
    ADC1_IRQHandler                          0x080001b7   Thumb Code     0  startup_stm32f37x.o(.text)
    CAN1_RX0_IRQHandler                      0x080001b7   Thumb Code     0  startup_stm32f37x.o(.text)
    CAN1_RX1_IRQHandler                      0x080001b7   Thumb Code     0  startup_stm32f37x.o(.text)
    CAN1_SCE_IRQHandler                      0x080001b7   Thumb Code     0  startup_stm32f37x.o(.text)
    CAN1_TX_IRQHandler                       0x080001b7   Thumb Code     0  startup_stm32f37x.o(.text)
    CEC_IRQHandler                           0x080001b7   Thumb Code     0  startup_stm32f37x.o(.text)
    COMP_IRQHandler                          0x080001b7   Thumb Code     0  startup_stm32f37x.o(.text)
    DMA1_Channel1_IRQHandler                 0x080001b7   Thumb Code     0  startup_stm32f37x.o(.text)
    DMA1_Channel2_IRQHandler                 0x080001b7   Thumb Code     0  startup_stm32f37x.o(.text)
    DMA1_Channel3_IRQHandler                 0x080001b7   Thumb Code     0  startup_stm32f37x.o(.text)
    DMA1_Channel4_IRQHandler                 0x080001b7   Thumb Code     0  startup_stm32f37x.o(.text)
    DMA1_Channel5_IRQHandler                 0x080001b7   Thumb Code     0  startup_stm32f37x.o(.text)
    DMA1_Channel6_IRQHandler                 0x080001b7   Thumb Code     0  startup_stm32f37x.o(.text)
    DMA1_Channel7_IRQHandler                 0x080001b7   Thumb Code     0  startup_stm32f37x.o(.text)
    DMA2_Channel1_IRQHandler                 0x080001b7   Thumb Code     0  startup_stm32f37x.o(.text)
    DMA2_Channel2_IRQHandler                 0x080001b7   Thumb Code     0  startup_stm32f37x.o(.text)
    DMA2_Channel3_IRQHandler                 0x080001b7   Thumb Code     0  startup_stm32f37x.o(.text)
    DMA2_Channel4_IRQHandler                 0x080001b7   Thumb Code     0  startup_stm32f37x.o(.text)
    DMA2_Channel5_IRQHandler                 0x080001b7   Thumb Code     0  startup_stm32f37x.o(.text)
    EXTI0_IRQHandler                         0x080001b7   Thumb Code     0  startup_stm32f37x.o(.text)
    EXTI15_10_IRQHandler                     0x080001b7   Thumb Code     0  startup_stm32f37x.o(.text)
    EXTI1_IRQHandler                         0x080001b7   Thumb Code     0  startup_stm32f37x.o(.text)
    EXTI2_TS_IRQHandler                      0x080001b7   Thumb Code     0  startup_stm32f37x.o(.text)
    EXTI3_IRQHandler                         0x080001b7   Thumb Code     0  startup_stm32f37x.o(.text)
    EXTI4_IRQHandler                         0x080001b7   Thumb Code     0  startup_stm32f37x.o(.text)
    EXTI9_5_IRQHandler                       0x080001b7   Thumb Code     0  startup_stm32f37x.o(.text)
    FLASH_IRQHandler                         0x080001b7   Thumb Code     0  startup_stm32f37x.o(.text)
    FPU_IRQHandler                           0x080001b7   Thumb Code     0  startup_stm32f37x.o(.text)
    I2C1_ER_IRQHandler                       0x080001b7   Thumb Code     0  startup_stm32f37x.o(.text)
    I2C1_EV_IRQHandler                       0x080001b7   Thumb Code     0  startup_stm32f37x.o(.text)
    I2C2_ER_IRQHandler                       0x080001b7   Thumb Code     0  startup_stm32f37x.o(.text)
    I2C2_EV_IRQHandler                       0x080001b7   Thumb Code     0  startup_stm32f37x.o(.text)
    PVD_IRQHandler                           0x080001b7   Thumb Code     0  startup_stm32f37x.o(.text)
    RCC_IRQHandler                           0x080001b7   Thumb Code     0  startup_stm32f37x.o(.text)
    RTC_Alarm_IRQHandler                     0x080001b7   Thumb Code     0  startup_stm32f37x.o(.text)
    RTC_WKUP_IRQHandler                      0x080001b7   Thumb Code     0  startup_stm32f37x.o(.text)
    SDADC1_IRQHandler                        0x080001b7   Thumb Code     0  startup_stm32f37x.o(.text)
    SDADC2_IRQHandler                        0x080001b7   Thumb Code     0  startup_stm32f37x.o(.text)
    SDADC3_IRQHandler                        0x080001b7   Thumb Code     0  startup_stm32f37x.o(.text)
    SPI1_IRQHandler                          0x080001b7   Thumb Code     0  startup_stm32f37x.o(.text)
    SPI2_IRQHandler                          0x080001b7   Thumb Code     0  startup_stm32f37x.o(.text)
    SPI3_IRQHandler                          0x080001b7   Thumb Code     0  startup_stm32f37x.o(.text)
    TAMPER_STAMP_IRQHandler                  0x080001b7   Thumb Code     0  startup_stm32f37x.o(.text)
    TIM12_IRQHandler                         0x080001b7   Thumb Code     0  startup_stm32f37x.o(.text)
    TIM13_IRQHandler                         0x080001b7   Thumb Code     0  startup_stm32f37x.o(.text)
    TIM14_IRQHandler                         0x080001b7   Thumb Code     0  startup_stm32f37x.o(.text)
    TIM15_IRQHandler                         0x080001b7   Thumb Code     0  startup_stm32f37x.o(.text)
    TIM16_IRQHandler                         0x080001b7   Thumb Code     0  startup_stm32f37x.o(.text)
    TIM17_IRQHandler                         0x080001b7   Thumb Code     0  startup_stm32f37x.o(.text)
    TIM18_DAC2_IRQHandler                    0x080001b7   Thumb Code     0  startup_stm32f37x.o(.text)
    TIM19_IRQHandler                         0x080001b7   Thumb Code     0  startup_stm32f37x.o(.text)
    TIM2_IRQHandler                          0x080001b7   Thumb Code     0  startup_stm32f37x.o(.text)
    TIM3_IRQHandler                          0x080001b7   Thumb Code     0  startup_stm32f37x.o(.text)
    TIM4_IRQHandler                          0x080001b7   Thumb Code     0  startup_stm32f37x.o(.text)
    TIM5_IRQHandler                          0x080001b7   Thumb Code     0  startup_stm32f37x.o(.text)
    TIM6_DAC1_IRQHandler                     0x080001b7   Thumb Code     0  startup_stm32f37x.o(.text)
    TIM7_IRQHandler                          0x080001b7   Thumb Code     0  startup_stm32f37x.o(.text)
    USART1_IRQHandler                        0x080001b7   Thumb Code     0  startup_stm32f37x.o(.text)
    USART2_IRQHandler                        0x080001b7   Thumb Code     0  startup_stm32f37x.o(.text)
    USART3_IRQHandler                        0x080001b7   Thumb Code     0  startup_stm32f37x.o(.text)
    USBWakeUp_IRQHandler                     0x080001b7   Thumb Code     0  startup_stm32f37x.o(.text)
    USB_HP_IRQHandler                        0x080001b7   Thumb Code     0  startup_stm32f37x.o(.text)
    USB_LP_IRQHandler                        0x080001b7   Thumb Code     0  startup_stm32f37x.o(.text)
    WWDG_IRQHandler                          0x080001b7   Thumb Code     0  startup_stm32f37x.o(.text)
    __scatterload                            0x080001c1   Thumb Code    28  init.o(.text)
    __scatterload_rt2                        0x080001c1   Thumb Code     0  init.o(.text)
    BusFault_Handler                         0x080001e5   Thumb Code     2  stm32f37x_it.o(i.BusFault_Handler)
    DebugMon_Handler                         0x080001e7   Thumb Code     2  stm32f37x_it.o(i.DebugMon_Handler)
    Delay_Init                               0x080001e9   Thumb Code    40  delay.o(i.Delay_Init)
    Delay_ms                                 0x08000215   Thumb Code    36  delay.o(i.Delay_ms)
    GPIO_Init                                0x0800023d   Thumb Code   120  stm32f37x_gpio.o(i.GPIO_Init)
    GPIO_PinAFConfig                         0x080002b5   Thumb Code    32  stm32f37x_gpio.o(i.GPIO_PinAFConfig)
    GPIO_ReadInputDataBit                    0x080002d5   Thumb Code    14  stm32f37x_gpio.o(i.GPIO_ReadInputDataBit)
    HardFault_Handler                        0x080002e3   Thumb Code     2  stm32f37x_it.o(i.HardFault_Handler)
    MemManage_Handler                        0x080002e5   Thumb Code     2  stm32f37x_it.o(i.MemManage_Handler)
    NMI_Handler                              0x080002e7   Thumb Code     2  stm32f37x_it.o(i.NMI_Handler)
    PWM_CCRSet                               0x080002e9   Thumb Code     8  pwm.o(i.PWM_CCRSet)
    PWM_GeneraterInit                        0x080002f5   Thumb Code   158  pwm.o(i.PWM_GeneraterInit)
    PendSV_Handler                           0x080003a1   Thumb Code     2  stm32f37x_it.o(i.PendSV_Handler)
    RCC_AHBPeriphClockCmd                    0x080003a5   Thumb Code    18  stm32f37x_rcc.o(i.RCC_AHBPeriphClockCmd)
    RCC_APB2PeriphClockCmd                   0x080003bd   Thumb Code    18  stm32f37x_rcc.o(i.RCC_APB2PeriphClockCmd)
    SVC_Handler                              0x080003d5   Thumb Code     2  stm32f37x_it.o(i.SVC_Handler)
    SysTick_CLKSourceConfig                  0x0800046d   Thumb Code    24  stm32f37x_misc.o(i.SysTick_CLKSourceConfig)
    SysTick_Handler                          0x08000485   Thumb Code     2  stm32f37x_it.o(i.SysTick_Handler)
    SystemInit                               0x08000489   Thumb Code    90  system_stm32f37x.o(i.SystemInit)
    TIM_ARRPreloadConfig                     0x080004f5   Thumb Code    20  stm32f37x_tim.o(i.TIM_ARRPreloadConfig)
    TIM_Cmd                                  0x08000509   Thumb Code    20  stm32f37x_tim.o(i.TIM_Cmd)
    TIM_OC4Init                              0x0800051d   Thumb Code    64  stm32f37x_tim.o(i.TIM_OC4Init)
    TIM_SetCompare4                          0x0800055d   Thumb Code     4  stm32f37x_tim.o(i.TIM_SetCompare4)
    TIM_TimeBaseInit                         0x08000561   Thumb Code   104  stm32f37x_tim.o(i.TIM_TimeBaseInit)
    UsageFault_Handler                       0x080005f1   Thumb Code     2  stm32f37x_it.o(i.UsageFault_Handler)
    __scatterload_copy                       0x080005f3   Thumb Code    14  handlers.o(i.__scatterload_copy)
    __scatterload_null                       0x08000601   Thumb Code     2  handlers.o(i.__scatterload_null)
    __scatterload_zeroinit                   0x08000603   Thumb Code    14  handlers.o(i.__scatterload_zeroinit)
    main                                     0x08000611   Thumb Code   318  main.o(i.main)
    Region$$Table$$Base                      0x08000758   Number         0  anon$$obj.o(Region$$Table)
    Region$$Table$$Limit                     0x08000778   Number         0  anon$$obj.o(Region$$Table)
    KeyFlag                                  0x20000000   Data           1  main.o(.data)
    KeyPressed                               0x20000001   Data           1  main.o(.data)
    KeyPreCnt                                0x20000002   Data           1  main.o(.data)
    SteerRunning                             0x20000003   Data           1  main.o(.data)
    RunStep                                  0x20000004   Data           1  main.o(.data)
    TimeCnt                                  0x20000008   Data           4  main.o(.data)
    SystemCoreClock                          0x2000000c   Data           4  system_stm32f37x.o(.data)
    AHBPrescTable                            0x20000010   Data          16  system_stm32f37x.o(.data)
    __initial_sp                             0x20000428   Data           0  startup_stm32f37x.o(STACK)



==============================================================================

Memory Map of the image

  Image Entry point : 0x08000189

  Load Region LR_IROM1 (Base: 0x08000000, Size: 0x000007a0, Max: 0x00040000, ABSOLUTE)

    Execution Region ER_IROM1 (Base: 0x08000000, Size: 0x00000778, Max: 0x00040000, ABSOLUTE)

    Base Addr    Size         Type   Attr      Idx    E Section Name        Object

    0x08000000   0x00000188   Data   RO            3    RESET               startup_stm32f37x.o
    0x08000188   0x00000000   Code   RO         1627  * .ARM.Collect$$$$00000000  mc_w.l(entry.o)
    0x08000188   0x00000004   Code   RO         1630    .ARM.Collect$$$$00000001  mc_w.l(entry2.o)
    0x0800018c   0x00000004   Code   RO         1633    .ARM.Collect$$$$00000004  mc_w.l(entry5.o)
    0x08000190   0x00000000   Code   RO         1635    .ARM.Collect$$$$00000008  mc_w.l(entry7b.o)
    0x08000190   0x00000000   Code   RO         1637    .ARM.Collect$$$$0000000A  mc_w.l(entry8b.o)
    0x08000190   0x00000008   Code   RO         1638    .ARM.Collect$$$$0000000B  mc_w.l(entry9a.o)
    0x08000198   0x00000000   Code   RO         1640    .ARM.Collect$$$$0000000D  mc_w.l(entry10a.o)
    0x08000198   0x00000000   Code   RO         1642    .ARM.Collect$$$$0000000F  mc_w.l(entry11a.o)
    0x08000198   0x00000004   Code   RO         1631    .ARM.Collect$$$$00002712  mc_w.l(entry2.o)
    0x0800019c   0x00000024   Code   RO            4    .text               startup_stm32f37x.o
    0x080001c0   0x00000024   Code   RO         1644    .text               mc_w.l(init.o)
    0x080001e4   0x00000002   Code   RO          140    i.BusFault_Handler  stm32f37x_it.o
    0x080001e6   0x00000002   Code   RO          141    i.DebugMon_Handler  stm32f37x_it.o
    0x080001e8   0x0000002c   Code   RO          248    i.Delay_Init        delay.o
    0x08000214   0x00000028   Code   RO          250    i.Delay_ms          delay.o
    0x0800023c   0x00000078   Code   RO          321    i.GPIO_Init         stm32f37x_gpio.o
    0x080002b4   0x00000020   Code   RO          322    i.GPIO_PinAFConfig  stm32f37x_gpio.o
    0x080002d4   0x0000000e   Code   RO          325    i.GPIO_ReadInputDataBit  stm32f37x_gpio.o
    0x080002e2   0x00000002   Code   RO          142    i.HardFault_Handler  stm32f37x_it.o
    0x080002e4   0x00000002   Code   RO          143    i.MemManage_Handler  stm32f37x_it.o
    0x080002e6   0x00000002   Code   RO          144    i.NMI_Handler       stm32f37x_it.o
    0x080002e8   0x0000000c   Code   RO          288    i.PWM_CCRSet        pwm.o
    0x080002f4   0x000000ac   Code   RO          290    i.PWM_GeneraterInit  pwm.o
    0x080003a0   0x00000002   Code   RO          145    i.PendSV_Handler    stm32f37x_it.o
    0x080003a2   0x00000002   PAD
    0x080003a4   0x00000018   Code   RO          457    i.RCC_AHBPeriphClockCmd  stm32f37x_rcc.o
    0x080003bc   0x00000018   Code   RO          461    i.RCC_APB2PeriphClockCmd  stm32f37x_rcc.o
    0x080003d4   0x00000002   Code   RO          146    i.SVC_Handler       stm32f37x_it.o
    0x080003d6   0x00000002   PAD
    0x080003d8   0x00000094   Code   RO          211    i.SetSysClock       system_stm32f37x.o
    0x0800046c   0x00000018   Code   RO          416    i.SysTick_CLKSourceConfig  stm32f37x_misc.o
    0x08000484   0x00000002   Code   RO          147    i.SysTick_Handler   stm32f37x_it.o
    0x08000486   0x00000002   PAD
    0x08000488   0x0000006c   Code   RO          213    i.SystemInit        system_stm32f37x.o
    0x080004f4   0x00000014   Code   RO          782    i.TIM_ARRPreloadConfig  stm32f37x_tim.o
    0x08000508   0x00000014   Code   RO          794    i.TIM_Cmd           stm32f37x_tim.o
    0x0800051c   0x00000040   Code   RO          836    i.TIM_OC4Init       stm32f37x_tim.o
    0x0800055c   0x00000004   Code   RO          858    i.TIM_SetCompare4   stm32f37x_tim.o
    0x08000560   0x00000090   Code   RO          865    i.TIM_TimeBaseInit  stm32f37x_tim.o
    0x080005f0   0x00000002   Code   RO          148    i.UsageFault_Handler  stm32f37x_it.o
    0x080005f2   0x0000000e   Code   RO         1648    i.__scatterload_copy  mc_w.l(handlers.o)
    0x08000600   0x00000002   Code   RO         1649    i.__scatterload_null  mc_w.l(handlers.o)
    0x08000602   0x0000000e   Code   RO         1650    i.__scatterload_zeroinit  mc_w.l(handlers.o)
    0x08000610   0x00000148   Code   RO           12    i.main              main.o
    0x08000758   0x00000020   Data   RO         1646    Region$$Table       anon$$obj.o


    Execution Region RW_IRAM1 (Base: 0x20000000, Size: 0x00000428, Max: 0x00008000, ABSOLUTE)

    Base Addr    Size         Type   Attr      Idx    E Section Name        Object

    0x20000000   0x0000000c   Data   RW           13    .data               main.o
    0x2000000c   0x00000014   Data   RW          214    .data               system_stm32f37x.o
    0x20000020   0x00000008   Data   RW          252    .data               delay.o
    0x20000028   0x00000400   Zero   RW            1    STACK               startup_stm32f37x.o


==============================================================================

Image component sizes


      Code (inc. data)   RO Data    RW Data    ZI Data      Debug   Object Name

        84          8          0          8          0       1164   delay.o
       328         10          0         12          0     189055   main.o
       184         18          0          0          0       1477   pwm.o
        36          8        392          0       1024        944   startup_stm32f37x.o
       166          0          0          0          0       2635   stm32f37x_gpio.o
        18          0          0          0          0       3950   stm32f37x_it.o
        24          0          0          0          0        626   stm32f37x_misc.o
        48         12          0          0          0       1297   stm32f37x_rcc.o
       252         40          0          0          0       4811   stm32f37x_tim.o
       256         26          0         20          0       1761   system_stm32f37x.o

    ----------------------------------------------------------------------
      1402        122        424         40       1024     207720   Object Totals
         0          0         32          0          0          0   (incl. Generated)
         6          0          0          0          0          0   (incl. Padding)

    ----------------------------------------------------------------------

      Code (inc. data)   RO Data    RW Data    ZI Data      Debug   Library Member Name

         0          0          0          0          0          0   entry.o
         0          0          0          0          0          0   entry10a.o
         0          0          0          0          0          0   entry11a.o
         8          4          0          0          0          0   entry2.o
         4          0          0          0          0          0   entry5.o
         0          0          0          0          0          0   entry7b.o
         0          0          0          0          0          0   entry8b.o
         8          4          0          0          0          0   entry9a.o
        30          0          0          0          0          0   handlers.o
        36          8          0          0          0         68   init.o

    ----------------------------------------------------------------------
        86         16          0          0          0         68   Library Totals
         0          0          0          0          0          0   (incl. Padding)

    ----------------------------------------------------------------------

      Code (inc. data)   RO Data    RW Data    ZI Data      Debug   Library Name

        86         16          0          0          0         68   mc_w.l

    ----------------------------------------------------------------------
        86         16          0          0          0         68   Library Totals

    ----------------------------------------------------------------------

==============================================================================


      Code (inc. data)   RO Data    RW Data    ZI Data      Debug   

      1488        138        424         40       1024     205892   Grand Totals
      1488        138        424         40       1024     205892   ELF Image Totals
      1488        138        424         40          0          0   ROM Totals

==============================================================================

    Total RO  Size (Code + RO Data)                 1912 (   1.87kB)
    Total RW  Size (RW Data + ZI Data)              1064 (   1.04kB)
    Total ROM Size (Code + RO Data + RW Data)       1952 (   1.91kB)

==============================================================================

