Component: ARM Compiler 5.06 update 2 (build 183) Tool: armlink [4d35b7]

==============================================================================

Section Cross References

    startup_stm32f37x.o(STACK) refers (Special) to heapauxi.o(.text) for __use_two_region_memory
    startup_stm32f37x.o(HEAP) refers (Special) to heapauxi.o(.text) for __use_two_region_memory
    startup_stm32f37x.o(RESET) refers (Special) to heapauxi.o(.text) for __use_two_region_memory
    startup_stm32f37x.o(RESET) refers to startup_stm32f37x.o(STACK) for __initial_sp
    startup_stm32f37x.o(RESET) refers to startup_stm32f37x.o(.text) for Reset_Handler
    startup_stm32f37x.o(.text) refers (Special) to heapauxi.o(.text) for __use_two_region_memory
    startup_stm32f37x.o(.text) refers to system_stm32f37x.o(i.SystemInit) for SystemInit
    startup_stm32f37x.o(.text) refers to __main.o(!!!main) for __main
    startup_stm32f37x.o(.text) refers to startup_stm32f37x.o(HEAP) for Heap_Mem
    startup_stm32f37x.o(.text) refers to startup_stm32f37x.o(STACK) for Stack_Mem
    main.o(i.__sti___6_main_c_main) refers to ios.o(i._ZNSt8ios_base4InitC1Ev) for std::ios_base::Init::Init()
    main.o(i.__sti___6_main_c_main) refers to aeabi_atexit.o(.text) for __aeabi_atexit
    main.o(i.__sti___6_main_c_main) refers to main.o(.data) for .data
    main.o(i.__sti___6_main_c_main) refers to ios.o(i._ZNSt8ios_base4InitD1Ev) for std::ios_base::Init::~Init()
    main.o(i.main) refers to led.o(i.LED_Init) for LED_Init
    main.o(i.main) refers to main.o(i._Z5Delayj) for Delay(unsigned)
    main.o(.ARM.exidx) refers to main.o(i._Z5Delayj) for i._Z5Delayj
    main.o(.ARM.exidx) refers to main.o(i.main) for i.main
    main.o(.ARM.exidx) refers to main.o(i.__sti___6_main_c_main) for i.__sti___6_main_c_main
    main.o(.init_array) refers to main.o(i.__sti___6_main_c_main) for __sti___6_main_c_main
    main.o(.init_array) refers to init_aeabi.o(.text) for __cpp_initialize__aeabi_
    stm32f37x_it.o(.ARM.exidx) refers to stm32f37x_it.o(i._Z11NMI_Handlerv) for i._Z11NMI_Handlerv
    stm32f37x_it.o(.ARM.exidx) refers to stm32f37x_it.o(i._Z17HardFault_Handlerv) for i._Z17HardFault_Handlerv
    stm32f37x_it.o(.ARM.exidx) refers to stm32f37x_it.o(i._Z17MemManage_Handlerv) for i._Z17MemManage_Handlerv
    stm32f37x_it.o(.ARM.exidx) refers to stm32f37x_it.o(i._Z16BusFault_Handlerv) for i._Z16BusFault_Handlerv
    stm32f37x_it.o(.ARM.exidx) refers to stm32f37x_it.o(i._Z18UsageFault_Handlerv) for i._Z18UsageFault_Handlerv
    stm32f37x_it.o(.ARM.exidx) refers to stm32f37x_it.o(i._Z11SVC_Handlerv) for i._Z11SVC_Handlerv
    stm32f37x_it.o(.ARM.exidx) refers to stm32f37x_it.o(i._Z16DebugMon_Handlerv) for i._Z16DebugMon_Handlerv
    stm32f37x_it.o(.ARM.exidx) refers to stm32f37x_it.o(i._Z14PendSV_Handlerv) for i._Z14PendSV_Handlerv
    stm32f37x_it.o(.ARM.exidx) refers to stm32f37x_it.o(i._Z15SysTick_Handlerv) for i._Z15SysTick_Handlerv
    system_stm32f37x.o(i.SystemCoreClockUpdate) refers to system_stm32f37x.o(.data) for .data
    system_stm32f37x.o(i.SystemInit) refers to system_stm32f37x.o(i._ZN40_INTERNAL_18_system_stm32f37x_c_5d646a6711SetSysClockEv) for [local to system_stm32f37x_c]::SetSysClock()
    system_stm32f37x.o(.ARM.exidx) refers to system_stm32f37x.o(i.SystemInit) for i.SystemInit
    system_stm32f37x.o(.ARM.exidx) refers to system_stm32f37x.o(i.SystemCoreClockUpdate) for i.SystemCoreClockUpdate
    system_stm32f37x.o(.ARM.exidx) refers to system_stm32f37x.o(i._ZN40_INTERNAL_18_system_stm32f37x_c_5d646a6711SetSysClockEv) for i._ZN40_INTERNAL_18_system_stm32f37x_c_5d646a6711SetSysClockEv
    led.o(i.LED_Init) refers to stm32f37x_rcc.o(i.RCC_APB2PeriphClockCmd) for RCC_APB2PeriphClockCmd
    led.o(i.LED_Init) refers to stm32f37x_rcc.o(i.RCC_AHBPeriphClockCmd) for RCC_AHBPeriphClockCmd
    led.o(i.LED_Init) refers to stm32f37x_gpio.o(i.GPIO_Init) for GPIO_Init
    led.o(.ARM.exidx) refers to led.o(i.LED_Init) for i.LED_Init
    stm32f37x_gpio.o(i.GPIO_DeInit) refers to stm32f37x_rcc.o(i.RCC_AHBPeriphResetCmd) for RCC_AHBPeriphResetCmd
    stm32f37x_gpio.o(.ARM.exidx) refers to stm32f37x_gpio.o(i.GPIO_DeInit) for i.GPIO_DeInit
    stm32f37x_gpio.o(.ARM.exidx) refers to stm32f37x_gpio.o(i.GPIO_Init) for i.GPIO_Init
    stm32f37x_gpio.o(.ARM.exidx) refers to stm32f37x_gpio.o(i.GPIO_StructInit) for i.GPIO_StructInit
    stm32f37x_gpio.o(.ARM.exidx) refers to stm32f37x_gpio.o(i.GPIO_PinLockConfig) for i.GPIO_PinLockConfig
    stm32f37x_gpio.o(.ARM.exidx) refers to stm32f37x_gpio.o(i.GPIO_ReadInputDataBit) for i.GPIO_ReadInputDataBit
    stm32f37x_gpio.o(.ARM.exidx) refers to stm32f37x_gpio.o(i.GPIO_ReadInputData) for i.GPIO_ReadInputData
    stm32f37x_gpio.o(.ARM.exidx) refers to stm32f37x_gpio.o(i.GPIO_ReadOutputDataBit) for i.GPIO_ReadOutputDataBit
    stm32f37x_gpio.o(.ARM.exidx) refers to stm32f37x_gpio.o(i.GPIO_ReadOutputData) for i.GPIO_ReadOutputData
[...]
    std::basic_filebuf<char, std::char_traits<char>>::overflow(int) 0x0800b80f   Thumb Code   366  ios.o(t._ZNSt13basic_filebufIcSt11char_traitsIcEE8overflowEi)
    std::basic_filebuf<char, std::char_traits<char>>::basic_filebuf(std::__FILE*, char*, long) 0x0800b97d   Thumb Code   106  ios.o(t._ZNSt13basic_filebufIcSt11char_traitsIcEEC1EPSt6__FILEPcl)
    std::basic_filebuf<char, std::char_traits<char>>::basic_filebuf__sub_object(std::__FILE*, char*, long) 0x0800b97d   Thumb Code     0  ios.o(t._ZNSt13basic_filebufIcSt11char_traitsIcEEC1EPSt6__FILEPcl)
    std::basic_filebuf<wchar_t, std::char_traits<wchar_t>>::_C_file_seek(long, int) 0x0800b9f1   Thumb Code    32  ios.o(t._ZNSt13basic_filebufIwSt11char_traitsIwEE12_C_file_seekEli)
    std::basic_filebuf<wchar_t, std::char_traits<wchar_t>>::sync() 0x0800ba11   Thumb Code   298  ios.o(t._ZNSt13basic_filebufIwSt11char_traitsIwEE4syncEv)
    std::basic_filebuf<wchar_t, std::char_traits<wchar_t>>::setbuf(wchar_t*, long) 0x0800bb3b   Thumb Code   110  ios.o(t._ZNSt13basic_filebufIwSt11char_traitsIwEE6setbufEPwl)
    std::basic_filebuf<wchar_t, std::char_traits<wchar_t>>::overflow(int) 0x0800bba9   Thumb Code   370  ios.o(t._ZNSt13basic_filebufIwSt11char_traitsIwEE8overflowEi)
    std::basic_filebuf<wchar_t, std::char_traits<wchar_t>>::basic_filebuf(std::__FILE*, wchar_t*, long) 0x0800bd1d   Thumb Code   106  ios.o(t._ZNSt13basic_filebufIwSt11char_traitsIwEEC1EPSt6__FILEPwl)
    std::basic_filebuf<wchar_t, std::char_traits<wchar_t>>::basic_filebuf__sub_object(std::__FILE*, wchar_t*, long) 0x0800bd1d   Thumb Code     0  ios.o(t._ZNSt13basic_filebufIwSt11char_traitsIwEEC1EPSt6__FILEPwl)
    std::basic_ostream<wchar_t, std::char_traits<wchar_t>>::basic_ostream(std::basic_streambuf<wchar_t, std::char_traits<wchar_t>>*) 0x0800bd91   Thumb Code    46  ios.o(t._ZNSt13basic_ostreamIwSt11char_traitsIwEEC1EPSt15basic_streambufIwS1_E)
    std::basic_streambuf<char, std::char_traits<char>>::_C_own_buf(bool) 0x0800bdc5   Thumb Code    18  ios.o(t._ZNSt15basic_streambufIcSt11char_traitsIcEE10_C_own_bufEb)
    std::basic_streambuf<char, std::char_traits<char>>::_C_out_last(bool) 0x0800bdd7   Thumb Code    18  ios.o(t._ZNSt15basic_streambufIcSt11char_traitsIcEE11_C_out_lastEb)
    std::basic_streambuf<char, std::char_traits<char>>::_C_set_unbuffered(bool) 0x0800bde9   Thumb Code    18  ios.o(t._ZNSt15basic_streambufIcSt11char_traitsIcEE17_C_set_unbufferedEb)
    std::basic_streambuf<char, std::char_traits<char>>::sputc(char) 0x0800bdfb   Thumb Code    32  ios.o(t._ZNSt15basic_streambufIcSt11char_traitsIcEE5sputcEc)
    std::basic_streambuf<char, std::char_traits<char>>::setbuf(char*, long) 0x0800be1b   Thumb Code     2  ios.o(t._ZNSt15basic_streambufIcSt11char_traitsIcEE6setbufEPcl)
    std::basic_streambuf<char, std::char_traits<char>>::overflow(int) 0x0800be1d   Thumb Code     6  ios.o(t._ZNSt15basic_streambufIcSt11char_traitsIcEE8overflowEi)
    std::basic_streambuf<char, std::char_traits<char>>::pubsetbuf(char*, long) 0x0800be23   Thumb Code     6  ios.o(t._ZNSt15basic_streambufIcSt11char_traitsIcEE9pubsetbufEPcl)
    std::basic_streambuf<wchar_t, std::char_traits<wchar_t>>::_C_own_buf(bool) 0x0800be29   Thumb Code    18  ios.o(t._ZNSt15basic_streambufIwSt11char_traitsIwEE10_C_own_bufEb)
    std::basic_streambuf<wchar_t, std::char_traits<wchar_t>>::_C_out_last(bool) 0x0800be3b   Thumb Code    18  ios.o(t._ZNSt15basic_streambufIwSt11char_traitsIwEE11_C_out_lastEb)
    std::basic_streambuf<wchar_t, std::char_traits<wchar_t>>::_C_set_unbuffered(bool) 0x0800be4d   Thumb Code    18  ios.o(t._ZNSt15basic_streambufIwSt11char_traitsIwEE17_C_set_unbufferedEb)
    std::basic_streambuf<wchar_t, std::char_traits<wchar_t>>::sputc(wchar_t) 0x0800be5f   Thumb Code    34  ios.o(t._ZNSt15basic_streambufIwSt11char_traitsIwEE5sputcEw)
    std::basic_streambuf<wchar_t, std::char_traits<wchar_t>>::setbuf(wchar_t*, long) 0x0800be81   Thumb Code     2  ios.o(t._ZNSt15basic_streambufIwSt11char_traitsIwEE6setbufEPwl)
    std::basic_streambuf<wchar_t, std::char_traits<wchar_t>>::overflow(int) 0x0800be83   Thumb Code     6  ios.o(t._ZNSt15basic_streambufIwSt11char_traitsIwEE8overflowEi)
    std::basic_streambuf<wchar_t, std::char_traits<wchar_t>>::pubsetbuf(wchar_t*, long) 0x0800be89   Thumb Code     6  ios.o(t._ZNSt15basic_streambufIwSt11char_traitsIwEE9pubsetbufEPwl)
    std::fpos<std::__mbstate_t>::fpos(const std::fpos<std::__mbstate_t>&) 0x0800be8f   Thumb Code    14  ios.o(t._ZNSt4fposISt11__mbstate_tEC1ERKS1_)
    std::fpos<std::__mbstate_t>::fpos__sub_object(const std::fpos<std::__mbstate_t>&) 0x0800be8f   Thumb Code     0  ios.o(t._ZNSt4fposISt11__mbstate_tEC1ERKS1_)
    std::fpos<std::__mbstate_t>::fpos(long)  0x0800be9d   Thumb Code    10  ios.o(t._ZNSt4fposISt11__mbstate_tEC1El)
    std::fpos<std::__mbstate_t>::fpos__sub_object(long) 0x0800be9d   Thumb Code     0  ios.o(t._ZNSt4fposISt11__mbstate_tEC1El)
    std::fpos<std::__mbstate_t>::operator =(const std::fpos<std::__mbstate_t>&) 0x0800bea7   Thumb Code    18  ios.o(t._ZNSt4fposISt11__mbstate_tEaSERKS1_)
    std::fpos<std::__mbstate_t>::operator +=(long) 0x0800beb9   Thumb Code     8  ios.o(t._ZNSt4fposISt11__mbstate_tEpLEl)
    std::basic_ios<char, std::char_traits<char>>::init(std::basic_streambuf<char, std::char_traits<char>>*) 0x0800bec1   Thumb Code    84  ios.o(t._ZNSt9basic_iosIcSt11char_traitsIcEE4initEPSt15basic_streambufIcS1_E)
    std::basic_ios<char, std::char_traits<char>>::basic_ios() 0x0800bf1d   Thumb Code    12  ios.o(t._ZNSt9basic_iosIcSt11char_traitsIcEEC1Ev)
    std::basic_ios<char, std::char_traits<char>>::basic_ios__sub_object() 0x0800bf1d   Thumb Code     0  ios.o(t._ZNSt9basic_iosIcSt11char_traitsIcEEC1Ev)
    std::basic_ios<wchar_t, std::char_traits<wchar_t>>::init(std::basic_streambuf<wchar_t, std::char_traits<wchar_t>>*) 0x0800bf2d   Thumb Code    82  ios.o(t._ZNSt9basic_iosIwSt11char_traitsIwEE4initEPSt15basic_streambufIwS1_E)
    std::basic_ios<wchar_t, std::char_traits<wchar_t>>::basic_ios() 0x0800bf89   Thumb Code    12  ios.o(t._ZNSt9basic_iosIwSt11char_traitsIwEEC1Ev)
    std::basic_ios<wchar_t, std::char_traits<wchar_t>>::basic_ios__sub_object() 0x0800bf89   Thumb Code     0  ios.o(t._ZNSt9basic_iosIwSt11char_traitsIwEEC1Ev)
    const T1& std::max<unsigned>(const T1&, const T1&) 0x0800bf99   Thumb Code    12  char.o(t._ZSt3maxIjERKT_S2_S2_)
    const T1& std::use_facet<std::codecvt<char, char, std::__mbstate_t>>(const std::locale&) 0x0800bfa5   Thumb Code    18  ios.o(t._ZSt9use_facetISt7codecvtIccSt11__mbstate_tEERKT_RKSt6locale)
    const T1& std::use_facet<std::codecvt<wchar_t, char, std::__mbstate_t>>(const std::locale&) 0x0800bfc1   Thumb Code    18  ios.o(t._ZSt9use_facetISt7codecvtIwcSt11__mbstate_tEERKT_RKSt6locale)
    __aeabi_d2f                              0x0800bfdd   Thumb Code     0  d2f.o(x$fpl$d2f)
    _d2f                                     0x0800bfdd   Thumb Code    98  d2f.o(x$fpl$d2f)
    __fpl_dcheck_NaN1                        0x0800c041   Thumb Code    10  dcheck1.o(x$fpl$dcheck1)
    __fpl_dcmp_Inf                           0x0800c051   Thumb Code    24  dcmpi.o(x$fpl$dcmpinf)
    __aeabi_cdcmpeq                          0x0800c069   Thumb Code     0  deqf.o(x$fpl$deqf)
    _dcmpeq                                  0x0800c069   Thumb Code   120  deqf.o(x$fpl$deqf)
    __aeabi_cdcmple                          0x0800c0e1   Thumb Code     0  dleqf.o(x$fpl$dleqf)
    _dcmple                                  0x0800c0e1   Thumb Code   120  dleqf.o(x$fpl$dleqf)
    __fpl_dcmple_InfNaN                      0x0800c143   Thumb Code     0  dleqf.o(x$fpl$dleqf)
    __aeabi_dmul                             0x0800c159   Thumb Code     0  dmul.o(x$fpl$dmul)
    _dmul                                    0x0800c159   Thumb Code   332  dmul.o(x$fpl$dmul)
    __fpl_dnaninf                            0x0800c2ad   Thumb Code   156  dnaninf.o(x$fpl$dnaninf)
    __fpl_dretinf                            0x0800c349   Thumb Code    12  dretinf.o(x$fpl$dretinf)
    __aeabi_cdrcmple                         0x0800c355   Thumb Code     0  drleqf.o(x$fpl$drleqf)
    _drcmple                                 0x0800c355   Thumb Code   108  drleqf.o(x$fpl$drleqf)
    _fp_init                                 0x0800c3c1   Thumb Code    10  fpinit.o(x$fpl$fpinit)
    __fplib_config_fpu_vfp                   0x0800c3c9   Thumb Code     0  fpinit.o(x$fpl$fpinit)
    __fplib_config_pureend_doubles           0x0800c3c9   Thumb Code     0  fpinit.o(x$fpl$fpinit)
    __fpl_fretinf                            0x0800c3cb   Thumb Code    10  fretinf.o(x$fpl$fretinf)
    _printf_fp_dec                           0x0800c3d5   Thumb Code     4  printf1.o(x$fpl$printf1)
    _printf_fp_hex                           0x0800c3d9   Thumb Code     4  printf2.o(x$fpl$printf2)
    __fpl_return_NaN                         0x0800c3dd   Thumb Code   100  retnan.o(x$fpl$retnan)
    __ARM_scalbn                             0x0800c441   Thumb Code    92  scalbn.o(x$fpl$scalbn)
    _scanf_real                              0x0800c49d   Thumb Code     4  scanf1.o(x$fpl$scanf1)
    _scanf_hex_real                          0x0800c4a1   Thumb Code     4  scanf2.o(x$fpl$scanf2)
    _scanf_infnan                            0x0800c4a5   Thumb Code     4  scanf2.o(x$fpl$scanf2)
    __fpl_cmpreturn                          0x0800c4a9   Thumb Code    48  trapv.o(x$fpl$trapveneer)
    __I$use$fp                               0x0800c4d8   Number         0  usenofp.o(x$fpl$usenofp)
    std::ctype<char>::_C_classic_table       0x0800c534   Data         512  char.o(.constdata)
    __stdin_name                             0x0800c734   Data           4  sys_io.o(.constdata)
    __stdout_name                            0x0800c738   Data           4  sys_io.o(.constdata)
    __stderr_name                            0x0800c73c   Data           4  sys_io.o(.constdata)
    vtable for std::locale::facet            0x0800c83c   Data          20  ios.o(.constdata__ZTVNSt6locale5facetE)
    VTT for std::basic_istream<char, std::char_traits<char>> 0x0800c850   Data           8  ios.o(.constdata__ZTVSi)
    vtable for std::basic_istream<char, std::char_traits<char>> 0x0800c858   Data          40  ios.o(.constdata__ZTVSi)
    VTT for std::basic_ostream<char, std::char_traits<char>> 0x0800c880   Data           8  ios.o(.constdata__ZTVSo)
    vtable for std::basic_ostream<char, std::char_traits<char>> 0x0800c888   Data          40  ios.o(.constdata__ZTVSo)
    vtable for std::ctype_byname<char>       0x0800c8b0   Data          52  char.o(.constdata__ZTVSt12ctype_bynameIcE)
    vtable for std::basic_filebuf<char, std::char_traits<char>> 0x0800c8e4   Data          64  ios.o(.constdata__ZTVSt13basic_filebufIcSt11char_traitsIcEE)
    vtable for std::basic_filebuf<wchar_t, std::char_traits<wchar_t>> 0x0800c924   Data          64  ios.o(.constdata__ZTVSt13basic_filebufIwSt11char_traitsIwEE)
    VTT for std::basic_istream<wchar_t, std::char_traits<wchar_t>> 0x0800c964   Data           8  ios.o(.constdata__ZTVSt13basic_istreamIwSt11char_traitsIwEE)
    vtable for std::basic_istream<wchar_t, std::char_traits<wchar_t>> 0x0800c96c   Data          40  ios.o(.constdata__ZTVSt13basic_istreamIwSt11char_traitsIwEE)
    VTT for std::basic_ostream<wchar_t, std::char_traits<wchar_t>> 0x0800c994   Data           8  ios.o(.constdata__ZTVSt13basic_ostreamIwSt11char_traitsIwEE)
    vtable for std::basic_ostream<wchar_t, std::char_traits<wchar_t>> 0x0800c99c   Data          40  ios.o(.constdata__ZTVSt13basic_ostreamIwSt11char_traitsIwEE)
    vtable for std::__rw_exception           0x0800c9c4   Data          20  rwstdexcept.o(.constdata__ZTVSt14__rw_exception)
    vtable for std::basic_streambuf<char, std::char_traits<char>> 0x0800c9d8   Data          64  ios.o(.constdata__ZTVSt15basic_streambufIcSt11char_traitsIcEE)
    vtable for std::basic_streambuf<wchar_t, std::char_traits<wchar_t>> 0x0800ca18   Data          64  ios.o(.constdata__ZTVSt15basic_streambufIwSt11char_traitsIwEE)
    vtable for std::ctype<char>              0x0800ca58   Data          52  char.o(.constdata__ZTVSt5ctypeIcE)
    vtable for std::ctype<wchar_t>           0x0800ca8c   Data          68  ios.o(.constdata__ZTVSt5ctypeIwE)
    vtable for std::codecvt<char, char, std::__mbstate_t> 0x0800cad0   Data          48  ios.o(.constdata__ZTVSt7codecvtIccSt11__mbstate_tE)
    vtable for std::codecvt<wchar_t, char, std::__mbstate_t> 0x0800cb00   Data          48  ios.o(.constdata__ZTVSt7codecvtIwcSt11__mbstate_tE)
    vtable for std::ios_base                 0x0800cb30   Data          16  ios.o(.constdata__ZTVSt8ios_base)
    vtable for std::messages<char>           0x0800cb40   Data          32  rwstdexcept.o(.constdata__ZTVSt8messagesIcE)
    vtable for std::basic_ios<char, std::char_traits<char>> 0x0800cb60   Data          16  ios.o(.constdata__ZTVSt9basic_iosIcSt11char_traitsIcEE)
    vtable for std::basic_ios<wchar_t, std::char_traits<wchar_t>> 0x0800cb70   Data          16  ios.o(.constdata__ZTVSt9basic_iosIwSt11char_traitsIwEE)
    vtable for std::exception                0x0800cb80   Data          20  exception_dtor.o(.constdata__ZTVSt9exception)
    T1* __rw::__rw_create_native_facet<std::ctype<wchar_t>>(T1*)::string 0x0800cb94   Data           1  ios.o(.constdata__ZZN4__rw24__rw_create_native_facetISt5ctypeIwEEEPT_S4_Es)
    T1* __rw::__rw_create_native_facet<std::codecvt<char, char, std::__mbstate_t>>(T1*)::string 0x0800cb95   Data           1  ios.o(.constdata__ZZN4__rw24__rw_create_native_facetISt7codecvtIccSt11__mbstate_tEEEPT_S5_Es)
    T1* __rw::__rw_create_native_facet<std::codecvt<wchar_t, char, std::__mbstate_t>>(T1*)::string 0x0800cb96   Data           1  ios.o(.constdata__ZZN4__rw24__rw_create_native_facetISt7codecvtIwcSt11__mbstate_tEEEPT_S5_Es)
    __rw::__rw_locale_imp::_C_category_name(int) const::string 0x0800cb97   Data           1  locale.o(.constdata__ZZNK4__rw15__rw_locale_imp16_C_category_nameEiEs)
    std::basic_string<char, std::char_traits<char>, std::allocator<char>>::replace(unsigned, unsigned, const char*, unsigned, unsigned, unsigned)::string 0x0800cb98   Data           1  main.o(.constdata__ZZNSs7replaceEjjPKcjjjEs)
    std::basic_string<char, std::char_traits<char>, std::allocator<char>>::_C_getRep(unsigned, unsigned)::string 0x0800cb99   Data           1  main.o(.constdata__ZZNSs9_C_getRepEjjEs)
    std::messages<char>::messages(unsigned)::string 0x0800cb9a   Data           2  rwstdexcept.o(.constdata__ZZNSt8messagesIcEC1EjEs)
    Region$$Table$$Base                      0x0800ce10   Number         0  anon$$obj.o(Region$$Table)
    Region$$Table$$Limit                     0x0800ce30   Number         0  anon$$obj.o(Region$$Table)
    __aeabi_HUGE_VAL                         0x0800ce30   Data           0  fpconst.o(c$$dinf)
    __aeabi_HUGE_VALL                        0x0800ce30   Data           0  fpconst.o(c$$dinf)
    __aeabi_INFINITY                         0x0800ce30   Data           0  fpconst.o(c$$dinf)
    __dInf                                   0x0800ce30   Data           0  fpconst.o(c$$dinf)
    __huge_val                               0x0800ce30   Data           0  fpconst.o(c$$dinf)
    __ctype                                  0x0800ce45   Data           0  lc_ctype_c.o(locale$$data)
    __lcnull_start                           0x0800cf54   Data           4  null_locale.o(locale$$data)
    SHT$$INIT_ARRAY$$Base                    0x0800cf74   Number         0  main.o(.init_array)
    SHT$$INIT_ARRAY$$Limit                   0x0800cf84   Number         0  rwcats.o(.init_array)
    std::ios_base::Init::_C_initcnt          0x20000004   Data           4  ios.o(.data)
    __aeabi_stdin                            0x20000028   Data           4  stdio_streams.o(.data)
    __aeabi_stdout                           0x2000002c   Data           4  stdio_streams.o(.data)
    __aeabi_stderr                           0x20000030   Data           4  stdio_streams.o(.data)
    std::ctype<char>::id                     0x20000034   Data           4  char.o(.data)
    std::ctype<wchar_t>::id                  0x20000038   Data           4  char.o(.data)
    std::locale::_C_classic                  0x20000044   Data           4  locale.o(.data)
    std::locale::_C_native                   0x20000048   Data           4  locale.o(.data)
    std::locale::_C_global                   0x2000004c   Data           4  locale.o(.data)
    std::codecvt<char, char, std::__mbstate_t>::id 0x20000050   Data           4  locale.o(.data)
    std::codecvt<wchar_t, char, std::__mbstate_t>::id 0x20000054   Data           4  locale.o(.data)
    __rw_throw_proc                          0x20000058   Data           4  rwthrowproc_noex.o(.data)
    std::locale::id::_C_init() const::_C_id_gen 0x20000064   Data           4  locale.o(.data__ZZNKSt6locale2id7_C_initEvE9_C_id_gen)
    guard variable for std::__rw_get_cats()::__open_cats 0x20000068   Data           4  messages.o(.data__ZZSt13__rw_get_catsvE11__open_cats)
    std::__rw_get_cats()::__open_cats        0x2000006c   Data           8  messages.o(.data__ZZSt13__rw_get_catsvE11__open_cats)
    std::__rw_cin_databuf                    0x20000078   Data         512  ios.o(.bss)
    std::__rw_cin_buffer                     0x20000278   Data          88  ios.o(.bss)
    std::__rw_indestructible_cin             0x200002d0   Data          80  ios.o(.bss)
    std::__rw_cout_databuf                   0x20000320   Data         512  ios.o(.bss)
    std::__rw_cout_buffer                    0x20000520   Data          88  ios.o(.bss)
    std::__rw_indestructible_cout            0x20000578   Data          72  ios.o(.bss)
    std::__rw_cerr_databuf                   0x200005c0   Data         512  ios.o(.bss)
    std::__rw_cerr_buffer                    0x200007c0   Data          88  ios.o(.bss)
    std::__rw_indestructible_cerr            0x20000818   Data          72  ios.o(.bss)
    std::__rw_clog_databuf                   0x20000860   Data         512  ios.o(.bss)
    std::__rw_clog_buffer                    0x20000a60   Data          88  ios.o(.bss)
    std::__rw_indestructible_clog            0x20000ab8   Data          72  ios.o(.bss)
    std::__rw_wcin_databuf                   0x20000b00   Data        1024  ios.o(.bss)
    std::__rw_wcin_buffer                    0x20000f00   Data          88  ios.o(.bss)
    std::__rw_indestructible_wcin            0x20000f58   Data          80  ios.o(.bss)
    std::__rw_wcout_databuf                  0x20000fa8   Data        1024  ios.o(.bss)
    std::__rw_wcout_buffer                   0x200013a8   Data          88  ios.o(.bss)
    std::__rw_indestructible_wcout           0x20001400   Data          72  ios.o(.bss)
    std::__rw_wcerr_databuf                  0x20001448   Data        1024  ios.o(.bss)
    std::__rw_wcerr_buffer                   0x20001848   Data          88  ios.o(.bss)
    std::__rw_indestructible_wcerr           0x200018a0   Data          72  ios.o(.bss)
    std::__rw_wclog_databuf                  0x200018e8   Data        1024  ios.o(.bss)
    std::__rw_wclog_buffer                   0x20001ce8   Data          88  ios.o(.bss)
    std::__rw_indestructible_wclog           0x20001d40   Data          72  ios.o(.bss)
    std::__rw_std_streams                    0x20001d88   Data          32  ios.o(.bss)
    __stdin                                  0x20001dc0   Data          84  stdio_streams.o(.bss)
    __stdout                                 0x20001e14   Data          84  stdio_streams.o(.bss)
    __stderr                                 0x20001e68   Data          84  stdio_streams.o(.bss)
    __libspace_start                         0x20001ebc   Data          96  libspace.o(.bss)
    __temporary_stack_top$libspace           0x20001f1c   Data           0  libspace.o(.bss)
    std::basic_string<char, std::char_traits<char>, std::allocator<char>>::__nullref 0x20001f48   Data          16  vendor.o(.bss__ZNSs9__nullrefE)



==============================================================================

Memory Map of the image

  Image Entry point : 0x08005389

  Load Region LR_IROM1 (Base: 0x08005200, Size: 0x00007df8, Max: 0x0003ae00, ABSOLUTE)

    Execution Region ER_IROM1 (Base: 0x08005200, Size: 0x00007d84, Max: 0x0003ae00, ABSOLUTE)

    Base Addr    Size         Type   Attr      Idx    E Section Name        Object

    0x08005200   0x00000188   Data   RO            3    RESET               startup_stm32f37x.o
    0x08005388   0x00000008   Code   RO         1327  * !!!main             c_w.l(__main.o)
    0x08005390   0x00000034   Code   RO         3863    !!!scatter          c_w.l(__scatter.o)
    0x080053c4   0x0000001a   Code   RO         3865    !!handler_copy      c_w.l(__scatter_copy.o)
    0x080053de   0x00000002   PAD
    0x080053e0   0x0000001c   Code   RO         3867    !!handler_zi        c_w.l(__scatter_zi.o)
    0x080053fc   0x00000000   Code   RO         3264    .ARM.Collect$$_printf_percent$$00000000  c_w.l(_printf_percent.o)
    0x080053fc   0x00000006   Code   RO         3253    .ARM.Collect$$_printf_percent$$00000001  c_w.l(_printf_n.o)
    0x08005402   0x00000006   Code   RO         3255    .ARM.Collect$$_printf_percent$$00000002  c_w.l(_printf_p.o)
    0x08005408   0x00000006   Code   RO         3260    .ARM.Collect$$_printf_percent$$00000003  c_w.l(_printf_f.o)
    0x0800540e   0x00000006   Code   RO         3261    .ARM.Collect$$_printf_percent$$00000004  c_w.l(_printf_e.o)
    0x08005414   0x00000006   Code   RO         3262    .ARM.Collect$$_printf_percent$$00000005  c_w.l(_printf_g.o)
    0x0800541a   0x00000006   Code   RO         3263    .ARM.Collect$$_printf_percent$$00000006  c_w.l(_printf_a.o)
    0x08005420   0x0000000a   Code   RO         3268    .ARM.Collect$$_printf_percent$$00000007  c_w.l(_printf_ll.o)
    0x0800542a   0x00000006   Code   RO         3257    .ARM.Collect$$_printf_percent$$00000008  c_w.l(_printf_i.o)
    0x08005430   0x00000006   Code   RO         3258    .ARM.Collect$$_printf_percent$$00000009  c_w.l(_printf_d.o)
    0x08005436   0x00000006   Code   RO         3259    .ARM.Collect$$_printf_percent$$0000000A  c_w.l(_printf_u.o)
    0x0800543c   0x00000006   Code   RO         3256    .ARM.Collect$$_printf_percent$$0000000B  c_w.l(_printf_o.o)
    0x08005442   0x00000006   Code   RO         3254    .ARM.Collect$$_printf_percent$$0000000C  c_w.l(_printf_x.o)
    0x08005448   0x00000006   Code   RO         3265    .ARM.Collect$$_printf_percent$$0000000D  c_w.l(_printf_lli.o)
    0x0800544e   0x00000006   Code   RO         3266    .ARM.Collect$$_printf_percent$$0000000E  c_w.l(_printf_lld.o)
    0x08005454   0x00000006   Code   RO         3267    .ARM.Collect$$_printf_percent$$0000000F  c_w.l(_printf_llu.o)
    0x0800545a   0x00000006   Code   RO         3272    .ARM.Collect$$_printf_percent$$00000010  c_w.l(_printf_llo.o)
    0x08005460   0x00000006   Code   RO         3273    .ARM.Collect$$_printf_percent$$00000011  c_w.l(_printf_llx.o)
    0x08005466   0x0000000a   Code   RO         3269    .ARM.Collect$$_printf_percent$$00000012  c_w.l(_printf_l.o)
    0x08005470   0x00000006   Code   RO         3251    .ARM.Collect$$_printf_percent$$00000013  c_w.l(_printf_c.o)
    0x08005476   0x00000006   Code   RO         3252    .ARM.Collect$$_printf_percent$$00000014  c_w.l(_printf_s.o)
    0x0800547c   0x00000006   Code   RO         3270    .ARM.Collect$$_printf_percent$$00000015  c_w.l(_printf_lc.o)
    0x08005482   0x00000006   Code   RO         3271    .ARM.Collect$$_printf_percent$$00000016  c_w.l(_printf_ls.o)
    0x08005488   0x00000004   Code   RO         3550    .ARM.Collect$$_printf_percent$$00000017  c_w.l(_printf_percent_end.o)
    0x0800548c   0x00000002   Code   RO         3613    .ARM.Collect$$libinit$$00000000  c_w.l(libinit.o)
    0x0800548e   0x00000004   Code   RO         2641    .ARM.Collect$$libinit$$00000001  c_w.l(libinit2.o)
    0x08005492   0x00000000   Code   RO         2644    .ARM.Collect$$libinit$$00000004  c_w.l(libinit2.o)
    0x08005492   0x00000008   Code   RO         2645    .ARM.Collect$$libinit$$00000005  c_w.l(libinit2.o)
    0x0800549a   0x00000000   Code   RO         2647    .ARM.Collect$$libinit$$0000000A  c_w.l(libinit2.o)
    0x0800549a   0x00000000   Code   RO         2649    .ARM.Collect$$libinit$$0000000C  c_w.l(libinit2.o)
    0x0800549a   0x00000000   Code   RO         2651    .ARM.Collect$$libinit$$0000000E  c_w.l(libinit2.o)
    0x0800549a   0x00000006   Code   RO         2652    .ARM.Collect$$libinit$$0000000F  c_w.l(libinit2.o)
    0x080054a0   0x00000000   Code   RO         2654    .ARM.Collect$$libinit$$00000011  c_w.l(libinit2.o)
    0x080054a0   0x0000000c   Code   RO         2655    .ARM.Collect$$libinit$$00000012  c_w.l(libinit2.o)
    0x080054ac   0x00000000   Code   RO         2656    .ARM.Collect$$libinit$$00000013  c_w.l(libinit2.o)
    0x080054ac   0x00000000   Code   RO         2658    .ARM.Collect$$libinit$$00000015  c_w.l(libinit2.o)
    0x080054ac   0x0000000a   Code   RO         2659    .ARM.Collect$$libinit$$00000016  c_w.l(libinit2.o)
    0x080054b6   0x00000000   Code   RO         2660    .ARM.Collect$$libinit$$00000017  c_w.l(libinit2.o)
    0x080054b6   0x00000000   Code   RO         2662    .ARM.Collect$$libinit$$00000019  c_w.l(libinit2.o)
    0x080054b6   0x00000000   Code   RO         2664    .ARM.Collect$$libinit$$0000001B  c_w.l(libinit2.o)
    0x080054b6   0x00000000   Code   RO         2666    .ARM.Collect$$libinit$$0000001D  c_w.l(libinit2.o)
    0x080054b6   0x00000000   Code   RO         2668    .ARM.Collect$$libinit$$0000001F  c_w.l(libinit2.o)
    0x080054b6   0x00000000   Code   RO         2670    .ARM.Collect$$libinit$$00000021  c_w.l(libinit2.o)
    0x080054b6   0x00000000   Code   RO         2672    .ARM.Collect$$libinit$$00000023  c_w.l(libinit2.o)
    0x080054b6   0x00000004   Code   RO         2673    .ARM.Collect$$libinit$$00000024  c_w.l(libinit2.o)
    0x080054ba   0x00000000   Code   RO         2674    .ARM.Collect$$libinit$$00000025  c_w.l(libinit2.o)
    0x080054ba   0x00000000   Code   RO         2678    .ARM.Collect$$libinit$$0000002C  c_w.l(libinit2.o)
    0x080054ba   0x00000000   Code   RO         2680    .ARM.Collect$$libinit$$0000002E  c_w.l(libinit2.o)
    0x080054ba   0x00000000   Code   RO         2682    .ARM.Collect$$libinit$$00000030  c_w.l(libinit2.o)
    0x080054ba   0x00000004   Code   RO         2683    .ARM.Collect$$libinit$$00000031  c_w.l(libinit2.o)
    0x080054be   0x00000000   Code   RO         2684    .ARM.Collect$$libinit$$00000032  c_w.l(libinit2.o)
    0x080054be   0x00000002   Code   RO         2685    .ARM.Collect$$libinit$$00000033  c_w.l(libinit2.o)
    0x080054c0   0x00000002   Code   RO         3806    .ARM.Collect$$libshutdown$$00000000  c_w.l(libshutdown.o)
    0x080054c2   0x00000006   Code   RO         3339    .ARM.Collect$$libshutdown$$00000001  c_w.l(libshutdown2.o)
    0x080054c8   0x00000000   Code   RO         3340    .ARM.Collect$$libshutdown$$00000002  c_w.l(libshutdown2.o)
    0x080054c8   0x00000004   Code   RO         3341    .ARM.Collect$$libshutdown$$00000003  c_w.l(libshutdown2.o)
    0x080054cc   0x00000000   Code   RO         3342    .ARM.Collect$$libshutdown$$00000004  c_w.l(libshutdown2.o)
    0x080054cc   0x00000000   Code   RO         3345    .ARM.Collect$$libshutdown$$00000007  c_w.l(libshutdown2.o)
    0x080054cc   0x00000000   Code   RO         3348    .ARM.Collect$$libshutdown$$0000000A  c_w.l(libshutdown2.o)
    0x080054cc   0x00000000   Code   RO         3350    .ARM.Collect$$libshutdown$$0000000C  c_w.l(libshutdown2.o)
    0x080054cc   0x00000000   Code   RO         3353    .ARM.Collect$$libshutdown$$0000000F  c_w.l(libshutdown2.o)
    0x080054cc   0x00000002   Code   RO         3354    .ARM.Collect$$libshutdown$$00000010  c_w.l(libshutdown2.o)
    0x080054ce   0x00000000   Code   RO         2514    .ARM.Collect$$rtentry$$00000000  c_w.l(__rtentry.o)
    0x080054ce   0x00000000   Code   RO         3128    .ARM.Collect$$rtentry$$00000002  c_w.l(__rtentry2.o)
    0x080054ce   0x00000006   Code   RO         3140    .ARM.Collect$$rtentry$$00000004  c_w.l(__rtentry4.o)
    0x080054d4   0x00000000   Code   RO         3130    .ARM.Collect$$rtentry$$00000009  c_w.l(__rtentry2.o)
    0x080054d4   0x00000004   Code   RO         3131    .ARM.Collect$$rtentry$$0000000A  c_w.l(__rtentry2.o)
    0x080054d8   0x00000000   Code   RO         3133    .ARM.Collect$$rtentry$$0000000C  c_w.l(__rtentry2.o)
    0x080054d8   0x00000008   Code   RO         3134    .ARM.Collect$$rtentry$$0000000D  c_w.l(__rtentry2.o)
    0x080054e0   0x00000002   Code   RO         3644    .ARM.Collect$$rtexit$$00000000  c_w.l(rtexit.o)
    0x080054e2   0x00000000   Code   RO         3749    .ARM.Collect$$rtexit$$00000002  c_w.l(rtexit2.o)
    0x080054e2   0x00000004   Code   RO         3750    .ARM.Collect$$rtexit$$00000003  c_w.l(rtexit2.o)
    0x080054e6   0x00000006   Code   RO         3751    .ARM.Collect$$rtexit$$00000004  c_w.l(rtexit2.o)
    0x080054ec   0x00000000   Code   RO         3521    .emb_text           c_w.l(maybetermalloc1.o)
    0x080054ec   0x00000040   Code   RO            4    .text               startup_stm32f37x.o
    0x0800552c   0x0000002e   Code   RO         1318    .text               c_w.l(aeabi_atexit.o)
    0x0800555a   0x0000008a   Code   RO         1321    .text               c_w.l(rt_memcpy_v6.o)
    0x080055e4   0x00000084   Code   RO         1323    .text               c_w.l(rt_memmove_v6.o)
    0x08005668   0x00000006   Code   RO         1325    .text               c_w.l(heapauxi.o)
    0x0800566e   0x00000002   PAD
    0x08005670   0x00000024   Code   RO         1332    .text               c_w.l(init_aeabi.o)
    0x08005694   0x00000008   Code   RO         2518    .text               c_w.l(rt_ddtor_pointer_addr_intlibspace.o)
    0x0800569c   0x0000005e   Code   RO         2524    .text               c_w.l(h1_alloc.o)
    0x080056fa   0x0000004e   Code   RO         2526    .text               c_w.l(h1_free.o)
    0x08005748   0x00000014   Code   RO         2582    .text               c_w.l(fprintf.o)
    0x0800575c   0x00000034   Code   RO         2584    .text               c_w.l(vsnprintf.o)
    0x08005790   0x0000003c   Code   RO         2586    .text               c_w.l(sscanf.o)
    0x080057cc   0x00000008   Code   RO         2590    .text               c_w.l(ferror.o)
    0x080057d4   0x000000f8   Code   RO         2592    .text               c_w.l(fseek.o)
    0x080058cc   0x00000042   Code   RO         2594    .text               c_w.l(ftell.o)
    0x0800590e   0x0000004c   Code   RO         2606    .text               c_w.l(fclose.o)
    0x0800595a   0x00000016   Code   RO         2620    .text               c_w.l(abort.o)
    0x08005970   0x00000042   Code   RO         2622    .text               c_w.l(cxa_finalize.o)
    0x080059b2   0x00000048   Code   RO         2625    .text               c_w.l(strcpy.o)
    0x080059fa   0x00000016   Code   RO         2627    .text               c_w.l(strrchr.o)
    0x08005a10   0x0000003e   Code   RO         2629    .text               c_w.l(strlen.o)
    0x08005a4e   0x00000006   Code   RO         2631    .text               c_w.l(wmemmove.o)
    0x08005a54   0x00000018   Code   RO         2633    .text               c_w.l(strcat.o)
    0x08005a6c   0x00000064   Code   RO         2635    .text               c_w.l(rt_memcpy_w.o)
    0x08005ad0   0x0000007a   Code   RO         2637    .text               c_w.l(rt_memmove_w.o)
    0x08005b4a   0x0000004e   Code   RO         2639    .text               c_w.l(rt_memclr_w.o)
    0x08005b98   0x00000002   Code   RO         3062    .text               cpprt_w.l(arm_rethrow_noexceptions.o)
    0x08005b9a   0x0000000e   Code   RO         3097    .text               cpprt_w.l(aeabi_vec_delete_noexceptions.o)
    0x08005ba8   0x00000066   Code   RO         3115    .text               c_w.l(sys_io.o)
    0x08005c0e   0x00000002   PAD
    0x08005c10   0x0000000c   Code   RO         3120    .text               c_w.l(sys_exit.o)
    0x08005c1c   0x00000008   Code   RO         3122    .text               c_w.l(libspace.o)
    0x08005c24   0x00000010   Code   RO         3142    .text               c_w.l(rt_ctype_table.o)
    0x08005c34   0x00000008   Code   RO         3147    .text               c_w.l(rt_heap_descriptor_intlibspace.o)
    0x08005c3c   0x00000008   Code   RO         3152    .text               c_w.l(rt_new_handler_addr_intlibspace.o)
    0x08005c44   0x00000008   Code   RO         3157    .text               c_w.l(rt_errno_addr_intlibspace.o)
    0x08005c4c   0x00000004   Code   RO         3159    .text               c_w.l(hguard.o)
    0x08005c50   0x0000008a   Code   RO         3161    .text               c_w.l(init_alloc.o)
    0x08005cda   0x0000000e   Code   RO         3165    .text               c_w.l(h1_init.o)
    0x08005ce8   0x0000004e   Code   RO         3181    .text               c_w.l(_printf_pad.o)
    0x08005d36   0x00000024   Code   RO         3183    .text               c_w.l(_printf_truncate.o)
    0x08005d5a   0x00000052   Code   RO         3185    .text               c_w.l(_printf_str.o)
    0x08005dac   0x00000078   Code   RO         3187    .text               c_w.l(_printf_dec.o)
    0x08005e24   0x00000028   Code   RO         3189    .text               c_w.l(_printf_charcount.o)
    0x08005e4c   0x00000030   Code   RO         3191    .text               c_w.l(_printf_char_common.o)
    0x08005e7c   0x0000000a   Code   RO         3193    .text               c_w.l(_sputc.o)
    0x08005e86   0x00000010   Code   RO         3195    .text               c_w.l(_snputc.o)
    0x08005e96   0x00000002   PAD
    0x08005e98   0x00000024   Code   RO         3197    .text               c_w.l(_printf_char_file.o)
    0x08005ebc   0x000000bc   Code   RO         3199    .text               c_w.l(_printf_wctomb.o)
    0x08005f78   0x0000007c   Code   RO         3202    .text               c_w.l(_printf_longlong_dec.o)
    0x08005ff4   0x00000070   Code   RO         3208    .text               c_w.l(_printf_oct_int_ll.o)
    0x08006064   0x00000094   Code   RO         3228    .text               c_w.l(_printf_hex_int_ll_ptr.o)
    0x080060f8   0x00000188   Code   RO         3248    .text               c_w.l(__printf_flags_ss_wp.o)
    0x08006280   0x00000156   Code   RO         3274    .text               c_w.l(_scanf_longlong.o)
    0x080063d6   0x0000014c   Code   RO         3276    .text               c_w.l(_scanf_int.o)
    0x08006522   0x000000e0   Code   RO         3278    .text               c_w.l(_scanf_str.o)
    0x08006602   0x00000002   PAD
    0x08006604   0x0000002c   Code   RO         3280    .text               c_w.l(scanf_char.o)
    0x08006630   0x00000040   Code   RO         3282    .text               c_w.l(_sgetc.o)
    0x08006670   0x00000114   Code   RO         3284    .text               c_w.l(_scanf_mbtowc.o)
    0x08006784   0x000000e8   Code   RO         3286    .text               c_w.l(_scanf_wctomb.o)
    0x0800686c   0x000000d0   Code   RO         3288    .text               c_w.l(_scanf_wstr.o)
    0x0800693c   0x000000f0   Code   RO         3298    .text               c_w.l(stdio.o)
    0x08006a2c   0x00000138   Code   RO         3301    .text               c_w.l(initio.o)
    0x08006b64   0x00000010   Code   RO         3309    .text               c_w.l(locale.o)
    0x08006b74   0x0000000e   Code   RO         3321    .text               c_w.l(defsig_abrt_outer.o)
    0x08006b82   0x00000008   Code   RO         3329    .text               c_w.l(memcpy.o)
    0x08006b8a   0x00000008   Code   RO         3331    .text               c_w.l(memmove.o)
    0x08006b92   0x00000002   PAD
    0x08006b94   0x00000080   Code   RO         3333    .text               c_w.l(strcmpv7m.o)
    0x08006c14   0x00000004   Code   RO         3444    .text               cpprt_w.l(arm_newhandler_noexceptions.o)
    0x08006c18   0x0000001a   Code   RO         3476    .text               cpprt_w.l(arm_exceptions_terminate.o)
    0x08006c32   0x00000002   PAD
    0x08006c34   0x00000050   Code   RO         3479    .text               cpprt_w.l(arm_exceptions_globs.o)
    0x08006c84   0x00000002   Code   RO         3502    .text               c_w.l(use_no_semi.o)
    0x08006c86   0x00000000   Code   RO         3504    .text               c_w.l(indicate_semi.o)
    0x08006c86   0x0000004a   Code   RO         3505    .text               c_w.l(sys_stackheap_outer.o)
    0x08006cd0   0x00000008   Code   RO         3512    .text               c_w.l(rt_locale_intlibspace.o)
    0x08006cd8   0x00000008   Code   RO         3517    .text               c_w.l(rt_eh_globals_addr_intlibspace.o)
    0x08006ce0   0x00000034   Code   RO         3523    .text               c_w.l(h1_extend.o)
    0x08006d14   0x0000008a   Code   RO         3527    .text               c_w.l(lludiv10.o)
    0x08006d9e   0x00000012   Code   RO         3529    .text               c_w.l(isspace.o)
    0x08006db0   0x000000b2   Code   RO         3537    .text               c_w.l(_printf_intcommon.o)
    0x08006e62   0x0000041a   Code   RO         3539    .text               c_w.l(_printf_fp_dec.o)
    0x0800727c   0x000002fc   Code   RO         3541    .text               c_w.l(_printf_fp_hex.o)
    0x08007578   0x0000002c   Code   RO         3546    .text               c_w.l(_printf_char.o)
    0x080075a4   0x0000002c   Code   RO         3548    .text               c_w.l(_printf_wchar.o)
    0x080075d0   0x0000001c   Code   RO         3551    .text               c_w.l(_chval.o)
    0x080075ec   0x00000374   Code   RO         3553    .text               c_w.l(_scanf.o)
    0x08007960   0x000004a4   Code   RO         3555    .text               c_w.l(scanf_fp.o)
    0x08007e04   0x0000001e   Code   RO         3559    .text               c_w.l(_scanf_wcharmap.o)
    0x08007e22   0x000001d6   Code   RO         3563    .text               c_w.l(flsbuf.o)
    0x08007ff8   0x00000046   Code   RO         3565    .text               c_w.l(setvbuf.o)
    0x0800803e   0x00000002   PAD
    0x08008040   0x000000ec   Code   RO         3567    .text               c_w.l(fopen.o)
    0x0800812c   0x000001ac   Code   RO         3575    .text               c_w.l(locale_r.o)
    0x080082d8   0x0000003c   Code   RO         3577    .text               c_w.l(_mbrtowc.o)
    0x08008314   0x00000040   Code   RO         3579    .text               c_w.l(_wcrtomb.o)
    0x08008354   0x00000012   Code   RO         3587    .text               c_w.l(exit.o)
    0x08008366   0x0000000a   Code   RO         3589    .text               c_w.l(defsig_exit.o)
    0x08008370   0x00000030   Code   RO         3591    .text               c_w.l(defsig_abrt_inner.o)
    0x080083a0   0x0000000e   Code   RO         3593    .text               c_w.l(defsig_rtred_outer.o)
    0x080083ae   0x0000000e   Code   RO         3597    .text               c_w.l(defsig_rtmem_outer.o)
    0x080083bc   0x00000022   Code   RO         3624    .text               cpprt_w.l(aeabi_vec_dtor_noexceptions.o)
    0x080083de   0x0000003c   Code   RO         3627    .text               cpprt_w.l(arm_exceptions_mem.o)
    0x0800841a   0x00000002   PAD
    0x0800841c   0x00000080   Code   RO         3648    .text               c_w.l(_printf_fp_infnan.o)
    0x0800849c   0x000000dc   Code   RO         3654    .text               c_w.l(bigflt0.o)
    0x08008578   0x000000bc   Code   RO         3683    .text               c_w.l(fwritefast.o)
    0x08008634   0x00000032   Code   RO         3706    .text               c_w.l(defsig_general.o)
    0x08008666   0x00000002   PAD
    0x08008668   0x00000034   Code   RO         3708    .text               c_w.l(defsig_rtred_inner.o)
    0x0800869c   0x00000050   Code   RO         3710    .text               c_w.l(defsig_rtmem_inner.o)
    0x080086ec   0x0000000e   Code   RO         3746    .text               c_w.l(sys_wrch.o)
    0x080086fa   0x00000016   Code   RO         3759    .text               c_w.l(_rserrno.o)
    0x08008710   0x00000320   Code   RO         3761    .text               c_w.l(scanf_hexfp.o)
    0x08008a30   0x00000134   Code   RO         3763    .text               c_w.l(scanf_infnan.o)
    0x08008b64   0x0000001c   Code   RO         3777    .text               cpprt_w.l(ARM_vec_cleanup_noexceptions.o)
    0x08008b80   0x00000026   Code   RO         3790    .text               c_w.l(llshl.o)
    0x08008ba6   0x0000003e   Code   RO         3657    CL$$btod_d2e        c_w.l(btod.o)
    0x08008be4   0x00000046   Code   RO         3659    CL$$btod_d2e_denorm_low  c_w.l(btod.o)
    0x08008c2a   0x00000060   Code   RO         3658    CL$$btod_d2e_norm_op1  c_w.l(btod.o)
    0x08008c8a   0x00000338   Code   RO         3667    CL$$btod_div_common  c_w.l(btod.o)
    0x08008fc2   0x00000002   PAD
    0x08008fc4   0x00000054   Code   RO         3665    CL$$btod_e2d        c_w.l(btod.o)
    0x08009018   0x000000c6   Code   RO         3664    CL$$btod_e2e        c_w.l(btod.o)
    0x080090de   0x00000028   Code   RO         3661    CL$$btod_ediv       c_w.l(btod.o)
    0x08009106   0x00000028   Code   RO         3663    CL$$btod_edivd      c_w.l(btod.o)
    0x0800912e   0x00000028   Code   RO         3660    CL$$btod_emul       c_w.l(btod.o)
    0x08009156   0x00000028   Code   RO         3662    CL$$btod_emuld      c_w.l(btod.o)
    0x0800917e   0x00000244   Code   RO         3666    CL$$btod_mult_common  c_w.l(btod.o)
    0x080093c2   0x00000014   Code   RO         2838    i.<Func5>           cpp_ws.l(locale.o)
    0x080093d6   0x00000078   Code   RO          789    i.GPIO_Init         stm32f37x_gpio.o
    0x0800944e   0x00000002   PAD
    0x08009450   0x00000060   Code   RO          767    i.LED_Init          led.o
    0x080094b0   0x00000018   Code   RO          943    i.RCC_AHBPeriphClockCmd  stm32f37x_rcc.o
    0x080094c8   0x00000018   Code   RO          947    i.RCC_APB2PeriphClockCmd  stm32f37x_rcc.o
    0x080094e0   0x0000006c   Code   RO          728    i.SystemInit        system_stm32f37x.o
    0x0800954c   0x0000000c   Code   RO           12    i._Z5Delayj         main.o
    0x08009558   0x00000020   Code   RO         3355    i._Z7catgetsPN4__rw8__rw_catEiiPKc  cpp_ws.l(rwcats.o)
    0x08009578   0x00000022   Code   RO         3356    i._Z7catopenPKci    cpp_ws.l(rwcats.o)
    0x0800959a   0x00000058   Code   RO         2315    i._ZN37_INTERNAL_15_rwstdexcept_cpp_8697b68a4__rw13__rw_vfmatstrEPcjPKcSt9__va_list  cpp_ws.l(rwstdexcept.o)
    0x080095f2   0x00000002   PAD
    0x080095f4   0x0000014c   Code   RO         2316    i._ZN37_INTERNAL_15_rwstdexcept_cpp_8697b68a4__rw13__rw_vfmatstrEPcjiSt9__va_list  cpp_ws.l(rwstdexcept.o)
    0x08009740   0x00000060   Code   RO          729    i._ZN40_INTERNAL_18_system_stm32f37x_c_5d646a6711SetSysClockEv  system_stm32f37x.o
    0x080097a0   0x0000005c   Code   RO         2318    i._ZN4__rw10__rw_throwEiz  cpp_ws.l(rwstdexcept.o)
    0x080097fc   0x0000002c   Code   RO         1725    i._ZN4__rw11__rw_file_t11_C_get_modeEPSt6__FILE  cpp_ws.l(ios.o)
    0x08009828   0x0000001c   Code   RO         1932    i._ZN4__rw11__rw_file_t7_C_seekEli  cpp_ws.l(ios.o)
    0x08009844   0x00000020   Code   RO         1838    i._ZN4__rw11__rw_file_t8_C_writeEPKvjj  cpp_ws.l(ios.o)
    0x08009864   0x00000020   Code   RO         2263    i._ZN4__rw13__rw_allocateEji  cpp_ws.l(rwalloc.o)
    0x08009884   0x00000004   Code   RO         2264    i._ZN4__rw15__rw_deallocateEPvji  cpp_ws.l(rwalloc.o)
    0x08009888   0x00000002   Code   RO         2236    i._ZN4__rw15__rw_facet_base12_C_initfacetERKSt6locale  cpp_ws.l(ios.o)
    0x0800988a   0x00000002   PAD
    0x0800988c   0x000000ec   Code   RO         2941    i._ZN4__rw15__rw_locale_impC1EPKcjj  cpp_ws.l(locale.o)
    0x08009978   0x0000001a   Code   RO         1675    i._ZN4__rw15__rw_locale_impD1Ev  cpp_ws.l(ios.o)
    0x08009992   0x0000003a   Code   RO         2839    i._ZN4__rw21__rw_use_c_lib_localeC1EPKci  cpp_ws.l(locale.o)
    0x080099cc   0x00000018   Code   RO         2806    i._ZN4__rw21__rw_use_c_lib_localeD1Ev  cpp_ws.l(char.o)
    0x080099e4   0x00000098   Code   RO         3379    i._ZN4__rw25__rw_throw_exception_noexEiPc  cpp_ws.l(rwthrowproc_impl_noex.o)
    0x08009a7c   0x00000030   Code   RO         3359    i._ZN4__rw9__catfindEPNS_8__rw_catE  cpp_ws.l(rwcats.o)
    0x08009aac   0x0000000a   Code   RO         1920    i._ZNK4__rw11__rw_file_t10_C_is_openEv  cpp_ws.l(ios.o)
    0x08009ab6   0x00000004   Code   RO         2403    i._ZNKSt14__rw_exception4whatEv  cpp_ws.l(rwstdexcept.o)
    0x08009aba   0x00000072   Code   RO         2993    i._ZNKSt18__rw_messages_base11_C_cat_openERKSsRKSt6locale  cpp_ws.l(messages.o)
    0x08009b2c   0x00000020   Code   RO         2996    i._ZNKSt18__rw_messages_base13_C_get_localeEi  cpp_ws.l(messages.o)
    0x08009b4c   0x00000034   Code   RO         2997    i._ZNKSt18__rw_messages_base14_C_get_messageEiii  cpp_ws.l(messages.o)
    0x08009b80   0x0000000e   Code   RO         2776    i._ZNKSt5ctypeIcE2isENSt10ctype_base4maskEc  cpp_ws.l(char.o)
    0x08009b8e   0x00000004   Code   RO         2794    i._ZNKSt5ctypeIcE8do_widenEc  cpp_ws.l(char.o)
    0x08009b92   0x00000004   Code   RO         2045    i._ZNKSt5ctypeIwE8do_widenEc  cpp_ws.l(ios.o)
    0x08009b96   0x00000028   Code   RO         1445    i._ZNKSt6locale12_C_use_facetERKNS_2idEbiPFPN4__rw15__rw_facet_baseEiPKcjE  cpp_ws.l(ios.o)
    0x08009bbe   0x00000002   PAD
    0x08009bc0   0x00000108   Code   RO         2844    i._ZNKSt6locale13_C_make_facetERKNS_2idEbiPFPN4__rw15__rw_facet_baseEiPKcjE  cpp_ws.l(locale.o)
    0x08009cc8   0x00000074   Code   RO         2846    i._ZNKSt6locale16_C_install_facetEPN4__rw15__rw_facet_baseERKNS_2idE  cpp_ws.l(locale.o)
    0x08009d3c   0x00000030   Code   RO         2847    i._ZNKSt6locale4nameEv  cpp_ws.l(locale.o)
    0x08009d6c   0x00000004   Code   RO         2099    i._ZNKSt7codecvtIccSt11__mbstate_tE11do_encodingEv  cpp_ws.l(ios.o)
    0x08009d70   0x0000000a   Code   RO         1772    i._ZNKSt7codecvtIccSt11__mbstate_tE13always_noconvEv  cpp_ws.l(ios.o)
    0x08009d7a   0x00000004   Code   RO         2102    i._ZNKSt7codecvtIccSt11__mbstate_tE16do_always_noconvEv  cpp_ws.l(ios.o)
    0x08009d7e   0x0000001c   Code   RO         1763    i._ZNKSt7codecvtIccSt11__mbstate_tE3outERS0_PKcS4_RS4_PcS6_RS6_  cpp_ws.l(ios.o)
    0x08009d9a   0x0000000e   Code   RO         2090    i._ZNKSt7codecvtIccSt11__mbstate_tE6do_outERS0_PKcS4_RS4_PcS6_RS6_  cpp_ws.l(ios.o)
    0x08009da8   0x0000000a   Code   RO         1767    i._ZNKSt7codecvtIccSt11__mbstate_tE8encodingEv  cpp_ws.l(ios.o)
    0x08009db2   0x00000004   Code   RO         2129    i._ZNKSt7codecvtIwcSt11__mbstate_tE11do_encodingEv  cpp_ws.l(ios.o)
    0x08009db6   0x0000000a   Code   RO         1794    i._ZNKSt7codecvtIwcSt11__mbstate_tE13always_noconvEv  cpp_ws.l(ios.o)
    0x08009dc0   0x00000004   Code   RO         2126    i._ZNKSt7codecvtIwcSt11__mbstate_tE16do_always_noconvEv  cpp_ws.l(ios.o)
    0x08009dc4   0x0000001c   Code   RO         1785    i._ZNKSt7codecvtIwcSt11__mbstate_tE3outERS0_PKwS4_RS4_PcS6_RS6_  cpp_ws.l(ios.o)
    0x08009de0   0x00000030   Code   RO         2117    i._ZNKSt7codecvtIwcSt11__mbstate_tE6do_outERS0_PKwS4_RS4_PcS6_RS6_  cpp_ws.l(ios.o)
    0x08009e10   0x0000000a   Code   RO         1789    i._ZNKSt7codecvtIwcSt11__mbstate_tE8encodingEv  cpp_ws.l(ios.o)
    0x08009e1a   0x00000010   Code   RO         1898    i._ZNSt11char_traitsIcE11eq_int_typeERKiS2_  cpp_ws.l(ios.o)
    0x08009e2a   0x0000000c   Code   RO           84    i._ZNSt11char_traitsIcE4copyEPcPKcj  main.o
    0x08009e36   0x0000000c   Code   RO         1643    i._ZNSt11char_traitsIcE4moveEPcPKcj  cpp_ws.l(ios.o)
    0x08009e42   0x0000001c   Code   RO         1646    i._ZNSt11char_traitsIcE7not_eofERKi  cpp_ws.l(ios.o)
    0x08009e5e   0x00000010   Code   RO         1901    i._ZNSt11char_traitsIwE11eq_int_typeERKiS2_  cpp_ws.l(ios.o)
    0x08009e6e   0x0000000c   Code   RO         1652    i._ZNSt11char_traitsIwE4moveEPwPKwj  cpp_ws.l(ios.o)
    0x08009e7a   0x0000001c   Code   RO         1655    i._ZNSt11char_traitsIwE7not_eofERKi  cpp_ws.l(ios.o)
    0x08009e96   0x00000002   PAD
    0x08009e98   0x000000cc   Code   RO         2690    i._ZNSt12ctype_bynameIcE17_C_get_mask_tableEPKc  cpp_ws.l(char.o)
    0x08009f64   0x00000120   Code   RO         2692    i._ZNSt12ctype_bynameIcEC1EPKcj  cpp_ws.l(char.o)
    0x0800a084   0x0000000e   Code   RO         2835    i._ZNSt12ctype_bynameIcED0Ev  cpp_ws.l(char.o)
    0x0800a092   0x00000008   Code   RO         2832    i._ZNSt12ctype_bynameIcED1Ev  cpp_ws.l(char.o)
    0x0800a09a   0x00000002   PAD
    0x0800a09c   0x00000084   Code   RO         2321    i._ZNSt14__rw_exception10_C_vformatEiSt9__va_list  cpp_ws.l(rwstdexcept.o)
    0x0800a120   0x00000014   Code   RO         2374    i._ZNSt14__rw_exceptionC1Ev  cpp_ws.l(rwstdexcept.o)
    0x0800a134   0x0000001c   Code   RO         2397    i._ZNSt14__rw_exceptionD1Ev  cpp_ws.l(rwstdexcept.o)
    0x0800a150   0x00000008   Code   RO         2371    i._ZNSt18__rw_messages_baseD1Ev  cpp_ws.l(rwstdexcept.o)
    0x0800a158   0x0000001a   Code   RO         3033    i._ZNSt18__rw_open_cat_dataC1Ev  cpp_ws.l(messages.o)
    0x0800a172   0x0000000c   Code   RO         3030    i._ZNSt18__rw_open_cat_dataD1Ev  cpp_ws.l(messages.o)
    0x0800a17e   0x00000012   Code   RO         3036    i._ZNSt18__rw_open_cat_dataaSERKS_  cpp_ws.l(messages.o)
    0x0800a190   0x000000fa   Code   RO         2694    i._ZNSt5ctypeIcE12_C_initfacetERKSt6locale  cpp_ws.l(char.o)
    0x0800a28a   0x00000002   PAD
    0x0800a28c   0x00000118   Code   RO         2696    i._ZNSt5ctypeIcEC1EPKNSt10ctype_base4maskEbj  cpp_ws.l(char.o)
    0x0800a3a4   0x0000000e   Code   RO         2779    i._ZNSt5ctypeIcED0Ev  cpp_ws.l(char.o)
    0x0800a3b2   0x00000002   PAD
    0x0800a3b4   0x0000002c   Code   RO         2741    i._ZNSt5ctypeIcED1Ev  cpp_ws.l(char.o)
    0x0800a3e0   0x00000018   Code   RO         1699    i._ZNSt5ctypeIwEC1Ej  cpp_ws.l(ios.o)
    0x0800a3f8   0x0000000e   Code   RO         2057    i._ZNSt5ctypeIwED0Ev  cpp_ws.l(ios.o)
    0x0800a406   0x00000008   Code   RO         2054    i._ZNSt5ctypeIwED1Ev  cpp_ws.l(ios.o)
    0x0800a40e   0x00000002   PAD
    0x0800a410   0x00000014   Code   RO         1911    i._ZNSt6locale5facetC1Eji  cpp_ws.l(ios.o)
    0x0800a424   0x0000000e   Code   RO         2012    i._ZNSt6locale5facetD0Ev  cpp_ws.l(ios.o)
    0x0800a432   0x00000002   PAD
    0x0800a434   0x00000084   Code   RO         2850    i._ZNSt6locale7_C_initEv  cpp_ws.l(locale.o)
    0x0800a4b8   0x00000044   Code   RO         2852    i._ZNSt6locale7classicEv  cpp_ws.l(locale.o)
    0x0800a4fc   0x00000020   Code   RO         2969    i._ZNSt6localeC1EPN4__rw15__rw_locale_impE  cpp_ws.l(locale.o)
    0x0800a51c   0x0000000c   Code   RO         1672    i._ZNSt6localeC1ERKS_  cpp_ws.l(ios.o)
    0x0800a528   0x00000020   Code   RO         1668    i._ZNSt6localeC1Ev  cpp_ws.l(ios.o)
    0x0800a548   0x00000020   Code   RO         1442    i._ZNSt6localeD1Ev  cpp_ws.l(ios.o)
    0x0800a568   0x00000032   Code   RO         2860    i._ZNSt6localeaSERKS_  cpp_ws.l(locale.o)
    0x0800a59a   0x00000002   PAD
    0x0800a59c   0x00000014   Code   RO         1760    i._ZNSt7codecvtIccSt11__mbstate_tEC1Ej  cpp_ws.l(ios.o)
    0x0800a5b0   0x0000000e   Code   RO         2114    i._ZNSt7codecvtIccSt11__mbstate_tED0Ev  cpp_ws.l(ios.o)
    0x0800a5be   0x00000008   Code   RO         2111    i._ZNSt7codecvtIccSt11__mbstate_tED1Ev  cpp_ws.l(ios.o)
    0x0800a5c6   0x00000002   PAD
    0x0800a5c8   0x00000014   Code   RO         1782    i._ZNSt7codecvtIwcSt11__mbstate_tEC1Ej  cpp_ws.l(ios.o)
    0x0800a5dc   0x0000000e   Code   RO         2141    i._ZNSt7codecvtIwcSt11__mbstate_tED0Ev  cpp_ws.l(ios.o)
    0x0800a5ea   0x00000008   Code   RO         2138    i._ZNSt7codecvtIwcSt11__mbstate_tED1Ev  cpp_ws.l(ios.o)
    0x0800a5f2   0x00000002   PAD
    0x0800a5f4   0x00000318   Code   RO         1341    i._ZNSt8ios_base4InitC1Ev  cpp_ws.l(ios.o)
    0x0800a90c   0x000000a8   Code   RO         1343    i._ZNSt8ios_base4InitD1Ev  cpp_ws.l(ios.o)
    0x0800a9b4   0x00000024   Code   RO         1460    i._ZNSt8ios_baseC1Ev  cpp_ws.l(ios.o)
    0x0800a9d8   0x0000000e   Code   RO         2383    i._ZNSt8messagesIcED0Ev  cpp_ws.l(rwstdexcept.o)
    0x0800a9e6   0x00000010   Code   RO         2368    i._ZNSt8messagesIcED1Ev  cpp_ws.l(rwstdexcept.o)
    0x0800a9f6   0x00000002   PAD
    0x0800a9f8   0x0000000c   Code   RO         3074    i._ZNSt9exceptionC1Ev  cpprt_w.l(exception_ctor.o)
    0x0800aa04   0x0000003c   Code   RO         3014    i._ZSt13__rw_get_catsv  cpp_ws.l(messages.o)
    0x0800aa40   0x00000008   Code   RO         3042    i._ZdaPv            cpprt_w.l(array_del.o)
    0x0800aa48   0x00000008   Code   RO         2406    i._ZdlPv            cpprt_w.l(delete.o)
    0x0800aa50   0x00000008   Code   RO         3045    i._Znaj             cpprt_w.l(array_new.o)
    0x0800aa58   0x00000028   Code   RO         3049    i._Znwj             cpprt_w.l(new.o)
    0x0800aa80   0x00000092   Code   RO         3714    i.__ARM_array_new_general  cpprt_w.l(array_new_general.o)
    0x0800ab12   0x00000030   Code   RO         3736    i.__ARM_fpclassify  m_wm.l(fpclassify.o)
    0x0800ab42   0x00000010   Code   RO         3466    i.__aeabi_vec_dtor_cookie  cpprt_w.l(aeabi_vec_dtor_cookie.o)
    0x0800ab52   0x00000014   Code   RO         3463    i.__aeabi_vec_new_cookie  cpprt_w.l(aeabi_vec_new_cookie.o)
    0x0800ab66   0x00000010   Code   RO         3065    i.__cxa_guard_acquire  cpprt_w.l(cxa_guard_acquire.o)
    0x0800ab76   0x00000002   PAD
    0x0800ab78   0x00000018   Code   RO         3621    i.__cxa_vec_new     cpprt_w.l(cxa_vec_new.o)
    0x0800ab90   0x000000d0   Code   RO         3811    i.__hardfp_ldexp    m_wm.l(ldexp.o)
    0x0800ac60   0x00000020   Code   RO         3835    i.__mathlib_dbl_overflow  m_wm.l(dunder.o)
    0x0800ac80   0x00000020   Code   RO         3837    i.__mathlib_dbl_underflow  m_wm.l(dunder.o)
    0x0800aca0   0x000000b8   Code   RO         3739    i.__mathlib_narrow  m_wm.l(narrow.o)
    0x0800ad58   0x00000010   Code   RO         2861    i.__sti___10_locale_cpp_ff99fc7b  cpp_ws.l(locale.o)
    0x0800ad68   0x00000038   Code   RO         3360    i.__sti___10_rwcats_cpp_64e8068e  cpp_ws.l(rwcats.o)
    0x0800ada0   0x00000020   Code   RO           13    i.__sti___6_main_c_main  main.o
    0x0800adc0   0x00000010   Code   RO         2698    i.__sti___8_char_cpp_a3dc957a  cpp_ws.l(char.o)
    0x0800add0   0x00000014   Code   RO         3813    i.__support_ldexp   m_wm.l(ldexp.o)
    0x0800ade4   0x0000000e   Code   RO         3241    i._is_digit         c_w.l(__printf_wp.o)
    0x0800adf2   0x0000001a   Code   RO         3295    i.fputc             c_w.l(fputc.o)
    0x0800ae0c   0x00000004   PAD
    0x0800ae10   0x0000008c   Code   RO         3786    i.frexp             m_wm.l(frexp.o)
    0x0800ae9c   0x0000004c   Code   RO           14    i.main              main.o
    0x0800aee8   0x0000002c   Code   RO         3582    locale$$code        c_w.l(lc_ctype_c.o)
    0x0800af14   0x0000002c   Code   RO         3700    locale$$code        c_w.l(lc_numeric_c.o)
    0x0800af40   0x00000014   Code   RO           90    t._ZN4__rw12__string_refIcSt11char_traitsIcESaIcEE10_C_inc_refEv  main.o
    0x0800af54   0x00000046   Code   RO         1731    t._ZN4__rw16__rw_facet_makerISt5ctypeIcEE13_C_maker_funcEiPKcj  cpp_ws.l(ios.o)
    0x0800af9a   0x00000002   PAD
    0x0800af9c   0x00000034   Code   RO         1704    t._ZN4__rw16__rw_facet_makerISt5ctypeIwEE13_C_maker_funcEiPKcj  cpp_ws.l(ios.o)
    0x0800afd0   0x00000034   Code   RO         1926    t._ZN4__rw16__rw_facet_makerISt7codecvtIccSt11__mbstate_tEE13_C_maker_funcEiPKcj  cpp_ws.l(ios.o)
    0x0800b004   0x00000034   Code   RO         1935    t._ZN4__rw16__rw_facet_makerISt7codecvtIwcSt11__mbstate_tEE13_C_maker_funcEiPKcj  cpp_ws.l(ios.o)
    0x0800b038   0x00000056   Code   RO         2957    t._ZN4__rw18__rw_locale_vectorIPNS_15__rw_facet_baseEE6resizeEjRKS2_  cpp_ws.l(locale.o)
    0x0800b08e   0x0000000e   Code   RO         1904    t._ZN4__rw18__rw_locale_vectorIPNS_15__rw_facet_baseEED1Ev  cpp_ws.l(ios.o)
    0x0800b09c   0x0000000e   Code   RO         3376    t._ZN4__rw18__rw_locale_vectorIPNS_8__rw_catEED1Ev  cpp_ws.l(rwcats.o)
    0x0800b0aa   0x00000002   PAD
    0x0800b0ac   0x00000014   Code   RO         1907    t._ZN4__rw18__rw_locale_vectorISsED1Ev  cpp_ws.l(ios.o)
    0x0800b0c0   0x00000088   Code   RO         3020    t._ZN4__rw18__rw_locale_vectorISt18__rw_open_cat_dataE6resizeEj  cpp_ws.l(messages.o)
    0x0800b148   0x00000014   Code   RO         3026    t._ZN4__rw18__rw_locale_vectorISt18__rw_open_cat_dataED1Ev  cpp_ws.l(messages.o)
    0x0800b15c   0x00000016   Code   RO         1463    t._ZN4__rw23__rw_create_named_facetISt5ctypeIwEEEPT_S4_PKcj  cpp_ws.l(ios.o)
    0x0800b172   0x00000016   Code   RO         1535    t._ZN4__rw23__rw_create_named_facetISt7codecvtIccSt11__mbstate_tEEEPT_S5_PKcj  cpp_ws.l(ios.o)
    0x0800b188   0x00000016   Code   RO         1588    t._ZN4__rw23__rw_create_named_facetISt7codecvtIwcSt11__mbstate_tEEEPT_S5_PKcj  cpp_ws.l(ios.o)
    0x0800b19e   0x00000006   Code   RO         1844    t._ZNKSt13basic_filebufIcSt11char_traitsIcEE7is_openEv  cpp_ws.l(ios.o)
    0x0800b1a4   0x00000006   Code   RO         1885    t._ZNKSt13basic_filebufIwSt11char_traitsIwEE7is_openEv  cpp_ws.l(ios.o)
    0x0800b1aa   0x00000014   Code   RO         1811    t._ZNKSt15basic_streambufIcSt11char_traitsIcEE9_C_is_eofEi  cpp_ws.l(ios.o)
    0x0800b1be   0x00000014   Code   RO         1873    t._ZNKSt15basic_streambufIwSt11char_traitsIwEE9_C_is_eofEi  cpp_ws.l(ios.o)
    0x0800b1d2   0x00000010   Code   RO         1832    t._ZNKSt4fposISt11__mbstate_tEeqERKS1_  cpp_ws.l(ios.o)
    0x0800b1e2   0x0000001c   Code   RO         1829    t._ZNKSt4fposISt11__mbstate_tEplEl  cpp_ws.l(ios.o)
    0x0800b1fe   0x00000002   PAD
    0x0800b200   0x00000090   Code   RO         2362    t._ZNKSt8messagesIcE6do_getEiiiRKSs  cpp_ws.l(rwstdexcept.o)
    0x0800b290   0x00000006   Code   RO         2377    t._ZNKSt8messagesIcE7do_openERKSsRKSt6locale  cpp_ws.l(rwstdexcept.o)
    0x0800b296   0x00000002   PAD
    0x0800b298   0x00000034   Code   RO         1501    t._ZNSoC1EPSt15basic_streambufIcSt11char_traitsIcEE  cpp_ws.l(ios.o)
    0x0800b2cc   0x00000032   Code   RO         2929    t._ZNSs11_C_allocateEjjj  cpp_ws.l(locale.o)
    0x0800b2fe   0x00000018   Code   RO         2966    t._ZNSs7replaceEjjPKcj  cpp_ws.l(locale.o)
    0x0800b316   0x00000002   PAD
    0x0800b318   0x00000168   Code   RO         1435    t._ZNSs7replaceEjjPKcjjj  cpp_ws.l(ios.o)
    0x0800b480   0x00000074   Code   RO         1426    t._ZNSs9_C_getRepEjj  cpp_ws.l(ios.o)
    0x0800b4f4   0x00000048   Code   RO         1432    t._ZNSs9_C_unlinkEv  cpp_ws.l(ios.o)
    0x0800b53c   0x00000038   Code   RO         2932    t._ZNSsC1EPKcRKSaIcE  cpp_ws.l(locale.o)
    0x0800b574   0x00000010   Code   RO         2963    t._ZNSsC1ERKSaIcE   cpp_ws.l(locale.o)
    0x0800b584   0x0000003e   Code   RO         1429    t._ZNSsC1ERKSs      cpp_ws.l(ios.o)
    0x0800b5c2   0x0000000c   Code   RO         1664    t._ZNSsD1Ev         cpp_ws.l(ios.o)
    0x0800b5ce   0x00000002   PAD
    0x0800b5d0   0x0000004c   Code   RO         2938    t._ZNSsaSEPKc       cpp_ws.l(locale.o)
    0x0800b61c   0x0000003e   Code   RO         2935    t._ZNSsaSERKSs      cpp_ws.l(locale.o)
    0x0800b65a   0x00000020   Code   RO         1854    t._ZNSt13basic_filebufIcSt11char_traitsIcEE12_C_file_seekEli  cpp_ws.l(ios.o)
    0x0800b67a   0x00000122   Code   RO         1577    t._ZNSt13basic_filebufIcSt11char_traitsIcEE4syncEv  cpp_ws.l(ios.o)
    0x0800b79c   0x00000072   Code   RO         1507    t._ZNSt13basic_filebufIcSt11char_traitsIcEE6setbufEPcl  cpp_ws.l(ios.o)
    0x0800b80e   0x0000016e   Code   RO         1562    t._ZNSt13basic_filebufIcSt11char_traitsIcEE8overflowEi  cpp_ws.l(ios.o)
    0x0800b97c   0x00000074   Code   RO         1511    t._ZNSt13basic_filebufIcSt11char_traitsIcEEC1EPSt6__FILEPcl  cpp_ws.l(ios.o)
    0x0800b9f0   0x00000020   Code   RO         1895    t._ZNSt13basic_filebufIwSt11char_traitsIwEE12_C_file_seekEli  cpp_ws.l(ios.o)
    0x0800ba10   0x0000012a   Code   RO         1630    t._ZNSt13basic_filebufIwSt11char_traitsIwEE4syncEv  cpp_ws.l(ios.o)
    0x0800bb3a   0x0000006e   Code   RO         1483    t._ZNSt13basic_filebufIwSt11char_traitsIwEE6setbufEPwl  cpp_ws.l(ios.o)
    0x0800bba8   0x00000172   Code   RO         1615    t._ZNSt13basic_filebufIwSt11char_traitsIwEE8overflowEi  cpp_ws.l(ios.o)
    0x0800bd1a   0x00000002   PAD
    0x0800bd1c   0x00000074   Code   RO         1487    t._ZNSt13basic_filebufIwSt11char_traitsIwEEC1EPSt6__FILEPwl  cpp_ws.l(ios.o)
    0x0800bd90   0x00000034   Code   RO         1477    t._ZNSt13basic_ostreamIwSt11char_traitsIwEEC1EPSt15basic_streambufIwS1_E  cpp_ws.l(ios.o)
    0x0800bdc4   0x00000012   Code   RO         1746    t._ZNSt15basic_streambufIcSt11char_traitsIcEE10_C_own_bufEb  cpp_ws.l(ios.o)
    0x0800bdd6   0x00000012   Code   RO         1817    t._ZNSt15basic_streambufIcSt11char_traitsIcEE11_C_out_lastEb  cpp_ws.l(ios.o)
    0x0800bde8   0x00000012   Code   RO         1743    t._ZNSt15basic_streambufIcSt11char_traitsIcEE17_C_set_unbufferedEb  cpp_ws.l(ios.o)
    0x0800bdfa   0x00000020   Code   RO         1528    t._ZNSt15basic_streambufIcSt11char_traitsIcEE5sputcEc  cpp_ws.l(ios.o)
    0x0800be1a   0x00000002   Code   RO         2159    t._ZNSt15basic_streambufIcSt11char_traitsIcEE6setbufEPcl  cpp_ws.l(ios.o)
    0x0800be1c   0x00000006   Code   RO         2178    t._ZNSt15basic_streambufIcSt11char_traitsIcEE8overflowEi  cpp_ws.l(ios.o)
    0x0800be22   0x00000006   Code   RO         1753    t._ZNSt15basic_streambufIcSt11char_traitsIcEE9pubsetbufEPcl  cpp_ws.l(ios.o)
    0x0800be28   0x00000012   Code   RO         1719    t._ZNSt15basic_streambufIwSt11char_traitsIwEE10_C_own_bufEb  cpp_ws.l(ios.o)
    0x0800be3a   0x00000012   Code   RO         1879    t._ZNSt15basic_streambufIwSt11char_traitsIwEE11_C_out_lastEb  cpp_ws.l(ios.o)
    0x0800be4c   0x00000012   Code   RO         1716    t._ZNSt15basic_streambufIwSt11char_traitsIwEE17_C_set_unbufferedEb  cpp_ws.l(ios.o)
    0x0800be5e   0x00000022   Code   RO         1584    t._ZNSt15basic_streambufIwSt11char_traitsIwEE5sputcEw  cpp_ws.l(ios.o)
    0x0800be80   0x00000002   Code   RO         2205    t._ZNSt15basic_streambufIwSt11char_traitsIwEE6setbufEPwl  cpp_ws.l(ios.o)
    0x0800be82   0x00000006   Code   RO         2224    t._ZNSt15basic_streambufIwSt11char_traitsIwEE8overflowEi  cpp_ws.l(ios.o)
    0x0800be88   0x00000006   Code   RO         1749    t._ZNSt15basic_streambufIwSt11char_traitsIwEE9pubsetbufEPwl  cpp_ws.l(ios.o)
    0x0800be8e   0x0000000e   Code   RO         1820    t._ZNSt4fposISt11__mbstate_tEC1ERKS1_  cpp_ws.l(ios.o)
    0x0800be9c   0x0000000a   Code   RO         1722    t._ZNSt4fposISt11__mbstate_tEC1El  cpp_ws.l(ios.o)
    0x0800bea6   0x00000012   Code   RO         1823    t._ZNSt4fposISt11__mbstate_tEaSERKS1_  cpp_ws.l(ios.o)
    0x0800beb8   0x00000008   Code   RO         1917    t._ZNSt4fposISt11__mbstate_tEpLEl  cpp_ws.l(ios.o)
    0x0800bec0   0x0000005c   Code   RO         1493    t._ZNSt9basic_iosIcSt11char_traitsIcEE4initEPSt15basic_streambufIcS1_E  cpp_ws.l(ios.o)
    0x0800bf1c   0x00000010   Code   RO         1737    t._ZNSt9basic_iosIcSt11char_traitsIcEEC1Ev  cpp_ws.l(ios.o)
    0x0800bf2c   0x0000005c   Code   RO         1469    t._ZNSt9basic_iosIwSt11char_traitsIwEE4initEPSt15basic_streambufIwS1_E  cpp_ws.l(ios.o)
    0x0800bf88   0x00000010   Code   RO         1710    t._ZNSt9basic_iosIwSt11char_traitsIwEEC1Ev  cpp_ws.l(ios.o)
    0x0800bf98   0x0000000c   Code   RO         2773    t._ZSt3maxIjERKT_S2_S2_  cpp_ws.l(char.o)
    0x0800bfa4   0x0000001c   Code   RO         1841    t._ZSt9use_facetISt7codecvtIccSt11__mbstate_tEERKT_RKSt6locale  cpp_ws.l(ios.o)
    0x0800bfc0   0x0000001c   Code   RO         1882    t._ZSt9use_facetISt7codecvtIwcSt11__mbstate_tEERKT_RKSt6locale  cpp_ws.l(ios.o)
    0x0800bfdc   0x00000062   Code   RO         3780    x$fpl$d2f           fz_wm.l(d2f.o)
    0x0800c03e   0x00000002   PAD
    0x0800c040   0x00000010   Code   RO         3852    x$fpl$dcheck1       fz_wm.l(dcheck1.o)
    0x0800c050   0x00000018   Code   RO         3720    x$fpl$dcmpinf       fz_wm.l(dcmpi.o)
    0x0800c068   0x00000078   Code   RO         3640    x$fpl$deqf          fz_wm.l(deqf.o)
    0x0800c0e0   0x00000078   Code   RO         3642    x$fpl$dleqf         fz_wm.l(dleqf.o)
    0x0800c158   0x00000154   Code   RO         3807    x$fpl$dmul          fz_wm.l(dmul.o)
    0x0800c2ac   0x0000009c   Code   RO         3722    x$fpl$dnaninf       fz_wm.l(dnaninf.o)
    0x0800c348   0x0000000c   Code   RO         3827    x$fpl$dretinf       fz_wm.l(dretinf.o)
    0x0800c354   0x0000006c   Code   RO         3782    x$fpl$drleqf        fz_wm.l(drleqf.o)
    0x0800c3c0   0x0000000a   Code   RO         3488    x$fpl$fpinit        fz_wm.l(fpinit.o)
    0x0800c3ca   0x0000000a   Code   RO         3809    x$fpl$fretinf       fz_wm.l(fretinf.o)
    0x0800c3d4   0x00000004   Code   RO         3490    x$fpl$printf1       fz_wm.l(printf1.o)
    0x0800c3d8   0x00000004   Code   RO         3492    x$fpl$printf2       fz_wm.l(printf2.o)
    0x0800c3dc   0x00000064   Code   RO         3858    x$fpl$retnan        fz_wm.l(retnan.o)
    0x0800c440   0x0000005c   Code   RO         3829    x$fpl$scalbn        fz_wm.l(scalbn.o)
    0x0800c49c   0x00000004   Code   RO         3498    x$fpl$scanf1        fz_wm.l(scanf1.o)
    0x0800c4a0   0x00000008   Code   RO         3729    x$fpl$scanf2        fz_wm.l(scanf2.o)
    0x0800c4a8   0x00000030   Code   RO         3860    x$fpl$trapveneer    fz_wm.l(trapv.o)
    0x0800c4d8   0x00000000   Code   RO         3735    x$fpl$usenofp       fz_wm.l(usenofp.o)
    0x0800c4d8   0x0000005c   Data   RO         2341    .constdata          cpp_ws.l(rwstdexcept.o)
    0x0800c534   0x00000200   Data   RO         2718    .constdata          cpp_ws.l(char.o)
    0x0800c734   0x00000004   Data   RO         3116    .constdata          c_w.l(sys_io.o)
    0x0800c738   0x00000004   Data   RO         3117    .constdata          c_w.l(sys_io.o)
    0x0800c73c   0x00000004   Data   RO         3118    .constdata          c_w.l(sys_io.o)
    0x0800c740   0x00000008   Data   RO         3200    .constdata          c_w.l(_printf_wctomb.o)
    0x0800c748   0x00000028   Data   RO         3229    .constdata          c_w.l(_printf_hex_int_ll_ptr.o)
    0x0800c770   0x00000011   Data   RO         3249    .constdata          c_w.l(__printf_flags_ss_wp.o)
    0x0800c781   0x00000026   Data   RO         3542    .constdata          c_w.l(_printf_fp_hex.o)
    0x0800c7a7   0x00000001   PAD
    0x0800c7a8   0x00000094   Data   RO         3655    .constdata          c_w.l(bigflt0.o)
    0x0800c83c   0x00000014   Data   RO         1945    .constdata__ZTVNSt6locale5facetE  cpp_ws.l(ios.o)
    0x0800c850   0x00000008   Data   RO         1960    .constdata__ZTVSi   cpp_ws.l(ios.o)
    0x0800c858   0x00000028   Data   RO         1962    .constdata__ZTVSi   cpp_ws.l(ios.o)
    0x0800c880   0x00000008   Data   RO         1963    .constdata__ZTVSo   cpp_ws.l(ios.o)
    0x0800c888   0x00000028   Data   RO         1965    .constdata__ZTVSo   cpp_ws.l(ios.o)
    0x0800c8b0   0x00000034   Data   RO         2817    .constdata__ZTVSt12ctype_bynameIcE  cpp_ws.l(char.o)
    0x0800c8e4   0x00000040   Data   RO         1419    .constdata__ZTVSt13basic_filebufIcSt11char_traitsIcEE  cpp_ws.l(ios.o)
    0x0800c924   0x00000040   Data   RO         1421    .constdata__ZTVSt13basic_filebufIwSt11char_traitsIwEE  cpp_ws.l(ios.o)
    0x0800c964   0x00000008   Data   RO         1968    .constdata__ZTVSt13basic_istreamIwSt11char_traitsIwEE  cpp_ws.l(ios.o)
    0x0800c96c   0x00000028   Data   RO         1970    .constdata__ZTVSt13basic_istreamIwSt11char_traitsIwEE  cpp_ws.l(ios.o)
    0x0800c994   0x00000008   Data   RO         1971    .constdata__ZTVSt13basic_ostreamIwSt11char_traitsIwEE  cpp_ws.l(ios.o)
    0x0800c99c   0x00000028   Data   RO         1973    .constdata__ZTVSt13basic_ostreamIwSt11char_traitsIwEE  cpp_ws.l(ios.o)
    0x0800c9c4   0x00000014   Data   RO         2387    .constdata__ZTVSt14__rw_exception  cpp_ws.l(rwstdexcept.o)
    0x0800c9d8   0x00000040   Data   RO         1959    .constdata__ZTVSt15basic_streambufIcSt11char_traitsIcEE  cpp_ws.l(ios.o)
    0x0800ca18   0x00000040   Data   RO         1967    .constdata__ZTVSt15basic_streambufIwSt11char_traitsIwEE  cpp_ws.l(ios.o)
    0x0800ca58   0x00000034   Data   RO         2729    .constdata__ZTVSt5ctypeIcE  cpp_ws.l(char.o)
    0x0800ca8c   0x00000044   Data   RO         1949    .constdata__ZTVSt5ctypeIwE  cpp_ws.l(ios.o)
    0x0800cad0   0x00000030   Data   RO         1955    .constdata__ZTVSt7codecvtIccSt11__mbstate_tE  cpp_ws.l(ios.o)
    0x0800cb00   0x00000030   Data   RO         1957    .constdata__ZTVSt7codecvtIwcSt11__mbstate_tE  cpp_ws.l(ios.o)
    0x0800cb30   0x00000010   Data   RO         1947    .constdata__ZTVSt8ios_base  cpp_ws.l(ios.o)
    0x0800cb40   0x00000020   Data   RO         2354    .constdata__ZTVSt8messagesIcE  cpp_ws.l(rwstdexcept.o)
    0x0800cb60   0x00000010   Data   RO         1951    .constdata__ZTVSt9basic_iosIcSt11char_traitsIcEE  cpp_ws.l(ios.o)
    0x0800cb70   0x00000010   Data   RO         1953    .constdata__ZTVSt9basic_iosIwSt11char_traitsIwEE  cpp_ws.l(ios.o)
    0x0800cb80   0x00000014   Data   RO         3084    .constdata__ZTVSt9exception  cpprt_w.l(exception_dtor.o)
    0x0800cb94   0x00000001   Data   RO         1422    .constdata__ZZN4__rw24__rw_create_native_facetISt5ctypeIwEEEPT_S4_Es  cpp_ws.l(ios.o)
    0x0800cb95   0x00000001   Data   RO         1423    .constdata__ZZN4__rw24__rw_create_native_facetISt7codecvtIccSt11__mbstate_tEEEPT_S5_Es  cpp_ws.l(ios.o)
    0x0800cb96   0x00000001   Data   RO         1424    .constdata__ZZN4__rw24__rw_create_native_facetISt7codecvtIwcSt11__mbstate_tEEEPT_S5_Es  cpp_ws.l(ios.o)
    0x0800cb97   0x00000001   Data   RO         2926    .constdata__ZZNK4__rw15__rw_locale_imp16_C_category_nameEiEs  cpp_ws.l(locale.o)
    0x0800cb98   0x00000001   Data   RO           42    .constdata__ZZNSs7replaceEjjPKcjjjEs  main.o
    0x0800cb99   0x00000001   Data   RO           43    .constdata__ZZNSs9_C_getRepEjjEs  main.o
    0x0800cb9a   0x00000002   Data   RO         2355    .constdata__ZZNSt8messagesIcEC1EjEs  cpp_ws.l(rwstdexcept.o)
    0x0800cb9c   0x00000272   Data   RO         2342    .conststring        cpp_ws.l(rwstdexcept.o)
    0x0800ce0e   0x00000002   PAD
    0x0800ce10   0x00000020   Data   RO         3862    Region$$Table       anon$$obj.o
    0x0800ce30   0x00000008   Data   RO         3724    c$$dinf             fz_wm.l(fpconst.o)
    0x0800ce38   0x00000110   Data   RO         3581    locale$$data        c_w.l(lc_ctype_c.o)
    0x0800cf48   0x00000010   Data   RO         3695    locale$$data        c_w.l(null_locale.o)
    0x0800cf58   0x0000001c   Data   RO         3699    locale$$data        c_w.l(lc_numeric_c.o)
    0x0800cf74   0x00000004   Data   RO           19    .init_array         main.o
    0x0800cf78   0x00000000   Data   RO         1330    .init_array         c_w.l(init_aeabi.o)
    0x0800cf78   0x00000004   Data   RO         2720    .init_array         cpp_ws.l(char.o)
    0x0800cf7c   0x00000004   Data   RO         2909    .init_array         cpp_ws.l(locale.o)
    0x0800cf80   0x00000004   Data   RO         3370    .init_array         cpp_ws.l(rwcats.o)


    Execution Region RW_IRAM1 (Base: 0x20000000, Size: 0x00002558, Max: 0x00008000, ABSOLUTE)

    Base Addr    Size         Type   Attr      Idx    E Section Name        Object

    0x20000000   0x00000001   Data   RW           18    .data               main.o
    0x20000001   0x00000003   PAD
    0x20000004   0x0000000c   Data   RW         1401    .data               cpp_ws.l(ios.o)
    0x20000010   0x00000017   Data   RW         2343    .data               cpp_ws.l(rwstdexcept.o)
    0x20000027   0x00000001   PAD
    0x20000028   0x00000004   Data   RW         2603    .data               c_w.l(stdio_streams.o)
    0x2000002c   0x00000004   Data   RW         2604    .data               c_w.l(stdio_streams.o)
    0x20000030   0x00000004   Data   RW         2605    .data               c_w.l(stdio_streams.o)
    0x20000034   0x00000008   Data   RW         2719    .data               cpp_ws.l(char.o)
    0x2000003c   0x0000001c   Data   RW         2908    .data               cpp_ws.l(locale.o)
    0x20000058   0x00000004   Data   RW         3041    .data               cpp_ws.l(rwthrowproc_noex.o)
    0x2000005c   0x00000008   Data   RW         3369    .data               cpp_ws.l(rwcats.o)
    0x20000064   0x00000004   Data   RW         2990    .data__ZZNKSt6locale2id7_C_initEvE9_C_id_gen  cpp_ws.l(locale.o)
    0x20000068   0x0000000c   Data   RW         3039    .data__ZZSt13__rw_get_catsvE11__open_cats  cpp_ws.l(messages.o)
    0x20000074   0x00000004   PAD
    0x20000078   0x00001d30   Zero   RW         1361    .bss                cpp_ws.l(ios.o)
    0x20001da8   0x00000018   Zero   RW         2340    .bss                cpp_ws.l(rwstdexcept.o)
    0x20001dc0   0x00000054   Zero   RW         2600    .bss                c_w.l(stdio_streams.o)
    0x20001e14   0x00000054   Zero   RW         2601    .bss                c_w.l(stdio_streams.o)
    0x20001e68   0x00000054   Zero   RW         2602    .bss                c_w.l(stdio_streams.o)
    0x20001ebc   0x00000060   Zero   RW         3123    .bss                c_w.l(libspace.o)
    0x20001f1c   0x0000002a   Zero   RW         3310    .bss                c_w.l(locale.o)
    0x20001f46   0x00000002   PAD
    0x20001f48   0x00000010   Zero   RW         3443    .bss__ZNSs9__nullrefE  cpp_ws.l(vendor.o)
    0x20001f58   0x00000200   Zero   RW            2    HEAP                startup_stm32f37x.o
    0x20002158   0x00000400   Zero   RW            1    STACK               startup_stm32f37x.o


==============================================================================

Image component sizes


      Code (inc. data)   RO Data    RW Data    ZI Data      Debug   Object Name

        96          4          0          0          0        591   led.o
       152         36          6          1          0     233945   main.o
        64         26        392          0       1536        956   startup_stm32f37x.o
       120          0          0          0          0       1244   stm32f37x_gpio.o
        48         12          0          0          0       1309   stm32f37x_rcc.o
       204         26          0          0          0       1493   system_stm32f37x.o

    ----------------------------------------------------------------------
       686        104        430          4       1536     239538   Object Totals
         0          0         32          0          0          0   (incl. Generated)
         2          0          0          3          0          0   (incl. Padding)

    ----------------------------------------------------------------------

      Code (inc. data)   RO Data    RW Data    ZI Data      Debug   Library Member Name

         8          0          0          0          0         68   __main.o
       392          4         17          0          0         92   __printf_flags_ss_wp.o
        14          0          0          0          0         68   __printf_wp.o
         0          0          0          0          0          0   __rtentry.o
        12          0          0          0          0          0   __rtentry2.o
         6          0          0          0          0          0   __rtentry4.o
        52          8          0          0          0          0   __scatter.o
        26          0          0          0          0          0   __scatter_copy.o
        28          0          0          0          0          0   __scatter_zi.o
        28          0          0          0          0         68   _chval.o
        60          0          0          0          0         92   _mbrtowc.o
         6          0          0          0          0          0   _printf_a.o
         6          0          0          0          0          0   _printf_c.o
        44          0          0          0          0        108   _printf_char.o
        48          6          0          0          0         96   _printf_char_common.o
        36          4          0          0          0         80   _printf_char_file.o
        40          0          0          0          0         68   _printf_charcount.o
         6          0          0          0          0          0   _printf_d.o
       120         16          0          0          0         92   _printf_dec.o
         6          0          0          0          0          0   _printf_e.o
         6          0          0          0          0          0   _printf_f.o
      1050          0          0          0          0        216   _printf_fp_dec.o
       764          8         38          0          0        100   _printf_fp_hex.o
       128         16          0          0          0         84   _printf_fp_infnan.o
         6          0          0          0          0          0   _printf_g.o
       148          4         40          0          0        160   _printf_hex_int_ll_ptr.o
         6          0          0          0          0          0   _printf_i.o
       178          0          0          0          0         88   _printf_intcommon.o
        10          0          0          0          0          0   _printf_l.o
         6          0          0          0          0          0   _printf_lc.o
        10          0          0          0          0          0   _printf_ll.o
         6          0          0          0          0          0   _printf_lld.o
         6          0          0          0          0          0   _printf_lli.o
         6          0          0          0          0          0   _printf_llo.o
         6          0          0          0          0          0   _printf_llu.o
         6          0          0          0          0          0   _printf_llx.o
       124         16          0          0          0         92   _printf_longlong_dec.o
         6          0          0          0          0          0   _printf_ls.o
         6          0          0          0          0          0   _printf_n.o
         6          0          0          0          0          0   _printf_o.o
       112          8          0          0          0        124   _printf_oct_int_ll.o
         6          0          0          0          0          0   _printf_p.o
        78          0          0          0          0        108   _printf_pad.o
         0          0          0          0          0          0   _printf_percent.o
         4          0          0          0          0          0   _printf_percent_end.o
         6          0          0          0          0          0   _printf_s.o
        82          0          0          0          0         80   _printf_str.o
        36          0          0          0          0         84   _printf_truncate.o
         6          0          0          0          0          0   _printf_u.o
        44          0          0          0          0        108   _printf_wchar.o
       188          6          8          0          0         92   _printf_wctomb.o
         6          0          0          0          0          0   _printf_x.o
        22          0          0          0          0        100   _rserrno.o
       884          6          0          0          0        100   _scanf.o
       332          0          0          0          0         96   _scanf_int.o
       342          0          0          0          0        100   _scanf_longlong.o
       276          0          0          0          0        100   _scanf_mbtowc.o
       224          0          0          0          0         96   _scanf_str.o
        30          0          0          0          0         76   _scanf_wcharmap.o
       232          0          0          0          0        100   _scanf_wctomb.o
       208          0          0          0          0         96   _scanf_wstr.o
        64          0          0          0          0         84   _sgetc.o
        16          0          0          0          0         68   _snputc.o
        10          0          0          0          0         68   _sputc.o
        64          0          0          0          0         92   _wcrtomb.o
        22          0          0          0          0         80   abort.o
        46          0          0          0          0         84   aeabi_atexit.o
       220          4        148          0          0         96   bigflt0.o
      2074        132          0          0          0        940   btod.o
        66          0          0          0          0         84   cxa_finalize.o
        48         34          0          0          0         76   defsig_abrt_inner.o
        14          0          0          0          0         80   defsig_abrt_outer.o
        10          0          0          0          0         68   defsig_exit.o
        50          0          0          0          0         88   defsig_general.o
        80         58          0          0          0         76   defsig_rtmem_inner.o
        14          0          0          0          0         80   defsig_rtmem_outer.o
        52         38          0          0          0         76   defsig_rtred_inner.o
        14          0          0          0          0         80   defsig_rtred_outer.o
        18          0          0          0          0         80   exit.o
        76          0          0          0          0         88   fclose.o
         8          0          0          0          0         68   ferror.o
       470          0          0          0          0         88   flsbuf.o
       236          4          0          0          0        128   fopen.o
        20          0          0          0          0         84   fprintf.o
        26          0          0          0          0         68   fputc.o
       248          6          0          0          0         84   fseek.o
        66          0          0          0          0         76   ftell.o
       188          0          0          0          0         88   fwritefast.o
        94          0          0          0          0         80   h1_alloc.o
        52          0          0          0          0         68   h1_extend.o
        78          0          0          0          0         80   h1_free.o
        14          0          0          0          0         84   h1_init.o
         6          0          0          0          0        152   heapauxi.o
         4          0          0          0          0        136   hguard.o
         0          0          0          0          0          0   indicate_semi.o
        36         10          0          0          0         80   init_aeabi.o
       138          0          0          0          0        168   init_alloc.o
       312         46          0          0          0        112   initio.o
        18          0          0          0          0         76   isspace.o
        44         10        272          0          0         76   lc_ctype_c.o
        44         10         28          0          0         76   lc_numeric_c.o
         2          0          0          0          0          0   libinit.o
        50          0          0          0          0          0   libinit2.o
         2          0          0          0          0          0   libshutdown.o
        12          0          0          0          0          0   libshutdown2.o
         8          4          0          0         96         68   libspace.o
        38          0          0          0          0         68   llshl.o
       138          0          0          0          0         80   lludiv10.o
        16          6          0          0         42         68   locale.o
       428         10          0          0          0        188   locale_r.o
         0          0          0          0          0          0   maybetermalloc1.o
         8          0          0          0          0         76   memcpy.o
         8          0          0          0          0         76   memmove.o
         0          0         16          0          0          0   null_locale.o
        16          4          0          0          0         76   rt_ctype_table.o
         8          4          0          0          0         68   rt_ddtor_pointer_addr_intlibspace.o
         8          4          0          0          0         68   rt_eh_globals_addr_intlibspace.o
         8          4          0          0          0         68   rt_errno_addr_intlibspace.o
         8          4          0          0          0         68   rt_heap_descriptor_intlibspace.o
         8          4          0          0          0         68   rt_locale_intlibspace.o
        78          0          0          0          0         80   rt_memclr_w.o
       138          0          0          0          0         68   rt_memcpy_v6.o
       100          0          0          0          0         80   rt_memcpy_w.o
       132          0          0          0          0         68   rt_memmove_v6.o
       122          0          0          0          0         80   rt_memmove_w.o
         8          4          0          0          0         68   rt_new_handler_addr_intlibspace.o
         2          0          0          0          0          0   rtexit.o
        10          0          0          0          0          0   rtexit2.o
        44          8          0          0          0         84   scanf_char.o
      1188         12          0          0          0        148   scanf_fp.o
       800         14          0          0          0        100   scanf_hexfp.o
       308         16          0          0          0        100   scanf_infnan.o
        70          0          0          0          0         80   setvbuf.o
        60          8          0          0          0         84   sscanf.o
       240          6          0          0          0        156   stdio.o
         0          0          0         12        252          0   stdio_streams.o
        24          0          0          0          0         68   strcat.o
       128          0          0          0          0         68   strcmpv7m.o
        72          0          0          0          0         80   strcpy.o
        62          0          0          0          0         76   strlen.o
        22          0          0          0          0         68   strrchr.o
        12          4          0          0          0         68   sys_exit.o
       102          0         12          0          0        240   sys_io.o
        74          0          0          0          0         80   sys_stackheap_outer.o
        14          0          0          0          0         76   sys_wrch.o
         2          0          0          0          0         68   use_no_semi.o
        52          4          0          0          0         80   vsnprintf.o
         6          0          0          0          0         68   wmemmove.o
      1172         46        620          8          0        996   char.o
      5224        258        683         12       7472       7592   ios.o
      1410         78          5         32          0       1456   locale.o
       470         34          0         12          0        716   messages.o
        36          0          0          0          0        144   rwalloc.o
       184         24          4          8          0        400   rwcats.o
       884         64        772         23         24        980   rwstdexcept.o
       152         94          0          0          0         72   rwthrowproc_impl_noex.o
         0          0          0          4          0          0   rwthrowproc_noex.o
         0          0          0          0         16          0   vendor.o
        28          0          0          0          0         84   ARM_vec_cleanup_noexceptions.o
        14          0          0          0          0         80   aeabi_vec_delete_noexceptions.o
        16          0          0          0          0         68   aeabi_vec_dtor_cookie.o
        34          0          0          0          0         84   aeabi_vec_dtor_noexceptions.o
        20          0          0          0          0         80   aeabi_vec_new_cookie.o
        80         12          0          0          0        104   arm_exceptions_globs.o
        60          0          0          0          0        108   arm_exceptions_mem.o
        26          0          0          0          0         76   arm_exceptions_terminate.o
         4          0          0          0          0         68   arm_newhandler_noexceptions.o
         2          0          0          0          0         68   arm_rethrow_noexceptions.o
         8          0          0          0          0         76   array_del.o
         8          0          0          0          0         76   array_new.o
       146          0          0          0          0         96   array_new_general.o
        16          0          0          0          0         68   cxa_guard_acquire.o
        24          6          0          0          0         84   cxa_vec_new.o
         8          0          0          0          0         76   delete.o
        12          6          0          0          0         68   exception_ctor.o
         0          0         20          0          0          0   exception_dtor.o
        40          6          0          0          0         76   new.o
        98          4          0          0          0        140   d2f.o
        16          4          0          0          0        116   dcheck1.o
        24          0          0          0          0        116   dcmpi.o
       120          4          0          0          0        140   deqf.o
       120          4          0          0          0        140   dleqf.o
       340         12          0          0          0        152   dmul.o
       156          4          0          0          0        140   dnaninf.o
        12          0          0          0          0        116   dretinf.o
       108          0          0          0          0        128   drleqf.o
         0          0          8          0          0          0   fpconst.o
        10          0          0          0          0        116   fpinit.o
        10          0          0          0          0        116   fretinf.o
         4          0          0          0          0        116   printf1.o
         4          0          0          0          0        116   printf2.o
       100          0          0          0          0        116   retnan.o
        92          0          0          0          0        116   scalbn.o
         4          0          0          0          0        116   scanf1.o
         8          0          0          0          0        132   scanf2.o
        48          0          0          0          0        116   trapv.o
         0          0          0          0          0          0   usenofp.o
        64         16          0          0          0        248   dunder.o
        48          0          0          0          0        124   fpclassify.o
       140         22          0          0          0        132   frexp.o
       228          8          0          0          0        308   ldexp.o
       184         18          0          0          0        152   narrow.o

    ----------------------------------------------------------------------
     28322       1300       2694        112       7908      27576   Library Totals
        70          2          3          1          6          0   (incl. Padding)

    ----------------------------------------------------------------------

      Code (inc. data)   RO Data    RW Data    ZI Data      Debug   Library Name

     16236        574        579         12        390      10568   c_w.l
      9532        598       2084         99       7512      12356   cpp_ws.l
       546         30         20          0          0       1440   cpprt_w.l
      1274         32          8          0          0       2248   fz_wm.l
       664         64          0          0          0        964   m_wm.l

    ----------------------------------------------------------------------
     28322       1300       2694        112       7908      27576   Library Totals

    ----------------------------------------------------------------------

==============================================================================


      Code (inc. data)   RO Data    RW Data    ZI Data      Debug   

     29008       1404       3124        116       9444     248778   Grand Totals
     29008       1404       3124        116       9444     248778   ELF Image Totals
     29008       1404       3124        116          0          0   ROM Totals

==============================================================================

    Total RO  Size (Code + RO Data)                32132 (  31.38kB)
    Total RW  Size (RW Data + ZI Data)              9560 (   9.34kB)
    Total ROM Size (Code + RO Data + RW Data)      32248 (  31.49kB)

==============================================================================

