<html>
<body>
<pre>
<h1>µVision Build Log</h1>
<h2>Tool Versions:</h2>
IDE-Version: ¦ÌVision V5.15
Copyright (C) 2015 ARM Ltd and ARM Germany GmbH. All rights reserved.
License Information: cky Microsoft, Microsoft, LIC=MPPPC-7NF9B-45VT5-GD9HJ-QF68I-FPI5F
 
Tool Versions:
Toolchain:       MDK-ARM Standard  Version: 5.15.0
Toolchain Path:  D:\MDK\install\ARM\ARMCC\Bin
C Compiler:      Armcc.exe V5.05 update 2 (build 169)
Assembler:       Armasm.exe V5.05 update 2 (build 169)
Linker/Locator:  ArmLink.exe V5.05 update 2 (build 169)
Library Manager: ArmAr.exe V5.05 update 2 (build 169)
Hex Converter:   FromElf.exe V5.05 update 2 (build 169)
CPU DLL:         SARMCM3.DLL V5.15.0
Dialog DLL:      DCM.DLL V1.13.2.0
Target DLL:      Segger\JL2CM3.dll V2.99.15.0
Dialog DLL:      TCM.DLL V1.14.5.0
 
<h2>Project:</h2>
E:\MyWork\STM32F37x\UARTTest\proj\UART.uvprojx
Project File Date:  09/09/2015

<h2>Output:</h2>
*** Using Compiler 'V5.05 update 2 (build 169)', folder: 'D:\MDK\install\ARM\ARMCC\Bin'
Build target 'Target 1'
compiling main.c...
compiling UART.c...
linking...
Program Size: Code=4240 RO-data=424 RW-data=60 ZI-data=1028  
After Build - User command #1: D:\MDK\install\ARM\ARMCC\bin\fromelf.exe --bin -o .\test.bin .\Objects\UART.axf
".\Objects\UART.axf" - 0 Error(s), 0 Warning(s).

<h2>Collection of Component include folders:</h2>
  E:\MyWork\STM32F37x\UARTTest\proj\RTE
  D:\MDK\install\ARM\PACK\Keil\STM32F3xx_DFP\1.2.0\Device\Include

<h2>Collection of Component Files used:</h2>
</pre>
</body>
</html>
